Archive member included to satisfy reference by file (symbol)

c:/nxp/mcuxpressoide_10.1.1_606/ide/tools/bin/../lib/gcc/arm-none-eabi/6.3.1/../../../../arm-none-eabi/lib/thumb/v7e-m/fpv4-sp/hard\libcr_nohost_nf.a(_cr__main.o)
                              ./startup/startup_mk64f12.o (__main)
c:/nxp/mcuxpressoide_10.1.1_606/ide/tools/bin/../lib/gcc/arm-none-eabi/6.3.1/../../../../arm-none-eabi/lib/thumb/v7e-m/fpv4-sp/hard\libcr_nohost_nf.a(_cr_assert.o)
                              ./utilities/fsl_debug_console.o (__assertion_failed)
c:/nxp/mcuxpressoide_10.1.1_606/ide/tools/bin/../lib/gcc/arm-none-eabi/6.3.1/../../../../arm-none-eabi/lib/thumb/v7e-m/fpv4-sp/hard\libcr_nohost_nf.a(__ciob.o)
                              c:/nxp/mcuxpressoide_10.1.1_606/ide/tools/bin/../lib/gcc/arm-none-eabi/6.3.1/../../../../arm-none-eabi/lib/thumb/v7e-m/fpv4-sp/hard\libcr_nohost_nf.a(_cr_assert.o) (__Ciob)
c:/nxp/mcuxpressoide_10.1.1_606/ide/tools/bin/../lib/gcc/arm-none-eabi/6.3.1/../../../../arm-none-eabi/lib/thumb/v7e-m/fpv4-sp/hard\libcr_nohost_nf.a(__sys_appexit.o)
                              c:/nxp/mcuxpressoide_10.1.1_606/ide/tools/bin/../lib/gcc/arm-none-eabi/6.3.1/../../../../arm-none-eabi/lib/thumb/v7e-m/fpv4-sp/hard\libcr_nohost_nf.a(_cr_assert.o) (__sys_appexit)
c:/nxp/mcuxpressoide_10.1.1_606/ide/tools/bin/../lib/gcc/arm-none-eabi/6.3.1/../../../../arm-none-eabi/lib/thumb/v7e-m/fpv4-sp/hard\libcr_c.a(memcpy.o)
                              ./freertos/source/queue.o (memcpy)
c:/nxp/mcuxpressoide_10.1.1_606/ide/tools/bin/../lib/gcc/arm-none-eabi/6.3.1/../../../../arm-none-eabi/lib/thumb/v7e-m/fpv4-sp/hard\libcr_c.a(memset.o)
                              ./utilities/fsl_debug_console.o (memset)
c:/nxp/mcuxpressoide_10.1.1_606/ide/tools/bin/../lib/gcc/arm-none-eabi/6.3.1/../../../../arm-none-eabi/lib/thumb/v7e-m/fpv4-sp/hard\libcr_c.a(_deferredlazyseek.o)
                              c:/nxp/mcuxpressoide_10.1.1_606/ide/tools/bin/../lib/gcc/arm-none-eabi/6.3.1/../../../../arm-none-eabi/lib/thumb/v7e-m/fpv4-sp/hard\libcr_nohost_nf.a(_cr_assert.o) (__flsbuf)
c:/nxp/mcuxpressoide_10.1.1_606/ide/tools/bin/../lib/gcc/arm-none-eabi/6.3.1/../../../../arm-none-eabi/lib/thumb/v7e-m/fpv4-sp/hard\libcr_c.a(_fflush.o)
                              c:/nxp/mcuxpressoide_10.1.1_606/ide/tools/bin/../lib/gcc/arm-none-eabi/6.3.1/../../../../arm-none-eabi/lib/thumb/v7e-m/fpv4-sp/hard\libcr_c.a(_deferredlazyseek.o) (_fflush)
c:/nxp/mcuxpressoide_10.1.1_606/ide/tools/bin/../lib/gcc/arm-none-eabi/6.3.1/../../../../arm-none-eabi/lib/thumb/v7e-m/fpv4-sp/hard\libcr_c.a(_writebuf.o)
                              c:/nxp/mcuxpressoide_10.1.1_606/ide/tools/bin/../lib/gcc/arm-none-eabi/6.3.1/../../../../arm-none-eabi/lib/thumb/v7e-m/fpv4-sp/hard\libcr_c.a(_deferredlazyseek.o) (_Cwritebuf)
c:/nxp/mcuxpressoide_10.1.1_606/ide/tools/bin/../lib/gcc/arm-none-eabi/6.3.1/../../../../arm-none-eabi/lib/thumb/v7e-m/fpv4-sp/hard\libcr_c.a(alloc.o)
                              c:/nxp/mcuxpressoide_10.1.1_606/ide/tools/bin/../lib/gcc/arm-none-eabi/6.3.1/../../../../arm-none-eabi/lib/thumb/v7e-m/fpv4-sp/hard\libcr_c.a(_deferredlazyseek.o) (_Csys_alloc)
c:/nxp/mcuxpressoide_10.1.1_606/ide/tools/bin/../lib/gcc/arm-none-eabi/6.3.1/../../../../arm-none-eabi/lib/thumb/v7e-m/fpv4-sp/hard\libcr_c.a(fputs.o)
                              c:/nxp/mcuxpressoide_10.1.1_606/ide/tools/bin/../lib/gcc/arm-none-eabi/6.3.1/../../../../arm-none-eabi/lib/thumb/v7e-m/fpv4-sp/hard\libcr_nohost_nf.a(_cr_assert.o) (fputs)
c:/nxp/mcuxpressoide_10.1.1_606/ide/tools/bin/../lib/gcc/arm-none-eabi/6.3.1/../../../../arm-none-eabi/lib/thumb/v7e-m/fpv4-sp/hard\libcr_c.a(fseek.o)
                              c:/nxp/mcuxpressoide_10.1.1_606/ide/tools/bin/../lib/gcc/arm-none-eabi/6.3.1/../../../../arm-none-eabi/lib/thumb/v7e-m/fpv4-sp/hard\libcr_c.a(_deferredlazyseek.o) (fseek)
c:/nxp/mcuxpressoide_10.1.1_606/ide/tools/bin/../lib/gcc/arm-none-eabi/6.3.1/../../../../arm-none-eabi/lib/thumb/v7e-m/fpv4-sp/hard\libcr_c.a(ftell.o)
                              c:/nxp/mcuxpressoide_10.1.1_606/ide/tools/bin/../lib/gcc/arm-none-eabi/6.3.1/../../../../arm-none-eabi/lib/thumb/v7e-m/fpv4-sp/hard\libcr_c.a(fseek.o) (ftell)
c:/nxp/mcuxpressoide_10.1.1_606/ide/tools/bin/../lib/gcc/arm-none-eabi/6.3.1/../../../../arm-none-eabi/lib/thumb/v7e-m/fpv4-sp/hard\libcr_c.a(initio.o)
                              c:/nxp/mcuxpressoide_10.1.1_606/ide/tools/bin/../lib/gcc/arm-none-eabi/6.3.1/../../../../arm-none-eabi/lib/thumb/v7e-m/fpv4-sp/hard\libcr_nohost_nf.a(_cr__main.o) (_initio)
c:/nxp/mcuxpressoide_10.1.1_606/ide/tools/bin/../lib/gcc/arm-none-eabi/6.3.1/../../../../arm-none-eabi/lib/thumb/v7e-m/fpv4-sp/hard\libcr_c.a(setvbuf.o)
                              c:/nxp/mcuxpressoide_10.1.1_606/ide/tools/bin/../lib/gcc/arm-none-eabi/6.3.1/../../../../arm-none-eabi/lib/thumb/v7e-m/fpv4-sp/hard\libcr_c.a(initio.o) (setvbuf)
[...]
Memory Configuration

Name             Origin             Length             Attributes
PROGRAM_FLASH    0x00000000         0x00100000         xr
SRAM_UPPER       0x20000000         0x00030000         xrw
SRAM_LOWER       0x1fff0000         0x00010000         xrw
FLEX_RAM         0x14000000         0x00001000         xrw
*default*        0x00000000         0xffffffff

Linker script and memory map

LOAD ./utilities/fsl_assert.o
LOAD ./utilities/fsl_debug_console.o
LOAD ./utilities/fsl_io.o
LOAD ./utilities/fsl_log.o
LOAD ./utilities/fsl_str.o
LOAD ./startup/startup_mk64f12.o
LOAD ./source/freertos_i2c.o
LOAD ./source/semihost_hardfault.o
LOAD ./freertos/source/croutine.o
LOAD ./freertos/source/event_groups.o
LOAD ./freertos/source/list.o
LOAD ./freertos/source/queue.o
LOAD ./freertos/source/tasks.o
LOAD ./freertos/source/timers.o
LOAD ./freertos/portable/fsl_tickless_systick.o
LOAD ./freertos/portable/heap_4.o
LOAD ./freertos/portable/port.o
LOAD ./drivers/freertos/fsl_i2c_freertos.o
LOAD ./drivers/fsl_clock.o
LOAD ./drivers/fsl_common.o
LOAD ./drivers/fsl_flash.o
LOAD ./drivers/fsl_gpio.o
LOAD ./drivers/fsl_i2c.o
LOAD ./drivers/fsl_smc.o
LOAD ./drivers/fsl_uart.o
LOAD ./board/board.o
LOAD ./board/clock_config.o
LOAD ./board/peripherals.o
LOAD ./board/pin_mux.o
LOAD ./CMSIS/system_MK64F12.o
START GROUP
LOAD c:/nxp/mcuxpressoide_10.1.1_606/ide/tools/bin/../lib/gcc/arm-none-eabi/6.3.1/../../../../arm-none-eabi/lib/thumb/v7e-m/fpv4-sp/hard\libcr_nohost_nf.a
LOAD c:/nxp/mcuxpressoide_10.1.1_606/ide/tools/bin/../lib/gcc/arm-none-eabi/6.3.1/../../../../arm-none-eabi/lib/thumb/v7e-m/fpv4-sp/hard\libcr_c.a
LOAD c:/nxp/mcuxpressoide_10.1.1_606/ide/tools/bin/../lib/gcc/arm-none-eabi/6.3.1/thumb/v7e-m/fpv4-sp/hard\libcr_eabihelpers.a
END GROUP
                0x00000000                __base_PROGRAM_FLASH = 0x0
                0x00000000                __base_Flash = 0x0
                0x00100000                __top_PROGRAM_FLASH = 0x100000
                0x00100000                __top_Flash = 0x100000
                0x20000000                __base_SRAM_UPPER = 0x20000000
                0x20000000                __base_RAM = 0x20000000
                0x20030000                __top_SRAM_UPPER = 0x20030000
                0x20030000                __top_RAM = 0x20030000
                0x1fff0000                __base_SRAM_LOWER = 0x1fff0000
                0x1fff0000                __base_RAM2 = 0x1fff0000
                0x20000000                __top_SRAM_LOWER = 0x20000000
                0x20000000                __top_RAM2 = 0x20000000
                0x14000000                __base_FLEX_RAM = 0x14000000
                0x14000000                __base_RAM3 = 0x14000000
                0x14001000                __top_FLEX_RAM = 0x14001000
                0x14001000                __top_RAM3 = 0x14001000

.text           0x00000000     0x733c
 FILL mask 0xff
                0x00000000                __vectors_start__ = ABSOLUTE (.)
 *(.isr_vector)
 .isr_vector    0x00000000      0x198 ./startup/startup_mk64f12.o
                0x00000000                g_pfnVectors
                0x00000000                __Vectors
                0x00000198                . = ALIGN (0x4)
                0x00000198                __section_table_start = .
                0x00000198                __data_section_table = .
                0x00000198        0x4 LONG 0x733c LOADADDR (.data)
                0x0000019c        0x4 LONG 0x20000000 ADDR (.data)
                0x000001a0        0x4 LONG 0x10 SIZEOF (.data)
                0x000001a4        0x4 LONG 0x733c LOADADDR (.data_RAM2)
                0x000001a8        0x4 LONG 0x1fff0000 ADDR (.data_RAM2)
                0x000001ac        0x4 LONG 0x0 SIZEOF (.data_RAM2)
                0x000001b0        0x4 LONG 0x733c LOADADDR (.data_RAM3)
                0x000001b4        0x4 LONG 0x14000000 ADDR (.data_RAM3)
                0x000001b8        0x4 LONG 0x0 SIZEOF (.data_RAM3)
                0x000001bc                __data_section_table_end = .
                0x000001bc                __bss_section_table = .
                0x000001bc        0x4 LONG 0x20000010 ADDR (.bss)
                0x000001c0        0x4 LONG 0x2ae0 SIZEOF (.bss)
                0x000001c4        0x4 LONG 0x1fff0000 ADDR (.bss_RAM2)
                0x000001c8        0x4 LONG 0x0 SIZEOF (.bss_RAM2)
                0x000001cc        0x4 LONG 0x14000000 ADDR (.bss_RAM3)
                0x000001d0        0x4 LONG 0x0 SIZEOF (.bss_RAM3)
                0x000001d4                __bss_section_table_end = .
                0x000001d4                __section_table_end = .
 *(.after_vectors*)
 .after_vectors.init_data
                0x000001d4       0x1e ./startup/startup_mk64f12.o
                0x000001d4                data_init
 .after_vectors.init_bss
                0x000001f2       0x12 ./startup/startup_mk64f12.o
                0x000001f2                bss_init
 .after_vectors.reset
                0x00000204       0x4c ./startup/startup_mk64f12.o
                0x00000204                ResetISR
 .after_vectors
                0x00000250       0x14 ./startup/startup_mk64f12.o
                0x00000250                NMI_Handler
                0x00000254                MemManage_Handler
                0x00000256                BusFault_Handler
                0x00000258                UsageFault_Handler
                0x0000025c                DebugMon_Handler
                0x00000262                LPTMR0_DriverIRQHandler
                0x00000262                DMA_Error_DriverIRQHandler
                0x00000262                SPI1_DriverIRQHandler
                0x00000262                FTM1_DriverIRQHandler
                0x00000262                FTM2_DriverIRQHandler
                0x00000262                PIT2_DriverIRQHandler
                0x00000262                SDHC_DriverIRQHandler
                0x00000262                I2S0_Tx_DriverIRQHandler
                0x00000262                RTC_Seconds_DriverIRQHandler
                0x00000262                DMA6_DriverIRQHandler
                0x00000262                LLWU_DriverIRQHandler
                0x00000262                MCM_DriverIRQHandler
                0x00000262                MCG_DriverIRQHandler
                0x00000262                ENET_1588_Timer_DriverIRQHandler
                0x00000262                DAC1_DriverIRQHandler
                0x00000262                DMA12_DriverIRQHandler
                0x00000262                CMP1_DriverIRQHandler
                0x00000262                FTM0_DriverIRQHandler
                0x00000262                IntDefaultHandler
                0x00000262                USB0_DriverIRQHandler
                0x00000262                UART5_ERR_DriverIRQHandler
                0x00000262                PORTC_DriverIRQHandler
                0x00000262                DMA11_DriverIRQHandler
                0x00000262                DAC0_DriverIRQHandler
                0x00000262                DMA10_DriverIRQHandler
                0x00000262                CMP2_DriverIRQHandler
                0x00000262                UART2_ERR_DriverIRQHandler
                0x00000262                SPI2_DriverIRQHandler
                0x00000262                LVD_LVW_DriverIRQHandler
                0x00000262                PIT0_DriverIRQHandler
                0x00000262                PORTB_DriverIRQHandler
                0x00000262                DMA5_DriverIRQHandler
                0x00000262                DMA4_DriverIRQHandler
                0x00000262                USBDCD_DriverIRQHandler
                0x00000262                UART3_ERR_DriverIRQHandler
                0x00000262                DMA3_DriverIRQHandler
                0x00000262                DMA8_DriverIRQHandler
                0x00000262                DMA9_DriverIRQHandler
                0x00000262                UART0_ERR_DriverIRQHandler
                0x00000262                CMT_DriverIRQHandler
                0x00000262                Reserved71_DriverIRQHandler
                0x00000262                ADC1_DriverIRQHandler
                0x00000262                PORTA_DriverIRQHandler
                0x00000262                DMA14_DriverIRQHandler
                0x00000262                PIT3_DriverIRQHandler
                0x00000262                PIT1_DriverIRQHandler
                0x00000262                WDOG_EWM_DriverIRQHandler
                0x00000262                PDB0_DriverIRQHandler
                0x00000262                RTC_DriverIRQHandler
                0x00000262                I2S0_Rx_DriverIRQHandler
                0x00000262                Read_Collision_DriverIRQHandler
                0x00000262                SWI_DriverIRQHandler
                0x00000262                UART4_ERR_DriverIRQHandler
                0x00000262                DMA0_DriverIRQHandler
                0x00000262                UART0_LON_DriverIRQHandler
                0x00000262                DMA1_DriverIRQHandler
                0x00000262                ENET_Receive_DriverIRQHandler
                0x00000262                DMA13_DriverIRQHandler
                0x00000262                ENET_Error_DriverIRQHandler
                0x00000262                DMA15_DriverIRQHandler
                0x00000262                SPI0_DriverIRQHandler
                0x00000262                ADC0_DriverIRQHandler
                0x00000262                CMP0_DriverIRQHandler
                0x00000262                CAN0_DriverIRQHandler
                0x00000262                FTM3_DriverIRQHandler
                0x00000262                RNG_DriverIRQHandler
                0x00000262                UART1_ERR_DriverIRQHandler
                0x00000262                DMA2_DriverIRQHandler
                0x00000262                ENET_Transmit_DriverIRQHandler
                0x00000262                PORTD_DriverIRQHandler
                0x00000262                PORTE_DriverIRQHandler
                0x00000262                FTFE_DriverIRQHandler
                0x00000262                DMA7_DriverIRQHandler
                0x00000400                . = 0x400
 *fill*         0x00000264      0x19c ff
                0x00000400                PROVIDE (__FLASH_CONFIG_START__, .)
 *(.FlashConfig)
 .FlashConfig   0x00000400       0x10 ./startup/startup_mk64f12.o
                0x00000400                Flash_Config
                0x00000410                PROVIDE (__FLASH_CONFIG_END__, .)
                0x00000001                ASSERT (! ((__FLASH_CONFIG_START__ == __FLASH_CONFIG_END__)), Linker Flash Config Support Enabled, but no .FlashConfig section provided within application)
 *(.text*)
 .text.DbgConsole_Init
                0x00000410       0x38 ./utilities/fsl_debug_console.o
                0x00000410                DbgConsole_Init
 .text.DbgConsole_Printf
                0x00000448       0x64 ./utilities/fsl_debug_console.o
                0x00000448                DbgConsole_Printf
 .text.DbgConsole_RelocateLog
                0x000004ac       0x64 ./utilities/fsl_debug_console.o
 .text.UART_EnableTx
                0x00000510       0x40 ./utilities/fsl_io.o
 .text.UART_EnableRx
                0x00000550       0x40 ./utilities/fsl_io.o
 .text.IO_Init  0x00000590       0x80 ./utilities/fsl_io.o
                0x00000590                IO_Init
 .text.IO_Transfer
                0x00000610       0x5c ./utilities/fsl_io.o
                0x00000610                IO_Transfer
 .text.LOG_Init
                0x0000066c       0x30 ./utilities/fsl_log.o
                0x0000066c                LOG_Init
 .text.LOG_Push
                0x0000069c       0x2c ./utilities/fsl_log.o
                0x0000069c                LOG_Push
 .text.LOG_Pop  0x000006c8       0x42 ./utilities/fsl_log.o
                0x000006c8                LOG_Pop
 .text.ConvertRadixNumToString
                0x0000070a      0x114 ./utilities/fsl_str.o
 *fill*         0x0000081e        0x2 ff
 .text.StrFormatPrintf
                0x00000820      0x35c ./utilities/fsl_str.o
                0x00000820                StrFormatPrintf
 .text.DMA0_IRQHandler
                0x00000b7c        0x8 ./startup/startup_mk64f12.o
                0x00000b7c                DMA0_IRQHandler
 .text.DMA1_IRQHandler
                0x00000b84        0x8 ./startup/startup_mk64f12.o
                0x00000b84                DMA1_IRQHandler
 .text.DMA2_IRQHandler
                0x00000b8c        0x8 ./startup/startup_mk64f12.o
                0x00000b8c                DMA2_IRQHandler
 .text.DMA3_IRQHandler
                0x00000b94        0x8 ./startup/startup_mk64f12.o
                0x00000b94                DMA3_IRQHandler
 .text.DMA4_IRQHandler
                0x00000b9c        0x8 ./startup/startup_mk64f12.o
                0x00000b9c                DMA4_IRQHandler
 .text.DMA5_IRQHandler
                0x00000ba4        0x8 ./startup/startup_mk64f12.o
                0x00000ba4                DMA5_IRQHandler
 .text.DMA6_IRQHandler
                0x00000bac        0x8 ./startup/startup_mk64f12.o
                0x00000bac                DMA6_IRQHandler
 .text.DMA7_IRQHandler
                0x00000bb4        0x8 ./startup/startup_mk64f12.o
                0x00000bb4                DMA7_IRQHandler
 .text.DMA8_IRQHandler
                0x00000bbc        0x8 ./startup/startup_mk64f12.o
                0x00000bbc                DMA8_IRQHandler
 .text.DMA9_IRQHandler
                0x00000bc4        0x8 ./startup/startup_mk64f12.o
                0x00000bc4                DMA9_IRQHandler
 .text.DMA10_IRQHandler
                0x00000bcc        0x8 ./startup/startup_mk64f12.o
                0x00000bcc                DMA10_IRQHandler
 .text.DMA11_IRQHandler
                0x00000bd4        0x8 ./startup/startup_mk64f12.o
                0x00000bd4                DMA11_IRQHandler
 .text.DMA12_IRQHandler
                0x00000bdc        0x8 ./startup/startup_mk64f12.o
                0x00000bdc                DMA12_IRQHandler
 .text.DMA13_IRQHandler
                0x00000be4        0x8 ./startup/startup_mk64f12.o
                0x00000be4                DMA13_IRQHandler
 .text.DMA14_IRQHandler
                0x00000bec        0x8 ./startup/startup_mk64f12.o
                0x00000bec                DMA14_IRQHandler
 .text.DMA15_IRQHandler
                0x00000bf4        0x8 ./startup/startup_mk64f12.o
                0x00000bf4                DMA15_IRQHandler
 .text.DMA_Error_IRQHandler
                0x00000bfc        0x8 ./startup/startup_mk64f12.o
                0x00000bfc                DMA_Error_IRQHandler
 .text.MCM_IRQHandler
                0x00000c04        0x8 ./startup/startup_mk64f12.o
                0x00000c04                MCM_IRQHandler
 .text.FTFE_IRQHandler
                0x00000c0c        0x8 ./startup/startup_mk64f12.o
                0x00000c0c                FTFE_IRQHandler
 .text.Read_Collision_IRQHandler
                0x00000c14        0x8 ./startup/startup_mk64f12.o
                0x00000c14                Read_Collision_IRQHandler
 .text.LVD_LVW_IRQHandler
                0x00000c1c        0x8 ./startup/startup_mk64f12.o
                0x00000c1c                LVD_LVW_IRQHandler
 .text.LLWU_IRQHandler
                0x00000c24        0x8 ./startup/startup_mk64f12.o
                0x00000c24                LLWU_IRQHandler
 .text.WDOG_EWM_IRQHandler
                0x00000c2c        0x8 ./startup/startup_mk64f12.o
                0x00000c2c                WDOG_EWM_IRQHandler
 .text.RNG_IRQHandler
                0x00000c34        0x8 ./startup/startup_mk64f12.o
                0x00000c34                RNG_IRQHandler
 .text.I2C0_IRQHandler
                0x00000c3c        0x8 ./startup/startup_mk64f12.o
                0x00000c3c                I2C0_IRQHandler
 .text.I2C1_IRQHandler
                0x00000c44        0x8 ./startup/startup_mk64f12.o
                0x00000c44                I2C1_IRQHandler
 .text.SPI0_IRQHandler
                0x00000c4c        0x8 ./startup/startup_mk64f12.o
                0x00000c4c                SPI0_IRQHandler
 .text.SPI1_IRQHandler
                0x00000c54        0x8 ./startup/startup_mk64f12.o
                0x00000c54                SPI1_IRQHandler
 .text.I2S0_Tx_IRQHandler
                0x00000c5c        0x8 ./startup/startup_mk64f12.o
                0x00000c5c                I2S0_Tx_IRQHandler
 .text.I2S0_Rx_IRQHandler
                0x00000c64        0x8 ./startup/startup_mk64f12.o
                0x00000c64                I2S0_Rx_IRQHandler
 .text.UART0_LON_IRQHandler
                0x00000c6c        0x8 ./startup/startup_mk64f12.o
                0x00000c6c                UART0_LON_IRQHandler
 .text.UART0_RX_TX_IRQHandler
                0x00000c74        0x8 ./startup/startup_mk64f12.o
                0x00000c74                UART0_RX_TX_IRQHandler
 .text.UART0_ERR_IRQHandler
                0x00000c7c        0x8 ./startup/startup_mk64f12.o
                0x00000c7c                UART0_ERR_IRQHandler
 .text.UART1_RX_TX_IRQHandler
                0x00000c84        0x8 ./startup/startup_mk64f12.o
                0x00000c84                UART1_RX_TX_IRQHandler
 .text.UART1_ERR_IRQHandler
                0x00000c8c        0x8 ./startup/startup_mk64f12.o
                0x00000c8c                UART1_ERR_IRQHandler
 .text.UART2_RX_TX_IRQHandler
                0x00000c94        0x8 ./startup/startup_mk64f12.o
                0x00000c94                UART2_RX_TX_IRQHandler
 .text.UART2_ERR_IRQHandler
                0x00000c9c        0x8 ./startup/startup_mk64f12.o
                0x00000c9c                UART2_ERR_IRQHandler
 .text.UART3_RX_TX_IRQHandler
                0x00000ca4        0x8 ./startup/startup_mk64f12.o
                0x00000ca4                UART3_RX_TX_IRQHandler
 .text.UART3_ERR_IRQHandler
                0x00000cac        0x8 ./startup/startup_mk64f12.o
                0x00000cac                UART3_ERR_IRQHandler
 .text.ADC0_IRQHandler
                0x00000cb4        0x8 ./startup/startup_mk64f12.o
                0x00000cb4                ADC0_IRQHandler
 .text.CMP0_IRQHandler
                0x00000cbc        0x8 ./startup/startup_mk64f12.o
                0x00000cbc                CMP0_IRQHandler
 .text.CMP1_IRQHandler
                0x00000cc4        0x8 ./startup/startup_mk64f12.o
                0x00000cc4                CMP1_IRQHandler
 .text.FTM0_IRQHandler
                0x00000ccc        0x8 ./startup/startup_mk64f12.o
                0x00000ccc                FTM0_IRQHandler
 .text.FTM1_IRQHandler
                0x00000cd4        0x8 ./startup/startup_mk64f12.o
                0x00000cd4                FTM1_IRQHandler
 .text.FTM2_IRQHandler
                0x00000cdc        0x8 ./startup/startup_mk64f12.o
                0x00000cdc                FTM2_IRQHandler
 .text.CMT_IRQHandler
                0x00000ce4        0x8 ./startup/startup_mk64f12.o
                0x00000ce4                CMT_IRQHandler
 .text.RTC_IRQHandler
                0x00000cec        0x8 ./startup/startup_mk64f12.o
                0x00000cec                RTC_IRQHandler
 .text.RTC_Seconds_IRQHandler
                0x00000cf4        0x8 ./startup/startup_mk64f12.o
                0x00000cf4                RTC_Seconds_IRQHandler
 .text.PIT0_IRQHandler
                0x00000cfc        0x8 ./startup/startup_mk64f12.o
                0x00000cfc                PIT0_IRQHandler
 .text.PIT1_IRQHandler
                0x00000d04        0x8 ./startup/startup_mk64f12.o
                0x00000d04                PIT1_IRQHandler
 .text.PIT2_IRQHandler
                0x00000d0c        0x8 ./startup/startup_mk64f12.o
                0x00000d0c                PIT2_IRQHandler
 .text.PIT3_IRQHandler
                0x00000d14        0x8 ./startup/startup_mk64f12.o
                0x00000d14                PIT3_IRQHandler
 .text.PDB0_IRQHandler
                0x00000d1c        0x8 ./startup/startup_mk64f12.o
                0x00000d1c                PDB0_IRQHandler
 .text.USB0_IRQHandler
                0x00000d24        0x8 ./startup/startup_mk64f12.o
                0x00000d24                USB0_IRQHandler
 .text.USBDCD_IRQHandler
                0x00000d2c        0x8 ./startup/startup_mk64f12.o
                0x00000d2c                USBDCD_IRQHandler
 .text.Reserved71_IRQHandler
                0x00000d34        0x8 ./startup/startup_mk64f12.o
                0x00000d34                Reserved71_IRQHandler
 .text.DAC0_IRQHandler
                0x00000d3c        0x8 ./startup/startup_mk64f12.o
                0x00000d3c                DAC0_IRQHandler
 .text.MCG_IRQHandler
                0x00000d44        0x8 ./startup/startup_mk64f12.o
                0x00000d44                MCG_IRQHandler
 .text.LPTMR0_IRQHandler
                0x00000d4c        0x8 ./startup/startup_mk64f12.o
                0x00000d4c                LPTMR0_IRQHandler
 .text.PORTA_IRQHandler
                0x00000d54        0x8 ./startup/startup_mk64f12.o
                0x00000d54                PORTA_IRQHandler
 .text.PORTB_IRQHandler
                0x00000d5c        0x8 ./startup/startup_mk64f12.o
                0x00000d5c                PORTB_IRQHandler
 .text.PORTC_IRQHandler
                0x00000d64        0x8 ./startup/startup_mk64f12.o
                0x00000d64                PORTC_IRQHandler
 .text.PORTD_IRQHandler
                0x00000d6c        0x8 ./startup/startup_mk64f12.o
                0x00000d6c                PORTD_IRQHandler
 .text.PORTE_IRQHandler
                0x00000d74        0x8 ./startup/startup_mk64f12.o
                0x00000d74                PORTE_IRQHandler
 .text.SWI_IRQHandler
                0x00000d7c        0x8 ./startup/startup_mk64f12.o
                0x00000d7c                SWI_IRQHandler
 .text.SPI2_IRQHandler
                0x00000d84        0x8 ./startup/startup_mk64f12.o
                0x00000d84                SPI2_IRQHandler
 .text.UART4_RX_TX_IRQHandler
                0x00000d8c        0x8 ./startup/startup_mk64f12.o
                0x00000d8c                UART4_RX_TX_IRQHandler
 .text.UART4_ERR_IRQHandler
                0x00000d94        0x8 ./startup/startup_mk64f12.o
                0x00000d94                UART4_ERR_IRQHandler
 .text.UART5_RX_TX_IRQHandler
                0x00000d9c        0x8 ./startup/startup_mk64f12.o
                0x00000d9c                UART5_RX_TX_IRQHandler
 .text.UART5_ERR_IRQHandler
                0x00000da4        0x8 ./startup/startup_mk64f12.o
                0x00000da4                UART5_ERR_IRQHandler
 .text.CMP2_IRQHandler
                0x00000dac        0x8 ./startup/startup_mk64f12.o
                0x00000dac                CMP2_IRQHandler
 .text.FTM3_IRQHandler
                0x00000db4        0x8 ./startup/startup_mk64f12.o
                0x00000db4                FTM3_IRQHandler
 .text.DAC1_IRQHandler
                0x00000dbc        0x8 ./startup/startup_mk64f12.o
                0x00000dbc                DAC1_IRQHandler
 .text.ADC1_IRQHandler
                0x00000dc4        0x8 ./startup/startup_mk64f12.o
                0x00000dc4                ADC1_IRQHandler
 .text.I2C2_IRQHandler
                0x00000dcc        0x8 ./startup/startup_mk64f12.o
                0x00000dcc                I2C2_IRQHandler
 .text.CAN0_ORed_Message_buffer_IRQHandler
                0x00000dd4        0x8 ./startup/startup_mk64f12.o
                0x00000dd4                CAN0_ORed_Message_buffer_IRQHandler
 .text.CAN0_Bus_Off_IRQHandler
                0x00000ddc        0x8 ./startup/startup_mk64f12.o
                0x00000ddc                CAN0_Bus_Off_IRQHandler
 .text.CAN0_Error_IRQHandler
                0x00000de4        0x8 ./startup/startup_mk64f12.o
                0x00000de4                CAN0_Error_IRQHandler
 .text.CAN0_Tx_Warning_IRQHandler
                0x00000dec        0x8 ./startup/startup_mk64f12.o
                0x00000dec                CAN0_Tx_Warning_IRQHandler
 .text.CAN0_Rx_Warning_IRQHandler
                0x00000df4        0x8 ./startup/startup_mk64f12.o
                0x00000df4                CAN0_Rx_Warning_IRQHandler
 .text.CAN0_Wake_Up_IRQHandler
                0x00000dfc        0x8 ./startup/startup_mk64f12.o
                0x00000dfc                CAN0_Wake_Up_IRQHandler
 .text.SDHC_IRQHandler
                0x00000e04        0x8 ./startup/startup_mk64f12.o
                0x00000e04                SDHC_IRQHandler
 .text.ENET_1588_Timer_IRQHandler
                0x00000e0c        0x8 ./startup/startup_mk64f12.o
                0x00000e0c                ENET_1588_Timer_IRQHandler
 .text.ENET_Transmit_IRQHandler
                0x00000e14        0x8 ./startup/startup_mk64f12.o
                0x00000e14                ENET_Transmit_IRQHandler
 .text.ENET_Receive_IRQHandler
                0x00000e1c        0x8 ./startup/startup_mk64f12.o
                0x00000e1c                ENET_Receive_IRQHandler
 .text.ENET_Error_IRQHandler
                0x00000e24        0x8 ./startup/startup_mk64f12.o
                0x00000e24                ENET_Error_IRQHandler
 .text.delay    0x00000e2c       0x3a ./source/freertos_i2c.o
                0x00000e2c                delay
 *fill*         0x00000e66        0x2 ff
 .text.__NVIC_EnableIRQ
                0x00000e68       0x3c ./source/freertos_i2c.o
 .text.__NVIC_SetPriority
                0x00000ea4       0x54 ./source/freertos_i2c.o
 .text.CLOCK_EnableClock
                0x00000ef8       0x36 ./source/freertos_i2c.o
 *fill*         0x00000f2e        0x2 ff
 .text.PORT_SetPinConfig
                0x00000f30       0x38 ./source/freertos_i2c.o
 .text.i2c_master_callback
                0x00000f68       0x50 ./source/freertos_i2c.o
 .text.i2c_master_callback_2
                0x00000fb8       0x50 ./source/freertos_i2c.o
 .text.init_i2c
                0x00001008       0xd0 ./source/freertos_i2c.o
                0x00001008                init_i2c
 .text.ST_RTC   0x000010d8       0xb4 ./source/freertos_i2c.o
                0x000010d8                ST_RTC
 .text.Read_RTC
                0x0000118c       0xf8 ./source/freertos_i2c.o
                0x0000118c                Read_RTC
 .text.main     0x00001284       0xa4 ./source/freertos_i2c.o
                0x00001284                main
 .text.HardFault_Handler
                0x00001328       0x2a ./source/semihost_hardfault.o
                0x00001328                HardFault_Handler
 .text.xEventGroupCreate
                0x00001352       0x2e ./freertos/source/event_groups.o
                0x00001352                xEventGroupCreate
 .text.xEventGroupWaitBits
                0x00001380      0x190 ./freertos/source/event_groups.o
                0x00001380                xEventGroupWaitBits
 .text.xEventGroupSetBits
                0x00001510      0x112 ./freertos/source/event_groups.o
                0x00001510                xEventGroupSetBits
 .text.vEventGroupSetBitsCallback
                0x00001622       0x1a ./freertos/source/event_groups.o
                0x00001622                vEventGroupSetBitsCallback
 .text.prvTestWaitCondition
                0x0000163c       0x44 ./freertos/source/event_groups.o
 .text.xEventGroupSetBitsFromISR
                0x00001680       0x28 ./freertos/source/event_groups.o
                0x00001680                xEventGroupSetBitsFromISR
 .text.vListInitialise
                0x000016a8       0x40 ./freertos/source/list.o
                0x000016a8                vListInitialise
 .text.vListInitialiseItem
                0x000016e8       0x1a ./freertos/source/list.o
                0x000016e8                vListInitialiseItem
 .text.vListInsertEnd
                0x00001702       0x48 ./freertos/source/list.o
                0x00001702                vListInsertEnd
 .text.vListInsert
                0x0000174a       0x72 ./freertos/source/list.o
                0x0000174a                vListInsert
 .text.uxListRemove
                0x000017bc       0x54 ./freertos/source/list.o
                0x000017bc                uxListRemove
 .text.xQueueGenericReset
                0x00001810       0xd0 ./freertos/source/queue.o
                0x00001810                xQueueGenericReset
 .text.xQueueGenericCreate
                0x000018e0       0x72 ./freertos/source/queue.o
                0x000018e0                xQueueGenericCreate
 .text.prvInitialiseNewQueue
                0x00001952       0x46 ./freertos/source/queue.o
 .text.prvInitialiseMutex
                0x00001998       0x34 ./freertos/source/queue.o
 .text.xQueueCreateMutex
                0x000019cc       0x30 ./freertos/source/queue.o
                0x000019cc                xQueueCreateMutex
 .text.xQueueGenericSend
                0x000019fc      0x1f4 ./freertos/source/queue.o
                0x000019fc                xQueueGenericSend
 .text.xQueueGenericSendFromISR
                0x00001bf0      0x128 ./freertos/source/queue.o
                0x00001bf0                xQueueGenericSendFromISR
 .text.xQueueGenericReceive
                0x00001d18      0x224 ./freertos/source/queue.o
                0x00001d18                xQueueGenericReceive
 .text.prvCopyDataToQueue
                0x00001f3c       0xd4 ./freertos/source/queue.o
 .text.prvCopyDataFromQueue
                0x00002010       0x4c ./freertos/source/queue.o
 .text.prvUnlockQueue
                0x0000205c       0xa4 ./freertos/source/queue.o
 .text.prvIsQueueEmpty
                0x00002100       0x2c ./freertos/source/queue.o
 .text.prvIsQueueFull
                0x0000212c       0x30 ./freertos/source/queue.o
 .text.vQueueAddToRegistry
                0x0000215c       0x50 ./freertos/source/queue.o
                0x0000215c                vQueueAddToRegistry
 .text.vQueueWaitForMessageRestricted
                0x000021ac       0x68 ./freertos/source/queue.o
                0x000021ac                vQueueWaitForMessageRestricted
 .text.xTaskCreate
                0x00002214       0x82 ./freertos/source/tasks.o
                0x00002214                xTaskCreate
 .text.prvInitialiseNewTask
                0x00002296      0x132 ./freertos/source/tasks.o
 .text.prvAddNewTaskToReadyList
                0x000023c8       0xdc ./freertos/source/tasks.o
 .text.vTaskDelete
                0x000024a4      0x11c ./freertos/source/tasks.o
                0x000024a4                vTaskDelete
 .text.vTaskStartScheduler
                0x000025c0       0x98 ./freertos/source/tasks.o
                0x000025c0                vTaskStartScheduler
 .text.vTaskSuspendAll
                0x00002658       0x1c ./freertos/source/tasks.o
                0x00002658                vTaskSuspendAll
 .text.xTaskResumeAll
                0x00002674      0x138 ./freertos/source/tasks.o
                0x00002674                xTaskResumeAll
 .text.xTaskGetTickCount
                0x000027ac       0x20 ./freertos/source/tasks.o
                0x000027ac                xTaskGetTickCount
 .text.xTaskIncrementTick
                0x000027cc      0x158 ./freertos/source/tasks.o
                0x000027cc                xTaskIncrementTick
 .text.vTaskSwitchContext
                0x00002924       0xb4 ./freertos/source/tasks.o
                0x00002924                vTaskSwitchContext
 .text.vTaskPlaceOnEventList
                0x000029d8       0x48 ./freertos/source/tasks.o
                0x000029d8                vTaskPlaceOnEventList
 .text.vTaskPlaceOnUnorderedEventList
                0x00002a20       0x74 ./freertos/source/tasks.o
                0x00002a20                vTaskPlaceOnUnorderedEventList
 .text.vTaskPlaceOnEventListRestricted
                0x00002a94       0x54 ./freertos/source/tasks.o
                0x00002a94                vTaskPlaceOnEventListRestricted
 .text.xTaskRemoveFromEventList
                0x00002ae8       0xc4 ./freertos/source/tasks.o
                0x00002ae8                xTaskRemoveFromEventList
 .text.xTaskRemoveFromUnorderedEventList
                0x00002bac       0xcc ./freertos/source/tasks.o
                0x00002bac                xTaskRemoveFromUnorderedEventList
 .text.vTaskSetTimeOutState
                0x00002c78       0x48 ./freertos/source/tasks.o
                0x00002c78                vTaskSetTimeOutState
 .text.xTaskCheckForTimeOut
                0x00002cc0       0xbc ./freertos/source/tasks.o
                0x00002cc0                xTaskCheckForTimeOut
 .text.vTaskMissedYield
                0x00002d7c       0x18 ./freertos/source/tasks.o
                0x00002d7c                vTaskMissedYield
 .text.prvIdleTask
                0x00002d94       0x30 ./freertos/source/tasks.o
 .text.prvInitialiseTaskLists
                0x00002dc4       0x80 ./freertos/source/tasks.o
 .text.prvCheckTasksWaitingTermination
                0x00002e44       0x78 ./freertos/source/tasks.o
 .text.prvDeleteTCB
                0x00002ebc       0x20 ./freertos/source/tasks.o
 .text.prvResetNextTaskUnblockTime
                0x00002edc       0x4c ./freertos/source/tasks.o
 .text.xTaskGetCurrentTaskHandle
                0x00002f28       0x20 ./freertos/source/tasks.o
                0x00002f28                xTaskGetCurrentTaskHandle
 .text.xTaskGetSchedulerState
                0x00002f48       0x3c ./freertos/source/tasks.o
                0x00002f48                xTaskGetSchedulerState
 .text.vTaskPriorityInherit
                0x00002f84       0xec ./freertos/source/tasks.o
                0x00002f84                vTaskPriorityInherit
 .text.xTaskPriorityDisinherit
                0x00003070      0x108 ./freertos/source/tasks.o
                0x00003070                xTaskPriorityDisinherit
 .text.uxTaskResetEventItemValue
                0x00003178       0x30 ./freertos/source/tasks.o
                0x00003178                uxTaskResetEventItemValue
 .text.pvTaskIncrementMutexHeldCount
                0x000031a8       0x28 ./freertos/source/tasks.o
                0x000031a8                pvTaskIncrementMutexHeldCount
 .text.prvAddCurrentTaskToDelayedList
                0x000031d0       0xcc ./freertos/source/tasks.o
 .text.xTimerCreateTimerTask
                0x0000329c       0x64 ./freertos/source/timers.o
                0x0000329c                xTimerCreateTimerTask
 .text.xTimerGenericCommand
                0x00003300       0x98 ./freertos/source/timers.o
                0x00003300                xTimerGenericCommand
 .text.prvProcessExpiredTimer
                0x00003398       0x80 ./freertos/source/timers.o
 .text.prvTimerTask
                0x00003418       0x24 ./freertos/source/timers.o
 .text.prvProcessTimerOrBlockTask
                0x0000343c       0x9c ./freertos/source/timers.o
 .text.prvGetNextExpireTime
                0x000034d8       0x48 ./freertos/source/timers.o
 .text.prvSampleTimeNow
                0x00003520       0x40 ./freertos/source/timers.o
 .text.prvInsertTimerInActiveList
                0x00003560       0x84 ./freertos/source/timers.o
 .text.prvProcessReceivedCommands
                0x000035e4      0x154 ./freertos/source/timers.o
 .text.prvSwitchTimerLists
                0x00003738       0xc0 ./freertos/source/timers.o
 .text.prvCheckForValidListAndQueue
                0x000037f8       0x6c ./freertos/source/timers.o
 .text.xTimerPendFunctionCallFromISR
                0x00003864       0x40 ./freertos/source/timers.o
                0x00003864                xTimerPendFunctionCallFromISR
 .text.vPortSetupTimerInterrupt
                0x000038a4       0x40 ./freertos/portable/fsl_tickless_systick.o
                0x000038a4                vPortSetupTimerInterrupt
 .text.pvPortMalloc
                0x000038e4      0x184 ./freertos/portable/heap_4.o
                0x000038e4                pvPortMalloc
 .text.vPortFree
                0x00003a68       0xb0 ./freertos/portable/heap_4.o
                0x00003a68                vPortFree
 .text.prvHeapInit
                0x00003b18       0xc4 ./freertos/portable/heap_4.o
 .text.prvInsertBlockIntoFreeList
                0x00003bdc       0xb4 ./freertos/portable/heap_4.o
 .text.pxPortInitialiseStack
                0x00003c90       0x68 ./freertos/portable/port.o
                0x00003c90                pxPortInitialiseStack
 .text.prvTaskExitError
                0x00003cf8       0x3c ./freertos/portable/port.o
 *fill*         0x00003d34        0xc ff
 .text.SVC_Handler
                0x00003d40       0x28 ./freertos/portable/port.o
                0x00003d40                SVC_Handler
 .text.prvPortStartFirstTask
                0x00003d68       0x20 ./freertos/portable/port.o
 .text.xPortStartScheduler
                0x00003d88      0x118 ./freertos/portable/port.o
                0x00003d88                xPortStartScheduler
 .text.vPortEnterCritical
                0x00003ea0       0x5c ./freertos/portable/port.o
                0x00003ea0                vPortEnterCritical
 .text.vPortExitCritical
                0x00003efc       0x50 ./freertos/portable/port.o
                0x00003efc                vPortExitCritical
 *fill*         0x00003f4c        0x4 ff
 .text.PendSV_Handler
                0x00003f50       0x68 ./freertos/portable/port.o
                0x00003f50                PendSV_Handler
 .text.SysTick_Handler
                0x00003fb8       0x40 ./freertos/portable/port.o
                0x00003fb8                SysTick_Handler
 .text.vPortEnableVFP
                0x00003ff8       0x14 ./freertos/portable/port.o
 .text.vPortValidateInterruptPriority
                0x0000400c       0x7c ./freertos/portable/port.o
                0x0000400c                vPortValidateInterruptPriority
 .text.CLOCK_SetEr32kClock
                0x00004088       0x30 ./drivers/fsl_clock.o
 .text.CLOCK_SetPllFllSelClock
                0x000040b8       0x3c ./drivers/fsl_clock.o
 .text.OSC_SetExtRefClkConfig
                0x000040f4       0x34 ./drivers/fsl_clock.o
 .text.OSC_SetCapLoad
                0x00004128       0x34 ./drivers/fsl_clock.o
 .text.CLOCK_GetMcgExtClkFreq
                0x0000415c       0x78 ./drivers/fsl_clock.o
 .text.CLOCK_GetFllExtRefClkFreq
                0x000041d4       0xcc ./drivers/fsl_clock.o
 .text.CLOCK_GetInternalRefClkSelectFreq
                0x000042a0       0x44 ./drivers/fsl_clock.o
 .text.CLOCK_GetFllRefClkFreq
                0x000042e4       0x2c ./drivers/fsl_clock.o
 .text.CLOCK_GetPll0RefFreq
                0x00004310        0xe ./drivers/fsl_clock.o
 *fill*         0x0000431e        0x2 ff
 .text.CLOCK_GetOscRangeFromFreq
                0x00004320       0x3c ./drivers/fsl_clock.o
 .text.CLOCK_GetOsc0ErClkFreq
                0x0000435c       0x38 ./drivers/fsl_clock.o
                0x0000435c                CLOCK_GetOsc0ErClkFreq
 .text.CLOCK_GetEr32kClkFreq
                0x00004394       0x70 ./drivers/fsl_clock.o
                0x00004394                CLOCK_GetEr32kClkFreq
 .text.CLOCK_GetPllFllSelClkFreq
                0x00004404       0x54 ./drivers/fsl_clock.o
                0x00004404                CLOCK_GetPllFllSelClkFreq
 .text.CLOCK_GetCoreSysClkFreq
                0x00004458       0x28 ./drivers/fsl_clock.o
                0x00004458                CLOCK_GetCoreSysClkFreq
 .text.CLOCK_GetFreq
                0x00004480      0x148 ./drivers/fsl_clock.o
                0x00004480                CLOCK_GetFreq
 .text.CLOCK_SetSimConfig
                0x000045c8       0x38 ./drivers/fsl_clock.o
                0x000045c8                CLOCK_SetSimConfig
 .text.CLOCK_GetOutClkFreq
                0x00004600       0x64 ./drivers/fsl_clock.o
                0x00004600                CLOCK_GetOutClkFreq
 .text.CLOCK_GetFllFreq
                0x00004664       0x7c ./drivers/fsl_clock.o
                0x00004664                CLOCK_GetFllFreq
 .text.CLOCK_GetInternalRefClkFreq
                0x000046e0       0x24 ./drivers/fsl_clock.o
                0x000046e0                CLOCK_GetInternalRefClkFreq
 .text.CLOCK_GetFixedFreqClkFreq
                0x00004704       0x2e ./drivers/fsl_clock.o
                0x00004704                CLOCK_GetFixedFreqClkFreq
 *fill*         0x00004732        0x2 ff
 .text.CLOCK_GetPll0Freq
                0x00004734       0x68 ./drivers/fsl_clock.o
                0x00004734                CLOCK_GetPll0Freq
 .text.CLOCK_SetExternalRefClkConfig
                0x0000479c       0x6c ./drivers/fsl_clock.o
                0x0000479c                CLOCK_SetExternalRefClkConfig
 .text.CLOCK_SetInternalRefClkConfig
                0x00004808      0x104 ./drivers/fsl_clock.o
                0x00004808                CLOCK_SetInternalRefClkConfig
 .text.CLOCK_EnablePll0
                0x0000490c       0x84 ./drivers/fsl_clock.o
                0x0000490c                CLOCK_EnablePll0
 .text.CLOCK_InitOsc0
                0x00004990       0x8c ./drivers/fsl_clock.o
                0x00004990                CLOCK_InitOsc0
 .text.CLOCK_SetPbeMode
                0x00004a1c       0xa8 ./drivers/fsl_clock.o
                0x00004a1c                CLOCK_SetPbeMode
 .text.CLOCK_BootToPeeMode
                0x00004ac4       0x64 ./drivers/fsl_clock.o
                0x00004ac4                CLOCK_BootToPeeMode
 .text.__NVIC_EnableIRQ
                0x00004b28       0x3c ./drivers/fsl_i2c.o
 .text.CLOCK_EnableClock
                0x00004b64       0x36 ./drivers/fsl_i2c.o
 .text.EnableIRQ
                0x00004b9a       0x2c ./drivers/fsl_i2c.o
 .text.I2C_MasterClearStatusFlags
                0x00004bc6       0x5a ./drivers/fsl_i2c.o
 .text.I2C_GetInstance
                0x00004c20       0x4c ./drivers/fsl_i2c.o
                0x00004c20                I2C_GetInstance
 .text.I2C_InitTransferStateMachine
                0x00004c6c       0xd4 ./drivers/fsl_i2c.o
 .text.I2C_CheckAndClearError
                0x00004d40       0x44 ./drivers/fsl_i2c.o
 .text.I2C_MasterTransferRunStateMachine
                0x00004d84      0x250 ./drivers/fsl_i2c.o
 .text.I2C_TransferCommonIRQHandler
                0x00004fd4       0x50 ./drivers/fsl_i2c.o
 .text.I2C_MasterInit
                0x00005024       0xdc ./drivers/fsl_i2c.o
                0x00005024                I2C_MasterInit
 .text.I2C_MasterGetDefaultConfig
                0x00005100       0x3c ./drivers/fsl_i2c.o
                0x00005100                I2C_MasterGetDefaultConfig
 .text.I2C_EnableInterrupts
                0x0000513c       0x56 ./drivers/fsl_i2c.o
                0x0000513c                I2C_EnableInterrupts
 .text.I2C_DisableInterrupts
                0x00005192       0x4a ./drivers/fsl_i2c.o
                0x00005192                I2C_DisableInterrupts
 .text.I2C_MasterSetBaudRate
                0x000051dc       0xe0 ./drivers/fsl_i2c.o
                0x000051dc                I2C_MasterSetBaudRate
 .text.I2C_MasterStart
                0x000052bc       0x62 ./drivers/fsl_i2c.o
                0x000052bc                I2C_MasterStart
 .text.I2C_MasterRepeatedStart
                0x0000531e       0x9a ./drivers/fsl_i2c.o
                0x0000531e                I2C_MasterRepeatedStart
 .text.I2C_MasterStop
                0x000053b8       0x3a ./drivers/fsl_i2c.o
                0x000053b8                I2C_MasterStop
 .text.I2C_MasterGetStatusFlags
                0x000053f2       0x4a ./drivers/fsl_i2c.o
                0x000053f2                I2C_MasterGetStatusFlags
 .text.I2C_MasterTransferCreateHandle
                0x0000543c       0x74 ./drivers/fsl_i2c.o
                0x0000543c                I2C_MasterTransferCreateHandle
 .text.I2C_MasterTransferNonBlocking
                0x000054b0       0x64 ./drivers/fsl_i2c.o
                0x000054b0                I2C_MasterTransferNonBlocking
 .text.I2C_MasterTransferHandleIRQ
                0x00005514       0xb4 ./drivers/fsl_i2c.o
                0x00005514                I2C_MasterTransferHandleIRQ
 .text.I2C0_DriverIRQHandler
                0x000055c8       0x1c ./drivers/fsl_i2c.o
                0x000055c8                I2C0_DriverIRQHandler
 .text.I2C1_DriverIRQHandler
                0x000055e4       0x1c ./drivers/fsl_i2c.o
                0x000055e4                I2C1_DriverIRQHandler
 .text.I2C2_DriverIRQHandler
                0x00005600       0x1c ./drivers/fsl_i2c.o
                0x00005600                I2C2_DriverIRQHandler
 .text.CLOCK_EnableClock
                0x0000561c       0x36 ./drivers/fsl_uart.o
 *fill*         0x00005652        0x2 ff
 .text.UART_GetInstance
                0x00005654       0x54 ./drivers/fsl_uart.o
                0x00005654                UART_GetInstance
 .text.UART_Init
                0x000056a8      0x2d8 ./drivers/fsl_uart.o
                0x000056a8                UART_Init
 .text.UART_GetDefaultConfig
                0x00005980       0x60 ./drivers/fsl_uart.o
                0x00005980                UART_GetDefaultConfig
 .text.UART_GetStatusFlags
                0x000059e0       0x46 ./drivers/fsl_uart.o
                0x000059e0                UART_GetStatusFlags
 .text.UART_WriteBlocking
                0x00005a26       0x3e ./drivers/fsl_uart.o
                0x00005a26                UART_WriteBlocking
 .text.UART_ReadBlocking
                0x00005a64       0x90 ./drivers/fsl_uart.o
                0x00005a64                UART_ReadBlocking
 .text.UART0_DriverIRQHandler
                0x00005af4       0x28 ./drivers/fsl_uart.o
                0x00005af4                UART0_DriverIRQHandler
 .text.UART0_RX_TX_DriverIRQHandler
                0x00005b1c       0x10 ./drivers/fsl_uart.o
                0x00005b1c                UART0_RX_TX_DriverIRQHandler
 .text.UART1_DriverIRQHandler
                0x00005b2c       0x28 ./drivers/fsl_uart.o
                0x00005b2c                UART1_DriverIRQHandler
 .text.UART1_RX_TX_DriverIRQHandler
                0x00005b54       0x10 ./drivers/fsl_uart.o
                0x00005b54                UART1_RX_TX_DriverIRQHandler
 .text.UART2_DriverIRQHandler
                0x00005b64       0x28 ./drivers/fsl_uart.o
                0x00005b64                UART2_DriverIRQHandler
 .text.UART2_RX_TX_DriverIRQHandler
                0x00005b8c       0x10 ./drivers/fsl_uart.o
                0x00005b8c                UART2_RX_TX_DriverIRQHandler
 .text.UART3_DriverIRQHandler
                0x00005b9c       0x28 ./drivers/fsl_uart.o
                0x00005b9c                UART3_DriverIRQHandler
 .text.UART3_RX_TX_DriverIRQHandler
                0x00005bc4       0x10 ./drivers/fsl_uart.o
                0x00005bc4                UART3_RX_TX_DriverIRQHandler
 .text.UART4_DriverIRQHandler
                0x00005bd4       0x28 ./drivers/fsl_uart.o
                0x00005bd4                UART4_DriverIRQHandler
 .text.UART4_RX_TX_DriverIRQHandler
                0x00005bfc       0x10 ./drivers/fsl_uart.o
                0x00005bfc                UART4_RX_TX_DriverIRQHandler
 .text.UART5_DriverIRQHandler
                0x00005c0c       0x28 ./drivers/fsl_uart.o
                0x00005c0c                UART5_DriverIRQHandler
 .text.UART5_RX_TX_DriverIRQHandler
                0x00005c34       0x10 ./drivers/fsl_uart.o
                0x00005c34                UART5_RX_TX_DriverIRQHandler
 .text.BOARD_InitDebugConsole
                0x00005c44       0x28 ./board/board.o
                0x00005c44                BOARD_InitDebugConsole
 .text.CLOCK_SetSimSafeDivs
                0x00005c6c       0x20 ./board/clock_config.o
 .text.CLOCK_SetXtal0Freq
                0x00005c8c       0x20 ./board/clock_config.o
 .text.BOARD_InitBootClocks
                0x00005cac        0xc ./board/clock_config.o
                0x00005cac                BOARD_InitBootClocks
 .text.CLOCK_CONFIG_SetFllExtRefDiv
                0x00005cb8       0x3c ./board/clock_config.o
 .text.BOARD_BootClockRUN
                0x00005cf4       0x60 ./board/clock_config.o
                0x00005cf4                BOARD_BootClockRUN
 .text.BOARD_InitBootPeripherals
                0x00005d54        0xe ./board/peripherals.o
                0x00005d54                BOARD_InitBootPeripherals
 .text.CLOCK_EnableClock
                0x00005d62       0x36 ./board/pin_mux.o
 .text.PORT_SetPinMux
                0x00005d98       0x3a ./board/pin_mux.o
 .text.BOARD_InitBootPins
                0x00005dd2        0xc ./board/pin_mux.o
                0x00005dd2                BOARD_InitBootPins
 *fill*         0x00005dde        0x2 ff
 .text.BOARD_InitPins
                0x00005de0       0x48 ./board/pin_mux.o
                0x00005de0                BOARD_InitPins
 .text.SystemInit
                0x00005e28       0x40 ./CMSIS/system_MK64F12.o
                0x00005e28                SystemInit
 .text.__main   0x00005e68        0xe c:/nxp/mcuxpressoide_10.1.1_606/ide/tools/bin/../lib/gcc/arm-none-eabi/6.3.1/../../../../arm-none-eabi/lib/thumb/v7e-m/fpv4-sp/hard\libcr_nohost_nf.a(_cr__main.o)
                0x00005e68                __main
 *fill*         0x00005e76        0x2 ff
 .text.__assertion_failed
                0x00005e78       0x4c c:/nxp/mcuxpressoide_10.1.1_606/ide/tools/bin/../lib/gcc/arm-none-eabi/6.3.1/../../../../arm-none-eabi/lib/thumb/v7e-m/fpv4-sp/hard\libcr_nohost_nf.a(_cr_assert.o)
                0x00005e78                __assertion_failed
 .text.__sys_appexit
                0x00005ec4        0x2 c:/nxp/mcuxpressoide_10.1.1_606/ide/tools/bin/../lib/gcc/arm-none-eabi/6.3.1/../../../../arm-none-eabi/lib/thumb/v7e-m/fpv4-sp/hard\libcr_nohost_nf.a(__sys_appexit.o)
                0x00005ec4                __sys_appexit
                0x00005ec4                __exit
 .text.memcpy   0x00005ec6        0x4 c:/nxp/mcuxpressoide_10.1.1_606/ide/tools/bin/../lib/gcc/arm-none-eabi/6.3.1/../../../../arm-none-eabi/lib/thumb/v7e-m/fpv4-sp/hard\libcr_c.a(memcpy.o)
                0x00005ec6                memcpy
 .text.memset   0x00005eca        0x4 c:/nxp/mcuxpressoide_10.1.1_606/ide/tools/bin/../lib/gcc/arm-none-eabi/6.3.1/../../../../arm-none-eabi/lib/thumb/v7e-m/fpv4-sp/hard\libcr_c.a(memset.o)
                0x00005eca                memset
 .text._deferredlazyseek
                0x00005ece       0x40 c:/nxp/mcuxpressoide_10.1.1_606/ide/tools/bin/../lib/gcc/arm-none-eabi/6.3.1/../../../../arm-none-eabi/lib/thumb/v7e-m/fpv4-sp/hard\libcr_c.a(_deferredlazyseek.o)
                0x00005ece                _deferredlazyseek
 .text.__flsbuf
                0x00005f0e      0x148 c:/nxp/mcuxpressoide_10.1.1_606/ide/tools/bin/../lib/gcc/arm-none-eabi/6.3.1/../../../../arm-none-eabi/lib/thumb/v7e-m/fpv4-sp/hard\libcr_c.a(_deferredlazyseek.o)
                0x00005f0e                __flsbuf
 .text._fflush  0x00006056       0x54 c:/nxp/mcuxpressoide_10.1.1_606/ide/tools/bin/../lib/gcc/arm-none-eabi/6.3.1/../../../../arm-none-eabi/lib/thumb/v7e-m/fpv4-sp/hard\libcr_c.a(_fflush.o)
                0x00006056                _fflush
 *fill*         0x000060aa        0x2 ff
 .text._Cwritebuf
                0x000060ac       0x6c c:/nxp/mcuxpressoide_10.1.1_606/ide/tools/bin/../lib/gcc/arm-none-eabi/6.3.1/../../../../arm-none-eabi/lib/thumb/v7e-m/fpv4-sp/hard\libcr_c.a(_writebuf.o)
                0x000060ac                _Cwritebuf
 .text.malloc   0x00006118       0xc4 c:/nxp/mcuxpressoide_10.1.1_606/ide/tools/bin/../lib/gcc/arm-none-eabi/6.3.1/../../../../arm-none-eabi/lib/thumb/v7e-m/fpv4-sp/hard\libcr_c.a(alloc.o)
                0x00006118                malloc
 .text.free     0x000061dc       0x30 c:/nxp/mcuxpressoide_10.1.1_606/ide/tools/bin/../lib/gcc/arm-none-eabi/6.3.1/../../../../arm-none-eabi/lib/thumb/v7e-m/fpv4-sp/hard\libcr_c.a(alloc.o)
                0x000061dc                free
 .text._Csys_alloc
                0x0000620c       0x20 c:/nxp/mcuxpressoide_10.1.1_606/ide/tools/bin/../lib/gcc/arm-none-eabi/6.3.1/../../../../arm-none-eabi/lib/thumb/v7e-m/fpv4-sp/hard\libcr_c.a(alloc.o)
                0x0000620c                _Csys_alloc
 .text.fputs    0x0000622c       0x2c c:/nxp/mcuxpressoide_10.1.1_606/ide/tools/bin/../lib/gcc/arm-none-eabi/6.3.1/../../../../arm-none-eabi/lib/thumb/v7e-m/fpv4-sp/hard\libcr_c.a(fputs.o)
                0x0000622c                fputs
 .text.fseek    0x00006258      0x100 c:/nxp/mcuxpressoide_10.1.1_606/ide/tools/bin/../lib/gcc/arm-none-eabi/6.3.1/../../../../arm-none-eabi/lib/thumb/v7e-m/fpv4-sp/hard\libcr_c.a(fseek.o)
                0x00006258                fseek
 .text.ftell    0x00006358       0x48 c:/nxp/mcuxpressoide_10.1.1_606/ide/tools/bin/../lib/gcc/arm-none-eabi/6.3.1/../../../../arm-none-eabi/lib/thumb/v7e-m/fpv4-sp/hard\libcr_c.a(ftell.o)
                0x00006358                ftell
 .text._initio  0x000063a0       0x78 c:/nxp/mcuxpressoide_10.1.1_606/ide/tools/bin/../lib/gcc/arm-none-eabi/6.3.1/../../../../arm-none-eabi/lib/thumb/v7e-m/fpv4-sp/hard\libcr_c.a(initio.o)
                0x000063a0                _initio
 .text.setvbuf  0x00006418       0x40 c:/nxp/mcuxpressoide_10.1.1_606/ide/tools/bin/../lib/gcc/arm-none-eabi/6.3.1/../../../../arm-none-eabi/lib/thumb/v7e-m/fpv4-sp/hard\libcr_c.a(setvbuf.o)
                0x00006418                setvbuf
 .text.strlen   0x00006458       0x4a c:/nxp/mcuxpressoide_10.1.1_606/ide/tools/bin/../lib/gcc/arm-none-eabi/6.3.1/../../../../arm-none-eabi/lib/thumb/v7e-m/fpv4-sp/hard\libcr_c.a(strlen.o)
                0x00006458                strlen
 *fill*         0x000064a2        0x2 ff
 .text._sbrk    0x000064a4       0x3c c:/nxp/mcuxpressoide_10.1.1_606/ide/tools/bin/../lib/gcc/arm-none-eabi/6.3.1/../../../../arm-none-eabi/lib/thumb/v7e-m/fpv4-sp/hard\libcr_c.a(_cr_sbrk.o)
                0x000064a4                _sbrk
 .text._fdopen  0x000064e0       0x68 c:/nxp/mcuxpressoide_10.1.1_606/ide/tools/bin/../lib/gcc/arm-none-eabi/6.3.1/../../../../arm-none-eabi/lib/thumb/v7e-m/fpv4-sp/hard\libcr_c.a(_fdopen.o)
                0x000064e0                _fdopen
 .text.fclose   0x00006548       0x58 c:/nxp/mcuxpressoide_10.1.1_606/ide/tools/bin/../lib/gcc/arm-none-eabi/6.3.1/../../../../arm-none-eabi/lib/thumb/v7e-m/fpv4-sp/hard\libcr_c.a(fclose.o)
                0x00006548                fclose
 .text.fflush   0x000065a0       0x44 c:/nxp/mcuxpressoide_10.1.1_606/ide/tools/bin/../lib/gcc/arm-none-eabi/6.3.1/../../../../arm-none-eabi/lib/thumb/v7e-m/fpv4-sp/hard\libcr_c.a(fflush.o)
                0x000065a0                fflush
 .text.remove   0x000065e4       0x14 c:/nxp/mcuxpressoide_10.1.1_606/ide/tools/bin/../lib/gcc/arm-none-eabi/6.3.1/../../../../arm-none-eabi/lib/thumb/v7e-m/fpv4-sp/hard\libcr_c.a(remove.o)
                0x000065e4                remove
 .text.__check_heap_overflow
                0x000065f8       0x18 c:/nxp/mcuxpressoide_10.1.1_606/ide/tools/bin/../lib/gcc/arm-none-eabi/6.3.1/../../../../arm-none-eabi/lib/thumb/v7e-m/fpv4-sp/hard\libcr_c.a(_cr_check_heap.o)
                0x000065f8                __check_heap_overflow
 .text._do_fflush
                0x00006610       0x40 c:/nxp/mcuxpressoide_10.1.1_606/ide/tools/bin/../lib/gcc/arm-none-eabi/6.3.1/../../../../arm-none-eabi/lib/thumb/v7e-m/fpv4-sp/hard\libcr_c.a(_do_fflush.o)
                0x00006610                _do_fflush
 .text.__aeabi_memcpy
                0x00006650       0x34 c:/nxp/mcuxpressoide_10.1.1_606/ide/tools/bin/../lib/gcc/arm-none-eabi/6.3.1/thumb/v7e-m/fpv4-sp/hard\libcr_eabihelpers.a(memcpy.o)
                0x00006650                __aeabi_memcpy
                0x0000665a                __aeabi_memcpy8
                0x0000665a                __aeabi_memcpy4
 .text.__aeabi_memset_lowlevel
                0x00006684       0x32 c:/nxp/mcuxpressoide_10.1.1_606/ide/tools/bin/../lib/gcc/arm-none-eabi/6.3.1/thumb/v7e-m/fpv4-sp/hard\libcr_eabihelpers.a(memcpy.o)
                0x00006684                __aeabi_lowlevel_memset
 .text.__sys_close
                0x000066b6        0x6 c:/nxp/mcuxpressoide_10.1.1_606/ide/tools/bin/../lib/gcc/arm-none-eabi/6.3.1/../../../../arm-none-eabi/lib/thumb/v7e-m/fpv4-sp/hard\libcr_nohost_nf.a(__sys_close.o)
                0x000066b6                __sys_close
 .text.__sys_flen
                0x000066bc        0x6 c:/nxp/mcuxpressoide_10.1.1_606/ide/tools/bin/../lib/gcc/arm-none-eabi/6.3.1/../../../../arm-none-eabi/lib/thumb/v7e-m/fpv4-sp/hard\libcr_nohost_nf.a(__sys_flen.o)
                0x000066bc                __sys_flen
 .text.__sys_istty
                0x000066c2        0x6 c:/nxp/mcuxpressoide_10.1.1_606/ide/tools/bin/../lib/gcc/arm-none-eabi/6.3.1/../../../../arm-none-eabi/lib/thumb/v7e-m/fpv4-sp/hard\libcr_nohost_nf.a(__sys_istty.o)
                0x000066c2                __sys_istty
 .text.__sys_remove
                0x000066c8        0x6 c:/nxp/mcuxpressoide_10.1.1_606/ide/tools/bin/../lib/gcc/arm-none-eabi/6.3.1/../../../../arm-none-eabi/lib/thumb/v7e-m/fpv4-sp/hard\libcr_nohost_nf.a(__sys_remove.o)
                0x000066c8                __sys_remove
 .text.__sys_seek
                0x000066ce        0x6 c:/nxp/mcuxpressoide_10.1.1_606/ide/tools/bin/../lib/gcc/arm-none-eabi/6.3.1/../../../../arm-none-eabi/lib/thumb/v7e-m/fpv4-sp/hard\libcr_nohost_nf.a(__sys_seek.o)
                0x000066ce                __sys_seek
 .text.__sys_tmpnam
                0x000066d4        0x6 c:/nxp/mcuxpressoide_10.1.1_606/ide/tools/bin/../lib/gcc/arm-none-eabi/6.3.1/../../../../arm-none-eabi/lib/thumb/v7e-m/fpv4-sp/hard\libcr_nohost_nf.a(__sys_tmpnam.o)
                0x000066d4                __sys_tmpnam
 .text.__sys_write
                0x000066da        0x4 c:/nxp/mcuxpressoide_10.1.1_606/ide/tools/bin/../lib/gcc/arm-none-eabi/6.3.1/../../../../arm-none-eabi/lib/thumb/v7e-m/fpv4-sp/hard\libcr_nohost_nf.a(__sys_write.o)
                0x000066da                __sys_write
 *(.rodata .rodata.* .constdata .constdata.*)
 *fill*         0x000066de        0x2 ff
 .rodata        0x000066e0       0x50 ./utilities/fsl_debug_console.o
 .rodata        0x00006730       0x27 ./utilities/fsl_io.o
 *fill*         0x00006757        0x1 ff
 .rodata        0x00006758       0x80 ./utilities/fsl_log.o
 .rodata        0x000067d8       0xad ./source/freertos_i2c.o
 *fill*         0x00006885        0x3 ff
 .rodata        0x00006888       0x18 ./freertos/source/tasks.o
                0x00006890                FreeRTOSDebugConfig
 .rodata        0x000068a0        0xd ./freertos/source/timers.o
 *fill*         0x000068ad        0x3 ff
 .rodata        0x000068b0      0x149 ./drivers/fsl_clock.o
 *fill*         0x000069f9        0x3 ff
 .rodata.fllFactorTable.7491
                0x000069fc       0x10 ./drivers/fsl_clock.o
 .rodata.s_i2cDividerTable
                0x00006a0c       0x80 ./drivers/fsl_i2c.o
 .rodata.s_i2cBases
                0x00006a8c        0xc ./drivers/fsl_i2c.o
 .rodata.s_i2cIrqs
                0x00006a98        0x3 ./drivers/fsl_i2c.o
 *fill*         0x00006a9b        0x1 ff
 .rodata.s_i2cClocks
                0x00006a9c        0xc ./drivers/fsl_i2c.o
 .rodata        0x00006aa8      0x2fa ./drivers/fsl_i2c.o
 *fill*         0x00006da2        0x2 ff
 .rodata.s_uartBases
                0x00006da4       0x18 ./drivers/fsl_uart.o
 .rodata.s_uartClock
                0x00006dbc       0x18 ./drivers/fsl_uart.o
 .rodata        0x00006dd4      0x513 ./drivers/fsl_uart.o
 *fill*         0x000072e7        0x1 ff
 .rodata.mcgConfig_BOARD_BootClockRUN
                0x000072e8        0xb ./board/clock_config.o
                0x000072e8                mcgConfig_BOARD_BootClockRUN
 *fill*         0x000072f3        0x1 ff
 .rodata.simConfig_BOARD_BootClockRUN
                0x000072f4        0x8 ./board/clock_config.o
                0x000072f4                simConfig_BOARD_BootClockRUN
 .rodata.oscConfig_BOARD_BootClockRUN
                0x000072fc        0x8 ./board/clock_config.o
                0x000072fc                oscConfig_BOARD_BootClockRUN
 .rodata.__assertion_failed.str1.1
                0x00007304       0x15 c:/nxp/mcuxpressoide_10.1.1_606/ide/tools/bin/../lib/gcc/arm-none-eabi/6.3.1/../../../../arm-none-eabi/lib/thumb/v7e-m/fpv4-sp/hard\libcr_nohost_nf.a(_cr_assert.o)
 *fill*         0x00007319        0x3 ff
 .rodata.__num_Ciob_streams
                0x0000731c        0x4 c:/nxp/mcuxpressoide_10.1.1_606/ide/tools/bin/../lib/gcc/arm-none-eabi/6.3.1/../../../../arm-none-eabi/lib/thumb/v7e-m/fpv4-sp/hard\libcr_nohost_nf.a(__ciob.o)
                0x0000731c                __num_Ciob_streams
 .rodata._Csys_alloc.str1.1
                0x00007320       0x18 c:/nxp/mcuxpressoide_10.1.1_606/ide/tools/bin/../lib/gcc/arm-none-eabi/6.3.1/../../../../arm-none-eabi/lib/thumb/v7e-m/fpv4-sp/hard\libcr_c.a(alloc.o)
 .rodata._initio.str1.1
                0x00007338        0x4 c:/nxp/mcuxpressoide_10.1.1_606/ide/tools/bin/../lib/gcc/arm-none-eabi/6.3.1/../../../../arm-none-eabi/lib/thumb/v7e-m/fpv4-sp/hard\libcr_c.a(initio.o)
                0x0000733c                . = ALIGN (0x4)

.glue_7         0x0000733c        0x0
 .glue_7        0x0000733c        0x0 linker stubs

.glue_7t        0x0000733c        0x0
 .glue_7t       0x0000733c        0x0 linker stubs

.vfp11_veneer   0x0000733c        0x0
 .vfp11_veneer  0x0000733c        0x0 linker stubs

.v4_bx          0x0000733c        0x0
 .v4_bx         0x0000733c        0x0 linker stubs

.iplt           0x0000733c        0x0
 .iplt          0x0000733c        0x0 ./utilities/fsl_assert.o

.rel.dyn        0x0000733c        0x0
 .rel.iplt      0x0000733c        0x0 ./utilities/fsl_assert.o

.ARM.extab
 *(.ARM.extab* .gnu.linkonce.armextab.*)
                0x0000733c                __exidx_start = .

.ARM.exidx
 *(.ARM.exidx* .gnu.linkonce.armexidx.*)
                0x0000733c                __exidx_end = .
                0x0000733c                _etext = .

.m_usb_data
 *(m_usb_bdt)

.data_RAM2      0x1fff0000        0x0 load address 0x0000733c
 FILL mask 0xff
                [!provide]                PROVIDE (__start_data_RAM2, .)
 *(.ramfunc.$RAM2)
 *(.ramfunc.$SRAM_LOWER)
 *(.data.$RAM2*)
 *(.data.$SRAM_LOWER*)
                0x1fff0000                . = ALIGN (0x4)
                [!provide]                PROVIDE (__end_data_RAM2, .)

.data_RAM3      0x14000000        0x0 load address 0x0000733c
 FILL mask 0xff
                [!provide]                PROVIDE (__start_data_RAM3, .)
 *(.ramfunc.$RAM3)
 *(.ramfunc.$FLEX_RAM)
 *(.data.$RAM3*)
 *(.data.$FLEX_RAM*)
                0x14000000                . = ALIGN (0x4)
                [!provide]                PROVIDE (__end_data_RAM3, .)

.uninit_RESERVED
                0x20000000        0x0
 *(.bss.$RESERVED*)
                0x20000000                . = ALIGN (0x4)
                0x20000000                _end_uninit_RESERVED = .

.data           0x20000000       0x10 load address 0x0000733c
 FILL mask 0xff
                0x20000000                _data = .
 *(vtable)
 *(.ramfunc*)
 *(.data*)
 .data.uxCriticalNesting
                0x20000000        0x4 ./freertos/portable/port.o
 .data.s_slowIrcFreq
                0x20000004        0x4 ./drivers/fsl_clock.o
 .data.s_fastIrcFreq
                0x20000008        0x4 ./drivers/fsl_clock.o
 .data.SystemCoreClock
                0x2000000c        0x4 ./CMSIS/system_MK64F12.o
                0x2000000c                SystemCoreClock
                0x20000010                . = ALIGN (0x4)
                0x20000010                _edata = .

.igot.plt       0x20000010        0x0 load address 0x0000734c
 .igot.plt      0x20000010        0x0 ./utilities/fsl_assert.o

.bss_RAM2       0x1fff0000        0x0
                [!provide]                PROVIDE (__start_bss_RAM2, .)
 *(.bss.$RAM2*)
 *(.bss.$SRAM_LOWER*)
                0x1fff0000                . = ALIGN ((. != 0x0)?0x4:0x1)
                [!provide]                PROVIDE (__end_bss_RAM2, .)

.bss_RAM3       0x14000000        0x0
                [!provide]                PROVIDE (__start_bss_RAM3, .)
 *(.bss.$RAM3*)
 *(.bss.$FLEX_RAM*)
                0x14000000                . = ALIGN ((. != 0x0)?0x4:0x1)
                [!provide]                PROVIDE (__end_bss_RAM3, .)

.bss            0x20000010     0x2ae0
                0x20000010                _bss = .
 *(.bss*)
 .bss.s_debugConsoleIO
                0x20000010        0x8 ./utilities/fsl_io.o
 .bss.g_m_handle
                0x20000018       0x28 ./source/freertos_i2c.o
                0x20000018                g_m_handle
 .bss.mutex     0x20000040        0x4 ./source/freertos_i2c.o
                0x20000040                mutex
 .bss.event     0x20000044        0x4 ./source/freertos_i2c.o
                0x20000044                event
 .bss.init_i2c_handle
                0x20000048        0x4 ./source/freertos_i2c.o
                0x20000048                init_i2c_handle
 .bss.ST_RTC_handle
                0x2000004c        0x4 ./source/freertos_i2c.o
                0x2000004c                ST_RTC_handle
 .bss.uxBits    0x20000050        0x4 ./source/freertos_i2c.o
                0x20000050                uxBits
 .bss.i.8548    0x20000054        0x4 ./source/freertos_i2c.o
 .bss.xQueueRegistry
                0x20000058       0x40 ./freertos/source/queue.o
                0x20000058                xQueueRegistry
 .bss.pxCurrentTCB
                0x20000098        0x4 ./freertos/source/tasks.o
                0x20000098                pxCurrentTCB
 .bss.pxReadyTasksLists
                0x2000009c       0x64 ./freertos/source/tasks.o
 .bss.xDelayedTaskList1
                0x20000100       0x14 ./freertos/source/tasks.o
 .bss.xDelayedTaskList2
                0x20000114       0x14 ./freertos/source/tasks.o
 .bss.pxDelayedTaskList
                0x20000128        0x4 ./freertos/source/tasks.o
 .bss.pxOverflowDelayedTaskList
                0x2000012c        0x4 ./freertos/source/tasks.o
 .bss.xPendingReadyList
                0x20000130       0x14 ./freertos/source/tasks.o
 .bss.xTasksWaitingTermination
                0x20000144       0x14 ./freertos/source/tasks.o
 .bss.uxDeletedTasksWaitingCleanUp
                0x20000158        0x4 ./freertos/source/tasks.o
 .bss.xSuspendedTaskList
                0x2000015c       0x14 ./freertos/source/tasks.o
 .bss.uxCurrentNumberOfTasks
                0x20000170        0x4 ./freertos/source/tasks.o
 .bss.xTickCount
                0x20000174        0x4 ./freertos/source/tasks.o
 .bss.uxTopReadyPriority
                0x20000178        0x4 ./freertos/source/tasks.o
 .bss.xSchedulerRunning
                0x2000017c        0x4 ./freertos/source/tasks.o
 .bss.uxPendedTicks
                0x20000180        0x4 ./freertos/source/tasks.o
 .bss.xYieldPending
                0x20000184        0x4 ./freertos/source/tasks.o
 .bss.xNumOfOverflows
                0x20000188        0x4 ./freertos/source/tasks.o
 .bss.uxTaskNumber
                0x2000018c        0x4 ./freertos/source/tasks.o
 .bss.xNextTaskUnblockTime
                0x20000190        0x4 ./freertos/source/tasks.o
 .bss.xIdleTaskHandle
                0x20000194        0x4 ./freertos/source/tasks.o
 .bss.uxSchedulerSuspended
                0x20000198        0x4 ./freertos/source/tasks.o
 .bss.xActiveTimerList1
                0x2000019c       0x14 ./freertos/source/timers.o
 .bss.xActiveTimerList2
                0x200001b0       0x14 ./freertos/source/timers.o
 .bss.pxCurrentTimerList
                0x200001c4        0x4 ./freertos/source/timers.o
 .bss.pxOverflowTimerList
                0x200001c8        0x4 ./freertos/source/timers.o
 .bss.xTimerQueue
                0x200001cc        0x4 ./freertos/source/timers.o
 .bss.xTimerTaskHandle
                0x200001d0        0x4 ./freertos/source/timers.o
 .bss.xLastTime.5688
                0x200001d4        0x4 ./freertos/source/timers.o
 .bss.ucHeap    0x200001d8     0x2800 ./freertos/portable/heap_4.o
 .bss.xStart    0x200029d8        0x8 ./freertos/portable/heap_4.o
 .bss.pxEnd     0x200029e0        0x4 ./freertos/portable/heap_4.o
 .bss.xFreeBytesRemaining
                0x200029e4        0x4 ./freertos/portable/heap_4.o
 .bss.xMinimumEverFreeBytesRemaining
                0x200029e8        0x4 ./freertos/portable/heap_4.o
 .bss.xBlockAllocatedBit
                0x200029ec        0x4 ./freertos/portable/heap_4.o
 .bss.ucMaxSysCallPriority
                0x200029f0        0x1 ./freertos/portable/port.o
 *fill*         0x200029f1        0x3 
 .bss.ulMaxPRIGROUPValue
                0x200029f4        0x4 ./freertos/portable/port.o
 .bss.g_xtal0Freq
                0x200029f8        0x4 ./drivers/fsl_clock.o
                0x200029f8                g_xtal0Freq
 .bss.g_xtal32Freq
                0x200029fc        0x4 ./drivers/fsl_clock.o
                0x200029fc                g_xtal32Freq
 .bss.s_i2cHandle
                0x20002a00        0xc ./drivers/fsl_i2c.o
 .bss.s_i2cMasterIsr
                0x20002a0c        0x4 ./drivers/fsl_i2c.o
 .bss.s_i2cSlaveIsr
                0x20002a10        0x4 ./drivers/fsl_i2c.o
 .bss.s_uartHandle
                0x20002a14       0x18 ./drivers/fsl_uart.o
 .bss.s_uartIsr
                0x20002a2c        0x4 ./drivers/fsl_uart.o
 .bss.__Ciob    0x20002a30       0xb4 c:/nxp/mcuxpressoide_10.1.1_606/ide/tools/bin/../lib/gcc/arm-none-eabi/6.3.1/../../../../arm-none-eabi/lib/thumb/v7e-m/fpv4-sp/hard\libcr_nohost_nf.a(__ciob.o)
                0x20002a30                __Ciob
 .bss.__end_of_heap
                0x20002ae4        0x4 c:/nxp/mcuxpressoide_10.1.1_606/ide/tools/bin/../lib/gcc/arm-none-eabi/6.3.1/../../../../arm-none-eabi/lib/thumb/v7e-m/fpv4-sp/hard\libcr_c.a(__init_alloc.o)
                0x20002ae4                __end_of_heap
 .bss.__heaps   0x20002ae8        0x4 c:/nxp/mcuxpressoide_10.1.1_606/ide/tools/bin/../lib/gcc/arm-none-eabi/6.3.1/../../../../arm-none-eabi/lib/thumb/v7e-m/fpv4-sp/hard\libcr_c.a(__init_alloc.o)
                0x20002ae8                __heaps
 .bss.errno     0x20002aec        0x4 c:/nxp/mcuxpressoide_10.1.1_606/ide/tools/bin/../lib/gcc/arm-none-eabi/6.3.1/../../../../arm-none-eabi/lib/thumb/v7e-m/fpv4-sp/hard\libcr_c.a(errno.o)
                0x20002aec                errno
 *(COMMON)
                0x20002af0                . = ALIGN (0x4)
                0x20002af0                _ebss = .
                [!provide]                PROVIDE (end, .)

.noinit_RAM2    0x1fff0000        0x0
 *(.noinit.$RAM2*)
 *(.noinit.$SRAM_LOWER*)
                0x1fff0000                . = ALIGN (0x4)

.noinit_RAM3    0x14000000        0x0
 *(.noinit.$RAM3*)
 *(.noinit.$FLEX_RAM*)
                0x14000000                . = ALIGN (0x4)

.noinit         0x20002af0        0x0
                0x20002af0                _noinit = .
 *(.noinit*)
                0x20002af0                . = ALIGN (0x4)
                0x20002af0                _end_noinit = .
                0x00001000                _HeapSize = 0x1000

.heap           0x20002af0     0x1000
                0x20002af0                _pvHeapStart = .
                0x20003af0                . = (. + _HeapSize)
 *fill*         0x20002af0     0x1000 
                0x20003af0                . = ALIGN (0x4)
                0x20003af0                _pvHeapLimit = .
                0x00001000                _StackSize = 0x1000

.heap2stackfill
                0x20003af0     0x1000
                0x20004af0                . = (. + _StackSize)
 *fill*         0x20003af0     0x1000 

.stack          0x2002f000        0x0
                0x2002f000                _vStackBase = .
                0x2002f000                . = ALIGN (0x4)
                0x20030000                _vStackTop = (. + _StackSize)
                0x00000000                _image_start = LOADADDR (.text)
                0x0000734c                _image_end = (LOADADDR (.data) + SIZEOF (.data))
                0x0000734c                _image_size = (_image_end - _image_start)
OUTPUT(frdmk64f_freertos_i2crtos_examples_freertos_i2c.axf elf32-littlearm)

.debug_info     0x00000000     0xfc5e
 .debug_info    0x00000000      0x376 ./utilities/fsl_debug_console.o
 .debug_info    0x00000376      0x81a ./utilities/fsl_io.o
 .debug_info    0x00000b90      0x34a ./utilities/fsl_log.o
 .debug_info    0x00000eda      0x536 ./utilities/fsl_str.o
 .debug_info    0x00001410      0x8b3 ./startup/startup_mk64f12.o
 .debug_info    0x00001cc3     0x171d ./source/freertos_i2c.o
 .debug_info    0x000033e0       0x37 ./source/semihost_hardfault.o
 .debug_info    0x00003417      0x998 ./freertos/source/event_groups.o
 .debug_info    0x00003daf      0x2c7 ./freertos/source/list.o
 .debug_info    0x00004076     0x1416 ./freertos/source/queue.o
 .debug_info    0x0000548c     0x1ec4 ./freertos/source/tasks.o
 .debug_info    0x00007350      0xd46 ./freertos/source/timers.o
 .debug_info    0x00008096       0xe9 ./freertos/portable/fsl_tickless_systick.o
 .debug_info    0x0000817f      0x3ed ./freertos/portable/heap_4.o
 .debug_info    0x0000856c      0x507 ./freertos/portable/port.o
 .debug_info    0x00008a73     0x1e85 ./drivers/fsl_clock.o
 .debug_info    0x0000a8f8     0x1c20 ./drivers/fsl_i2c.o
 .debug_info    0x0000c518     0x19d1 ./drivers/fsl_uart.o
 .debug_info    0x0000dee9      0x610 ./board/board.o
 .debug_info    0x0000e4f9      0xaa9 ./board/clock_config.o
 .debug_info    0x0000efa2       0x37 ./board/peripherals.o
 .debug_info    0x0000efd9      0x663 ./board/pin_mux.o
 .debug_info    0x0000f63c      0x622 ./CMSIS/system_MK64F12.o

.debug_abbrev   0x00000000     0x2955
 .debug_abbrev  0x00000000      0x174 ./utilities/fsl_debug_console.o
 .debug_abbrev  0x00000174      0x21b ./utilities/fsl_io.o
 .debug_abbrev  0x0000038f      0x17b ./utilities/fsl_log.o
 .debug_abbrev  0x0000050a      0x192 ./utilities/fsl_str.o
 .debug_abbrev  0x0000069c      0x159 ./startup/startup_mk64f12.o
 .debug_abbrev  0x000007f5      0x28e ./source/freertos_i2c.o
 .debug_abbrev  0x00000a83       0x2c ./source/semihost_hardfault.o
 .debug_abbrev  0x00000aaf      0x21a ./freertos/source/event_groups.o
 .debug_abbrev  0x00000cc9      0x10f ./freertos/source/list.o
 .debug_abbrev  0x00000dd8      0x250 ./freertos/source/queue.o
 .debug_abbrev  0x00001028      0x304 ./freertos/source/tasks.o
 .debug_abbrev  0x0000132c      0x216 ./freertos/source/timers.o
 .debug_abbrev  0x00001542       0x8f ./freertos/portable/fsl_tickless_systick.o
 .debug_abbrev  0x000015d1      0x1e5 ./freertos/portable/heap_4.o
 .debug_abbrev  0x000017b6      0x249 ./freertos/portable/port.o
 .debug_abbrev  0x000019ff      0x302 ./drivers/fsl_clock.o
 .debug_abbrev  0x00001d01      0x33b ./drivers/fsl_i2c.o
 .debug_abbrev  0x0000203c      0x2fc ./drivers/fsl_uart.o
 .debug_abbrev  0x00002338      0x139 ./board/board.o
 .debug_abbrev  0x00002471      0x1ed ./board/clock_config.o
 .debug_abbrev  0x0000265e       0x2c ./board/peripherals.o
 .debug_abbrev  0x0000268a      0x192 ./board/pin_mux.o
 .debug_abbrev  0x0000281c      0x139 ./CMSIS/system_MK64F12.o

.debug_aranges  0x00000000     0x1030
 .debug_aranges
                0x00000000       0x58 ./utilities/fsl_debug_console.o
 .debug_aranges
                0x00000058       0x48 ./utilities/fsl_io.o
 .debug_aranges
                0x000000a0       0x58 ./utilities/fsl_log.o
 .debug_aranges
                0x000000f8       0x38 ./utilities/fsl_str.o
 .debug_aranges
                0x00000130      0x330 ./startup/startup_mk64f12.o
 .debug_aranges
                0x00000460       0x70 ./source/freertos_i2c.o
 .debug_aranges
                0x000004d0       0x20 ./source/semihost_hardfault.o
 .debug_aranges
                0x000004f0       0x80 ./freertos/source/event_groups.o
 .debug_aranges
                0x00000570       0x40 ./freertos/source/list.o
 .debug_aranges
                0x000005b0      0x118 ./freertos/source/queue.o
 .debug_aranges
                0x000006c8      0x1e8 ./freertos/source/tasks.o
 .debug_aranges
                0x000008b0       0xc8 ./freertos/source/timers.o
 .debug_aranges
                0x00000978       0x20 ./freertos/portable/fsl_tickless_systick.o
 .debug_aranges
                0x00000998       0x50 ./freertos/portable/heap_4.o
 .debug_aranges
                0x000009e8       0x78 ./freertos/portable/port.o
 .debug_aranges
                0x00000a60      0x1e8 ./drivers/fsl_clock.o
 .debug_aranges
                0x00000c48      0x180 ./drivers/fsl_i2c.o
 .debug_aranges
                0x00000dc8      0x170 ./drivers/fsl_uart.o
 .debug_aranges
                0x00000f38       0x20 ./board/board.o
 .debug_aranges
                0x00000f58       0x58 ./board/clock_config.o
 .debug_aranges
                0x00000fb0       0x20 ./board/peripherals.o
 .debug_aranges
                0x00000fd0       0x38 ./board/pin_mux.o
 .debug_aranges
                0x00001008       0x28 ./CMSIS/system_MK64F12.o

.debug_ranges   0x00000000      0xec0
 .debug_ranges  0x00000000       0x48 ./utilities/fsl_debug_console.o
 .debug_ranges  0x00000048       0x38 ./utilities/fsl_io.o
 .debug_ranges  0x00000080       0x48 ./utilities/fsl_log.o
 .debug_ranges  0x000000c8       0x28 ./utilities/fsl_str.o
 .debug_ranges  0x000000f0      0x320 ./startup/startup_mk64f12.o
 .debug_ranges  0x00000410       0x60 ./source/freertos_i2c.o
 .debug_ranges  0x00000470       0x10 ./source/semihost_hardfault.o
 .debug_ranges  0x00000480       0x70 ./freertos/source/event_groups.o
 .debug_ranges  0x000004f0       0x30 ./freertos/source/list.o
 .debug_ranges  0x00000520      0x108 ./freertos/source/queue.o
 .debug_ranges  0x00000628      0x1d8 ./freertos/source/tasks.o
 .debug_ranges  0x00000800       0xb8 ./freertos/source/timers.o
 .debug_ranges  0x000008b8       0x10 ./freertos/portable/fsl_tickless_systick.o
 .debug_ranges  0x000008c8       0x40 ./freertos/portable/heap_4.o
 .debug_ranges  0x00000908       0x68 ./freertos/portable/port.o
 .debug_ranges  0x00000970      0x1d8 ./drivers/fsl_clock.o
 .debug_ranges  0x00000b48      0x170 ./drivers/fsl_i2c.o
 .debug_ranges  0x00000cb8      0x160 ./drivers/fsl_uart.o
 .debug_ranges  0x00000e18       0x10 ./board/board.o
 .debug_ranges  0x00000e28       0x48 ./board/clock_config.o
 .debug_ranges  0x00000e70       0x10 ./board/peripherals.o
 .debug_ranges  0x00000e80       0x28 ./board/pin_mux.o
 .debug_ranges  0x00000ea8       0x18 ./CMSIS/system_MK64F12.o

.debug_line     0x00000000     0x6566
 .debug_line    0x00000000      0x26e ./utilities/fsl_debug_console.o
 .debug_line    0x0000026e      0x26d ./utilities/fsl_io.o
 .debug_line    0x000004db      0x279 ./utilities/fsl_log.o
 .debug_line    0x00000754      0x48b ./utilities/fsl_str.o
 .debug_line    0x00000bdf      0x67e ./startup/startup_mk64f12.o
 .debug_line    0x0000125d      0x447 ./source/freertos_i2c.o
 .debug_line    0x000016a4       0x54 ./source/semihost_hardfault.o
 .debug_line    0x000016f8      0x445 ./freertos/source/event_groups.o
 .debug_line    0x00001b3d      0x1ff ./freertos/source/list.o
 .debug_line    0x00001d3c      0x975 ./freertos/source/queue.o
 .debug_line    0x000026b1      0xe33 ./freertos/source/tasks.o
 .debug_line    0x000034e4      0x54c ./freertos/source/timers.o
 .debug_line    0x00003a30      0x14f ./freertos/portable/fsl_tickless_systick.o
 .debug_line    0x00003b7f      0x278 ./freertos/portable/heap_4.o
 .debug_line    0x00003df7      0x366 ./freertos/portable/port.o
 .debug_line    0x0000415d      0x958 ./drivers/fsl_clock.o
 .debug_line    0x00004ab5      0x99a ./drivers/fsl_i2c.o
 .debug_line    0x0000544f      0x96d ./drivers/fsl_uart.o
 .debug_line    0x00005dbc      0x1a4 ./board/board.o
 .debug_line    0x00005f60      0x266 ./board/clock_config.o
 .debug_line    0x000061c6       0x47 ./board/peripherals.o
 .debug_line    0x0000620d      0x1e3 ./board/pin_mux.o
 .debug_line    0x000063f0      0x176 ./CMSIS/system_MK64F12.o

.debug_str      0x00000000     0x6fcc
 .debug_str     0x00000000      0x3bd ./utilities/fsl_debug_console.o
                                0x3f4 (size before relaxing)
 .debug_str     0x000003bd      0x9d0 ./utilities/fsl_io.o
                                0xcce (size before relaxing)
 .debug_str     0x00000d8d       0x85 ./utilities/fsl_log.o
                                0x3b9 (size before relaxing)
 .debug_str     0x00000e12      0x1d9 ./utilities/fsl_str.o
                                0x438 (size before relaxing)
 .debug_str     0x00000feb      0x7ed ./startup/startup_mk64f12.o
                                0x937 (size before relaxing)
 .debug_str     0x000017d8     0x1487 ./source/freertos_i2c.o
                               0x1d63 (size before relaxing)
 .debug_str     0x00002c5f       0x1f ./source/semihost_hardfault.o
                                0x150 (size before relaxing)
 .debug_str     0x00002c7e      0x3eb ./freertos/source/event_groups.o
                                0x655 (size before relaxing)
 .debug_str     0x00003069       0xa7 ./freertos/source/list.o
                                0x34b (size before relaxing)
 .debug_str     0x00003110      0x524 ./freertos/source/queue.o
                                0x8d0 (size before relaxing)
 .debug_str     0x00003634      0xc3e ./freertos/source/tasks.o
                               0x1078 (size before relaxing)
 .debug_str     0x00004272      0x4e4 ./freertos/source/timers.o
                                0x84c (size before relaxing)
 .debug_str     0x00004756       0x45 ./freertos/portable/fsl_tickless_systick.o
                                0x257 (size before relaxing)
 .debug_str     0x0000479b      0x1c8 ./freertos/portable/heap_4.o
                                0x401 (size before relaxing)
 .debug_str     0x00004963      0x198 ./freertos/portable/port.o
                                0x45c (size before relaxing)
 .debug_str     0x00004afb      0xd6e ./drivers/fsl_clock.o
                               0x1cf4 (size before relaxing)
 .debug_str     0x00005869      0xa2d ./drivers/fsl_i2c.o
                               0x1ceb (size before relaxing)
 .debug_str     0x00006296      0x99b ./drivers/fsl_uart.o
                               0x1e50 (size before relaxing)
 .debug_str     0x00006c31       0x37 ./board/board.o
                                0x6a5 (size before relaxing)
 .debug_str     0x00006c68      0x237 ./board/clock_config.o
                                0xece (size before relaxing)
 .debug_str     0x00006e9f       0x31 ./board/peripherals.o
                                0x150 (size before relaxing)
 .debug_str     0x00006ed0       0x4f ./board/pin_mux.o
                                0x712 (size before relaxing)
 .debug_str     0x00006f1f       0xad ./CMSIS/system_MK64F12.o
                                0x3f3 (size before relaxing)

.comment        0x00000000       0x7f
 .comment       0x00000000       0x7f ./utilities/fsl_debug_console.o
                                 0x80 (size before relaxing)
 .comment       0x0000007f       0x80 ./utilities/fsl_io.o
 .comment       0x0000007f       0x80 ./utilities/fsl_log.o
 .comment       0x0000007f       0x80 ./utilities/fsl_str.o
 .comment       0x0000007f       0x80 ./startup/startup_mk64f12.o
 .comment       0x0000007f       0x80 ./source/freertos_i2c.o
 .comment       0x0000007f       0x80 ./source/semihost_hardfault.o
 .comment       0x0000007f       0x80 ./freertos/source/event_groups.o
 .comment       0x0000007f       0x80 ./freertos/source/list.o
 .comment       0x0000007f       0x80 ./freertos/source/queue.o
 .comment       0x0000007f       0x80 ./freertos/source/tasks.o
 .comment       0x0000007f       0x80 ./freertos/source/timers.o
 .comment       0x0000007f       0x80 ./freertos/portable/fsl_tickless_systick.o
 .comment       0x0000007f       0x80 ./freertos/portable/heap_4.o
 .comment       0x0000007f       0x80 ./freertos/portable/port.o
 .comment       0x0000007f       0x80 ./drivers/fsl_clock.o
 .comment       0x0000007f       0x80 ./drivers/fsl_i2c.o
 .comment       0x0000007f       0x80 ./drivers/fsl_uart.o
 .comment       0x0000007f       0x80 ./board/board.o
 .comment       0x0000007f       0x80 ./board/clock_config.o
 .comment       0x0000007f       0x80 ./board/peripherals.o
 .comment       0x0000007f       0x80 ./board/pin_mux.o
 .comment       0x0000007f       0x80 ./CMSIS/system_MK64F12.o
 .comment       0x0000007f       0x80 c:/nxp/mcuxpressoide_10.1.1_606/ide/tools/bin/../lib/gcc/arm-none-eabi/6.3.1/../../../../arm-none-eabi/lib/thumb/v7e-m/fpv4-sp/hard\libcr_nohost_nf.a(_cr__main.o)
 .comment       0x0000007f       0x80 c:/nxp/mcuxpressoide_10.1.1_606/ide/tools/bin/../lib/gcc/arm-none-eabi/6.3.1/../../../../arm-none-eabi/lib/thumb/v7e-m/fpv4-sp/hard\libcr_nohost_nf.a(_cr_assert.o)
 .comment       0x0000007f       0x80 c:/nxp/mcuxpressoide_10.1.1_606/ide/tools/bin/../lib/gcc/arm-none-eabi/6.3.1/../../../../arm-none-eabi/lib/thumb/v7e-m/fpv4-sp/hard\libcr_nohost_nf.a(__ciob.o)
 .comment       0x0000007f       0x80 c:/nxp/mcuxpressoide_10.1.1_606/ide/tools/bin/../lib/gcc/arm-none-eabi/6.3.1/../../../../arm-none-eabi/lib/thumb/v7e-m/fpv4-sp/hard\libcr_nohost_nf.a(__sys_appexit.o)
 .comment       0x0000007f       0x80 c:/nxp/mcuxpressoide_10.1.1_606/ide/tools/bin/../lib/gcc/arm-none-eabi/6.3.1/../../../../arm-none-eabi/lib/thumb/v7e-m/fpv4-sp/hard\libcr_c.a(memcpy.o)
 .comment       0x0000007f       0x80 c:/nxp/mcuxpressoide_10.1.1_606/ide/tools/bin/../lib/gcc/arm-none-eabi/6.3.1/../../../../arm-none-eabi/lib/thumb/v7e-m/fpv4-sp/hard\libcr_c.a(memset.o)
 .comment       0x0000007f       0x80 c:/nxp/mcuxpressoide_10.1.1_606/ide/tools/bin/../lib/gcc/arm-none-eabi/6.3.1/../../../../arm-none-eabi/lib/thumb/v7e-m/fpv4-sp/hard\libcr_c.a(_deferredlazyseek.o)
 .comment       0x0000007f       0x80 c:/nxp/mcuxpressoide_10.1.1_606/ide/tools/bin/../lib/gcc/arm-none-eabi/6.3.1/../../../../arm-none-eabi/lib/thumb/v7e-m/fpv4-sp/hard\libcr_c.a(_fflush.o)
 .comment       0x0000007f       0x80 c:/nxp/mcuxpressoide_10.1.1_606/ide/tools/bin/../lib/gcc/arm-none-eabi/6.3.1/../../../../arm-none-eabi/lib/thumb/v7e-m/fpv4-sp/hard\libcr_c.a(_writebuf.o)
 .comment       0x0000007f       0x80 c:/nxp/mcuxpressoide_10.1.1_606/ide/tools/bin/../lib/gcc/arm-none-eabi/6.3.1/../../../../arm-none-eabi/lib/thumb/v7e-m/fpv4-sp/hard\libcr_c.a(alloc.o)
 .comment       0x0000007f       0x80 c:/nxp/mcuxpressoide_10.1.1_606/ide/tools/bin/../lib/gcc/arm-none-eabi/6.3.1/../../../../arm-none-eabi/lib/thumb/v7e-m/fpv4-sp/hard\libcr_c.a(fputs.o)
 .comment       0x0000007f       0x80 c:/nxp/mcuxpressoide_10.1.1_606/ide/tools/bin/../lib/gcc/arm-none-eabi/6.3.1/../../../../arm-none-eabi/lib/thumb/v7e-m/fpv4-sp/hard\libcr_c.a(fseek.o)
 .comment       0x0000007f       0x80 c:/nxp/mcuxpressoide_10.1.1_606/ide/tools/bin/../lib/gcc/arm-none-eabi/6.3.1/../../../../arm-none-eabi/lib/thumb/v7e-m/fpv4-sp/hard\libcr_c.a(ftell.o)
 .comment       0x0000007f       0x80 c:/nxp/mcuxpressoide_10.1.1_606/ide/tools/bin/../lib/gcc/arm-none-eabi/6.3.1/../../../../arm-none-eabi/lib/thumb/v7e-m/fpv4-sp/hard\libcr_c.a(initio.o)
 .comment       0x0000007f       0x80 c:/nxp/mcuxpressoide_10.1.1_606/ide/tools/bin/../lib/gcc/arm-none-eabi/6.3.1/../../../../arm-none-eabi/lib/thumb/v7e-m/fpv4-sp/hard\libcr_c.a(setvbuf.o)
 .comment       0x0000007f       0x80 c:/nxp/mcuxpressoide_10.1.1_606/ide/tools/bin/../lib/gcc/arm-none-eabi/6.3.1/../../../../arm-none-eabi/lib/thumb/v7e-m/fpv4-sp/hard\libcr_c.a(strlen.o)
 .comment       0x0000007f       0x80 c:/nxp/mcuxpressoide_10.1.1_606/ide/tools/bin/../lib/gcc/arm-none-eabi/6.3.1/../../../../arm-none-eabi/lib/thumb/v7e-m/fpv4-sp/hard\libcr_c.a(__init_alloc.o)
 .comment       0x0000007f       0x80 c:/nxp/mcuxpressoide_10.1.1_606/ide/tools/bin/../lib/gcc/arm-none-eabi/6.3.1/../../../../arm-none-eabi/lib/thumb/v7e-m/fpv4-sp/hard\libcr_c.a(_cr_sbrk.o)
 .comment       0x0000007f       0x80 c:/nxp/mcuxpressoide_10.1.1_606/ide/tools/bin/../lib/gcc/arm-none-eabi/6.3.1/../../../../arm-none-eabi/lib/thumb/v7e-m/fpv4-sp/hard\libcr_c.a(_fdopen.o)
 .comment       0x0000007f       0x80 c:/nxp/mcuxpressoide_10.1.1_606/ide/tools/bin/../lib/gcc/arm-none-eabi/6.3.1/../../../../arm-none-eabi/lib/thumb/v7e-m/fpv4-sp/hard\libcr_c.a(errno.o)
 .comment       0x0000007f       0x80 c:/nxp/mcuxpressoide_10.1.1_606/ide/tools/bin/../lib/gcc/arm-none-eabi/6.3.1/../../../../arm-none-eabi/lib/thumb/v7e-m/fpv4-sp/hard\libcr_c.a(fclose.o)
 .comment       0x0000007f       0x80 c:/nxp/mcuxpressoide_10.1.1_606/ide/tools/bin/../lib/gcc/arm-none-eabi/6.3.1/../../../../arm-none-eabi/lib/thumb/v7e-m/fpv4-sp/hard\libcr_c.a(fflush.o)
 .comment       0x0000007f       0x80 c:/nxp/mcuxpressoide_10.1.1_606/ide/tools/bin/../lib/gcc/arm-none-eabi/6.3.1/../../../../arm-none-eabi/lib/thumb/v7e-m/fpv4-sp/hard\libcr_c.a(remove.o)
 .comment       0x0000007f       0x80 c:/nxp/mcuxpressoide_10.1.1_606/ide/tools/bin/../lib/gcc/arm-none-eabi/6.3.1/../../../../arm-none-eabi/lib/thumb/v7e-m/fpv4-sp/hard\libcr_c.a(_cr_check_heap.o)
 .comment       0x0000007f       0x80 c:/nxp/mcuxpressoide_10.1.1_606/ide/tools/bin/../lib/gcc/arm-none-eabi/6.3.1/../../../../arm-none-eabi/lib/thumb/v7e-m/fpv4-sp/hard\libcr_c.a(_do_fflush.o)
 .comment       0x0000007f       0x80 c:/nxp/mcuxpressoide_10.1.1_606/ide/tools/bin/../lib/gcc/arm-none-eabi/6.3.1/../../../../arm-none-eabi/lib/thumb/v7e-m/fpv4-sp/hard\libcr_nohost_nf.a(__sys_close.o)
 .comment       0x0000007f       0x80 c:/nxp/mcuxpressoide_10.1.1_606/ide/tools/bin/../lib/gcc/arm-none-eabi/6.3.1/../../../../arm-none-eabi/lib/thumb/v7e-m/fpv4-sp/hard\libcr_nohost_nf.a(__sys_flen.o)
 .comment       0x0000007f       0x80 c:/nxp/mcuxpressoide_10.1.1_606/ide/tools/bin/../lib/gcc/arm-none-eabi/6.3.1/../../../../arm-none-eabi/lib/thumb/v7e-m/fpv4-sp/hard\libcr_nohost_nf.a(__sys_istty.o)
 .comment       0x0000007f       0x80 c:/nxp/mcuxpressoide_10.1.1_606/ide/tools/bin/../lib/gcc/arm-none-eabi/6.3.1/../../../../arm-none-eabi/lib/thumb/v7e-m/fpv4-sp/hard\libcr_nohost_nf.a(__sys_remove.o)
 .comment       0x0000007f       0x80 c:/nxp/mcuxpressoide_10.1.1_606/ide/tools/bin/../lib/gcc/arm-none-eabi/6.3.1/../../../../arm-none-eabi/lib/thumb/v7e-m/fpv4-sp/hard\libcr_nohost_nf.a(__sys_seek.o)
 .comment       0x0000007f       0x80 c:/nxp/mcuxpressoide_10.1.1_606/ide/tools/bin/../lib/gcc/arm-none-eabi/6.3.1/../../../../arm-none-eabi/lib/thumb/v7e-m/fpv4-sp/hard\libcr_nohost_nf.a(__sys_tmpnam.o)
 .comment       0x0000007f       0x80 c:/nxp/mcuxpressoide_10.1.1_606/ide/tools/bin/../lib/gcc/arm-none-eabi/6.3.1/../../../../arm-none-eabi/lib/thumb/v7e-m/fpv4-sp/hard\libcr_nohost_nf.a(__sys_write.o)

.ARM.attributes
                0x00000000       0x37
 .ARM.attributes
                0x00000000       0x39 ./utilities/fsl_debug_console.o
 .ARM.attributes
                0x00000039       0x39 ./utilities/fsl_io.o
 .ARM.attributes
                0x00000072       0x39 ./utilities/fsl_log.o
 .ARM.attributes
                0x000000ab       0x39 ./utilities/fsl_str.o
 .ARM.attributes
                0x000000e4       0x39 ./startup/startup_mk64f12.o
 .ARM.attributes
                0x0000011d       0x39 ./source/freertos_i2c.o
 .ARM.attributes
                0x00000156       0x39 ./source/semihost_hardfault.o
 .ARM.attributes
                0x0000018f       0x39 ./freertos/source/event_groups.o
 .ARM.attributes
                0x000001c8       0x39 ./freertos/source/list.o
 .ARM.attributes
                0x00000201       0x39 ./freertos/source/queue.o
 .ARM.attributes
                0x0000023a       0x39 ./freertos/source/tasks.o
 .ARM.attributes
                0x00000273       0x39 ./freertos/source/timers.o
 .ARM.attributes
                0x000002ac       0x39 ./freertos/portable/fsl_tickless_systick.o
 .ARM.attributes
                0x000002e5       0x39 ./freertos/portable/heap_4.o
 .ARM.attributes
                0x0000031e       0x39 ./freertos/portable/port.o
 .ARM.attributes
                0x00000357       0x39 ./drivers/fsl_clock.o
 .ARM.attributes
                0x00000390       0x39 ./drivers/fsl_i2c.o
 .ARM.attributes
                0x000003c9       0x39 ./drivers/fsl_uart.o
 .ARM.attributes
                0x00000402       0x39 ./board/board.o
 .ARM.attributes
                0x0000043b       0x39 ./board/clock_config.o
 .ARM.attributes
                0x00000474       0x39 ./board/peripherals.o
 .ARM.attributes
                0x000004ad       0x39 ./board/pin_mux.o
 .ARM.attributes
                0x000004e6       0x39 ./CMSIS/system_MK64F12.o
 .ARM.attributes
                0x0000051f       0x39 c:/nxp/mcuxpressoide_10.1.1_606/ide/tools/bin/../lib/gcc/arm-none-eabi/6.3.1/../../../../arm-none-eabi/lib/thumb/v7e-m/fpv4-sp/hard\libcr_nohost_nf.a(_cr__main.o)
 .ARM.attributes
                0x00000558       0x39 c:/nxp/mcuxpressoide_10.1.1_606/ide/tools/bin/../lib/gcc/arm-none-eabi/6.3.1/../../../../arm-none-eabi/lib/thumb/v7e-m/fpv4-sp/hard\libcr_nohost_nf.a(_cr_assert.o)
 .ARM.attributes
                0x00000591       0x39 c:/nxp/mcuxpressoide_10.1.1_606/ide/tools/bin/../lib/gcc/arm-none-eabi/6.3.1/../../../../arm-none-eabi/lib/thumb/v7e-m/fpv4-sp/hard\libcr_nohost_nf.a(__ciob.o)
 .ARM.attributes
                0x000005ca       0x39 c:/nxp/mcuxpressoide_10.1.1_606/ide/tools/bin/../lib/gcc/arm-none-eabi/6.3.1/../../../../arm-none-eabi/lib/thumb/v7e-m/fpv4-sp/hard\libcr_nohost_nf.a(__sys_appexit.o)
 .ARM.attributes
                0x00000603       0x39 c:/nxp/mcuxpressoide_10.1.1_606/ide/tools/bin/../lib/gcc/arm-none-eabi/6.3.1/../../../../arm-none-eabi/lib/thumb/v7e-m/fpv4-sp/hard\libcr_c.a(memcpy.o)
 .ARM.attributes
                0x0000063c       0x39 c:/nxp/mcuxpressoide_10.1.1_606/ide/tools/bin/../lib/gcc/arm-none-eabi/6.3.1/../../../../arm-none-eabi/lib/thumb/v7e-m/fpv4-sp/hard\libcr_c.a(memset.o)
 .ARM.attributes
                0x00000675       0x39 c:/nxp/mcuxpressoide_10.1.1_606/ide/tools/bin/../lib/gcc/arm-none-eabi/6.3.1/../../../../arm-none-eabi/lib/thumb/v7e-m/fpv4-sp/hard\libcr_c.a(_deferredlazyseek.o)
 .ARM.attributes
                0x000006ae       0x39 c:/nxp/mcuxpressoide_10.1.1_606/ide/tools/bin/../lib/gcc/arm-none-eabi/6.3.1/../../../../arm-none-eabi/lib/thumb/v7e-m/fpv4-sp/hard\libcr_c.a(_fflush.o)
 .ARM.attributes
                0x000006e7       0x39 c:/nxp/mcuxpressoide_10.1.1_606/ide/tools/bin/../lib/gcc/arm-none-eabi/6.3.1/../../../../arm-none-eabi/lib/thumb/v7e-m/fpv4-sp/hard\libcr_c.a(_writebuf.o)
 .ARM.attributes
                0x00000720       0x39 c:/nxp/mcuxpressoide_10.1.1_606/ide/tools/bin/../lib/gcc/arm-none-eabi/6.3.1/../../../../arm-none-eabi/lib/thumb/v7e-m/fpv4-sp/hard\libcr_c.a(alloc.o)
 .ARM.attributes