Archive member included to satisfy reference by file (symbol)

c:/nxp/mcuxpressoide_10.1.1_606/ide/tools/bin/../lib/gcc/arm-none-eabi/6.3.1/../../../../arm-none-eabi/lib/thumb/v7e-m/fpv4-sp/hard\libcr_nohost_nf.a(_cr__main.o)
                              ./startup/startup_mk64f12.o (__main)
c:/nxp/mcuxpressoide_10.1.1_606/ide/tools/bin/../lib/gcc/arm-none-eabi/6.3.1/../../../../arm-none-eabi/lib/thumb/v7e-m/fpv4-sp/hard\libcr_nohost_nf.a(_cr_assert.o)
                              ./utilities/fsl_debug_console.o (__assertion_failed)
c:/nxp/mcuxpressoide_10.1.1_606/ide/tools/bin/../lib/gcc/arm-none-eabi/6.3.1/../../../../arm-none-eabi/lib/thumb/v7e-m/fpv4-sp/hard\libcr_nohost_nf.a(__ciob.o)
                              c:/nxp/mcuxpressoide_10.1.1_606/ide/tools/bin/../lib/gcc/arm-none-eabi/6.3.1/../../../../arm-none-eabi/lib/thumb/v7e-m/fpv4-sp/hard\libcr_nohost_nf.a(_cr_assert.o) (__Ciob)
c:/nxp/mcuxpressoide_10.1.1_606/ide/tools/bin/../lib/gcc/arm-none-eabi/6.3.1/../../../../arm-none-eabi/lib/thumb/v7e-m/fpv4-sp/hard\libcr_nohost_nf.a(__sys_appexit.o)
                              c:/nxp/mcuxpressoide_10.1.1_606/ide/tools/bin/../lib/gcc/arm-none-eabi/6.3.1/../../../../arm-none-eabi/lib/thumb/v7e-m/fpv4-sp/hard\libcr_nohost_nf.a(_cr_assert.o) (__sys_appexit)
c:/nxp/mcuxpressoide_10.1.1_606/ide/tools/bin/../lib/gcc/arm-none-eabi/6.3.1/../../../../arm-none-eabi/lib/thumb/v7e-m/fpv4-sp/hard\libcr_c.a(memcpy.o)
                              ./freertos/source/queue.o (memcpy)
c:/nxp/mcuxpressoide_10.1.1_606/ide/tools/bin/../lib/gcc/arm-none-eabi/6.3.1/../../../../arm-none-eabi/lib/thumb/v7e-m/fpv4-sp/hard\libcr_c.a(memset.o)
                              ./utilities/fsl_debug_console.o (memset)
c:/nxp/mcuxpressoide_10.1.1_606/ide/tools/bin/../lib/gcc/arm-none-eabi/6.3.1/../../../../arm-none-eabi/lib/thumb/v7e-m/fpv4-sp/hard\libcr_c.a(_deferredlazyseek.o)
                              c:/nxp/mcuxpressoide_10.1.1_606/ide/tools/bin/../lib/gcc/arm-none-eabi/6.3.1/../../../../arm-none-eabi/lib/thumb/v7e-m/fpv4-sp/hard\libcr_nohost_nf.a(_cr_assert.o) (__flsbuf)
c:/nxp/mcuxpressoide_10.1.1_606/ide/tools/bin/../lib/gcc/arm-none-eabi/6.3.1/../../../../arm-none-eabi/lib/thumb/v7e-m/fpv4-sp/hard\libcr_c.a(_fflush.o)
                              c:/nxp/mcuxpressoide_10.1.1_606/ide/tools/bin/../lib/gcc/arm-none-eabi/6.3.1/../../../../arm-none-eabi/lib/thumb/v7e-m/fpv4-sp/hard\libcr_c.a(_deferredlazyseek.o) (_fflush)
c:/nxp/mcuxpressoide_10.1.1_606/ide/tools/bin/../lib/gcc/arm-none-eabi/6.3.1/../../../../arm-none-eabi/lib/thumb/v7e-m/fpv4-sp/hard\libcr_c.a(_writebuf.o)
                              c:/nxp/mcuxpressoide_10.1.1_606/ide/tools/bin/../lib/gcc/arm-none-eabi/6.3.1/../../../../arm-none-eabi/lib/thumb/v7e-m/fpv4-sp/hard\libcr_c.a(_deferredlazyseek.o) (_Cwritebuf)
c:/nxp/mcuxpressoide_10.1.1_606/ide/tools/bin/../lib/gcc/arm-none-eabi/6.3.1/../../../../arm-none-eabi/lib/thumb/v7e-m/fpv4-sp/hard\libcr_c.a(alloc.o)
                              c:/nxp/mcuxpressoide_10.1.1_606/ide/tools/bin/../lib/gcc/arm-none-eabi/6.3.1/../../../../arm-none-eabi/lib/thumb/v7e-m/fpv4-sp/hard\libcr_c.a(_deferredlazyseek.o) (_Csys_alloc)
c:/nxp/mcuxpressoide_10.1.1_606/ide/tools/bin/../lib/gcc/arm-none-eabi/6.3.1/../../../../arm-none-eabi/lib/thumb/v7e-m/fpv4-sp/hard\libcr_c.a(fputs.o)
                              c:/nxp/mcuxpressoide_10.1.1_606/ide/tools/bin/../lib/gcc/arm-none-eabi/6.3.1/../../../../arm-none-eabi/lib/thumb/v7e-m/fpv4-sp/hard\libcr_nohost_nf.a(_cr_assert.o) (fputs)
c:/nxp/mcuxpressoide_10.1.1_606/ide/tools/bin/../lib/gcc/arm-none-eabi/6.3.1/../../../../arm-none-eabi/lib/thumb/v7e-m/fpv4-sp/hard\libcr_c.a(fseek.o)
                              c:/nxp/mcuxpressoide_10.1.1_606/ide/tools/bin/../lib/gcc/arm-none-eabi/6.3.1/../../../../arm-none-eabi/lib/thumb/v7e-m/fpv4-sp/hard\libcr_c.a(_deferredlazyseek.o) (fseek)
c:/nxp/mcuxpressoide_10.1.1_606/ide/tools/bin/../lib/gcc/arm-none-eabi/6.3.1/../../../../arm-none-eabi/lib/thumb/v7e-m/fpv4-sp/hard\libcr_c.a(ftell.o)
                              c:/nxp/mcuxpressoide_10.1.1_606/ide/tools/bin/../lib/gcc/arm-none-eabi/6.3.1/../../../../arm-none-eabi/lib/thumb/v7e-m/fpv4-sp/hard\libcr_c.a(fseek.o) (ftell)
c:/nxp/mcuxpressoide_10.1.1_606/ide/tools/bin/../lib/gcc/arm-none-eabi/6.3.1/../../../../arm-none-eabi/lib/thumb/v7e-m/fpv4-sp/hard\libcr_c.a(initio.o)
                              c:/nxp/mcuxpressoide_10.1.1_606/ide/tools/bin/../lib/gcc/arm-none-eabi/6.3.1/../../../../arm-none-eabi/lib/thumb/v7e-m/fpv4-sp/hard\libcr_nohost_nf.a(_cr__main.o) (_initio)
c:/nxp/mcuxpressoide_10.1.1_606/ide/tools/bin/../lib/gcc/arm-none-eabi/6.3.1/../../../../arm-none-eabi/lib/thumb/v7e-m/fpv4-sp/hard\libcr_c.a(setvbuf.o)
                              c:/nxp/mcuxpressoide_10.1.1_606/ide/tools/bin/../lib/gcc/arm-none-eabi/6.3.1/../../../../arm-none-eabi/lib/thumb/v7e-m/fpv4-sp/hard\libcr_c.a(initio.o) (setvbuf)
[...]
Memory Configuration

Name             Origin             Length             Attributes
PROGRAM_FLASH    0x00000000         0x00100000         xr
SRAM_UPPER       0x20000000         0x00030000         xrw
SRAM_LOWER       0x1fff0000         0x00010000         xrw
FLEX_RAM         0x14000000         0x00001000         xrw
*default*        0x00000000         0xffffffff

Linker script and memory map

LOAD ./utilities/fsl_debug_console.o
LOAD ./utilities/fsl_io.o
LOAD ./utilities/fsl_log.o
LOAD ./utilities/fsl_str.o
LOAD ./startup/startup_mk64f12.o
LOAD ./source/p1.o
LOAD ./source/semihost_hardfault.o
LOAD ./freertos/source/croutine.o
LOAD ./freertos/source/event_groups.o
LOAD ./freertos/source/list.o
LOAD ./freertos/source/queue.o
LOAD ./freertos/source/tasks.o
LOAD ./freertos/source/timers.o
LOAD ./freertos/portable/fsl_tickless_systick.o
LOAD ./freertos/portable/heap_4.o
LOAD ./freertos/portable/port.o
LOAD ./drivers/fsl_clock.o
LOAD ./drivers/fsl_common.o
LOAD ./drivers/fsl_dspi.o
LOAD ./drivers/fsl_flash.o
LOAD ./drivers/fsl_gpio.o
LOAD ./drivers/fsl_i2c.o
LOAD ./drivers/fsl_smc.o
LOAD ./drivers/fsl_uart.o
LOAD ./board/board.o
LOAD ./board/clock_config.o
LOAD ./board/peripherals.o
LOAD ./board/pin_mux.o
LOAD ./CMSIS/system_MK64F12.o
START GROUP
LOAD c:/nxp/mcuxpressoide_10.1.1_606/ide/tools/bin/../lib/gcc/arm-none-eabi/6.3.1/../../../../arm-none-eabi/lib/thumb/v7e-m/fpv4-sp/hard\libcr_nohost_nf.a
LOAD c:/nxp/mcuxpressoide_10.1.1_606/ide/tools/bin/../lib/gcc/arm-none-eabi/6.3.1/../../../../arm-none-eabi/lib/thumb/v7e-m/fpv4-sp/hard\libcr_c.a
LOAD c:/nxp/mcuxpressoide_10.1.1_606/ide/tools/bin/../lib/gcc/arm-none-eabi/6.3.1/thumb/v7e-m/fpv4-sp/hard\libcr_eabihelpers.a
END GROUP
                0x00000000                __base_PROGRAM_FLASH = 0x0
                0x00000000                __base_Flash = 0x0
                0x00100000                __top_PROGRAM_FLASH = 0x100000
                0x00100000                __top_Flash = 0x100000
                0x20000000                __base_SRAM_UPPER = 0x20000000
                0x20000000                __base_RAM = 0x20000000
                0x20030000                __top_SRAM_UPPER = 0x20030000
                0x20030000                __top_RAM = 0x20030000
                0x1fff0000                __base_SRAM_LOWER = 0x1fff0000
                0x1fff0000                __base_RAM2 = 0x1fff0000
                0x20000000                __top_SRAM_LOWER = 0x20000000
                0x20000000                __top_RAM2 = 0x20000000
                0x14000000                __base_FLEX_RAM = 0x14000000
                0x14000000                __base_RAM3 = 0x14000000
                0x14001000                __top_FLEX_RAM = 0x14001000
                0x14001000                __top_RAM3 = 0x14001000

.text           0x00000000    0x10600
 FILL mask 0xff
                0x00000000                __vectors_start__ = ABSOLUTE (.)
 *(.isr_vector)
 .isr_vector    0x00000000      0x198 ./startup/startup_mk64f12.o
                0x00000000                g_pfnVectors
                0x00000000                __Vectors
                0x00000198                . = ALIGN (0x4)
                0x00000198                __section_table_start = .
                0x00000198                __data_section_table = .
                0x00000198        0x4 LONG 0x10600 LOADADDR (.data)
                0x0000019c        0x4 LONG 0x20000000 ADDR (.data)
                0x000001a0        0x4 LONG 0x10 SIZEOF (.data)
                0x000001a4        0x4 LONG 0x10600 LOADADDR (.data_RAM2)
                0x000001a8        0x4 LONG 0x1fff0000 ADDR (.data_RAM2)
                0x000001ac        0x4 LONG 0x0 SIZEOF (.data_RAM2)
                0x000001b0        0x4 LONG 0x10600 LOADADDR (.data_RAM3)
                0x000001b4        0x4 LONG 0x14000000 ADDR (.data_RAM3)
                0x000001b8        0x4 LONG 0x0 SIZEOF (.data_RAM3)
                0x000001bc                __data_section_table_end = .
                0x000001bc                __bss_section_table = .
                0x000001bc        0x4 LONG 0x20000010 ADDR (.bss)
                0x000001c0        0x4 LONG 0x2ba0 SIZEOF (.bss)
                0x000001c4        0x4 LONG 0x1fff0000 ADDR (.bss_RAM2)
                0x000001c8        0x4 LONG 0x0 SIZEOF (.bss_RAM2)
                0x000001cc        0x4 LONG 0x14000000 ADDR (.bss_RAM3)
                0x000001d0        0x4 LONG 0x0 SIZEOF (.bss_RAM3)
                0x000001d4                __bss_section_table_end = .
                0x000001d4                __section_table_end = .
 *(.after_vectors*)
 .after_vectors.init_data
                0x000001d4       0x1e ./startup/startup_mk64f12.o
                0x000001d4                data_init
 .after_vectors.init_bss
                0x000001f2       0x12 ./startup/startup_mk64f12.o
                0x000001f2                bss_init
 .after_vectors.reset
                0x00000204       0x4c ./startup/startup_mk64f12.o
                0x00000204                ResetISR
 .after_vectors
                0x00000250       0x14 ./startup/startup_mk64f12.o
                0x00000250                NMI_Handler
                0x00000254                MemManage_Handler
                0x00000256                BusFault_Handler
                0x00000258                UsageFault_Handler
                0x0000025c                DebugMon_Handler
                0x00000262                DMA_Error_DriverIRQHandler
                0x00000262                LPTMR0_DriverIRQHandler
                0x00000262                FTM1_DriverIRQHandler
                0x00000262                FTM2_DriverIRQHandler
                0x00000262                PIT2_DriverIRQHandler
                0x00000262                SDHC_DriverIRQHandler
                0x00000262                I2S0_Tx_DriverIRQHandler
                0x00000262                RTC_Seconds_DriverIRQHandler
                0x00000262                DMA6_DriverIRQHandler
                0x00000262                LLWU_DriverIRQHandler
                0x00000262                MCM_DriverIRQHandler
                0x00000262                MCG_DriverIRQHandler
                0x00000262                ENET_1588_Timer_DriverIRQHandler
                0x00000262                DAC1_DriverIRQHandler
                0x00000262                DMA12_DriverIRQHandler
                0x00000262                CMP1_DriverIRQHandler
                0x00000262                FTM0_DriverIRQHandler
                0x00000262                IntDefaultHandler
                0x00000262                USB0_DriverIRQHandler
                0x00000262                UART5_ERR_DriverIRQHandler
                0x00000262                PORTC_DriverIRQHandler
                0x00000262                DMA11_DriverIRQHandler
                0x00000262                DAC0_DriverIRQHandler
                0x00000262                DMA10_DriverIRQHandler
                0x00000262                CMP2_DriverIRQHandler
                0x00000262                UART2_ERR_DriverIRQHandler
                0x00000262                LVD_LVW_DriverIRQHandler
                0x00000262                PIT0_DriverIRQHandler
                0x00000262                RNG_DriverIRQHandler
                0x00000262                PORTB_DriverIRQHandler
                0x00000262                DMA4_DriverIRQHandler
                0x00000262                USBDCD_DriverIRQHandler
                0x00000262                UART3_ERR_DriverIRQHandler
                0x00000262                DMA3_DriverIRQHandler
                0x00000262                DMA8_DriverIRQHandler
                0x00000262                DMA9_DriverIRQHandler
                0x00000262                UART0_ERR_DriverIRQHandler
                0x00000262                CMT_DriverIRQHandler
                0x00000262                Reserved71_DriverIRQHandler
                0x00000262                ADC1_DriverIRQHandler
                0x00000262                PORTA_DriverIRQHandler
                0x00000262                DMA14_DriverIRQHandler
                0x00000262                PIT3_DriverIRQHandler
                0x00000262                PIT1_DriverIRQHandler
                0x00000262                WDOG_EWM_DriverIRQHandler
                0x00000262                PDB0_DriverIRQHandler
                0x00000262                RTC_DriverIRQHandler
                0x00000262                I2S0_Rx_DriverIRQHandler
                0x00000262                Read_Collision_DriverIRQHandler
                0x00000262                SWI_DriverIRQHandler
                0x00000262                UART4_ERR_DriverIRQHandler
                0x00000262                DMA0_DriverIRQHandler
                0x00000262                UART0_LON_DriverIRQHandler
                0x00000262                DMA1_DriverIRQHandler
                0x00000262                ENET_Receive_DriverIRQHandler
                0x00000262                DMA13_DriverIRQHandler
                0x00000262                ENET_Error_DriverIRQHandler
                0x00000262                DMA15_DriverIRQHandler
                0x00000262                ADC0_DriverIRQHandler
                0x00000262                CMP0_DriverIRQHandler
                0x00000262                CAN0_DriverIRQHandler
                0x00000262                FTM3_DriverIRQHandler
                0x00000262                DMA5_DriverIRQHandler
                0x00000262                UART1_ERR_DriverIRQHandler
                0x00000262                DMA2_DriverIRQHandler
                0x00000262                ENET_Transmit_DriverIRQHandler
                0x00000262                PORTD_DriverIRQHandler
                0x00000262                PORTE_DriverIRQHandler
                0x00000262                FTFE_DriverIRQHandler
                0x00000262                DMA7_DriverIRQHandler
                0x00000400                . = 0x400
 *fill*         0x00000264      0x19c ff
                0x00000400                PROVIDE (__FLASH_CONFIG_START__, .)
 *(.FlashConfig)
 .FlashConfig   0x00000400       0x10 ./startup/startup_mk64f12.o
                0x00000400                Flash_Config
                0x00000410                PROVIDE (__FLASH_CONFIG_END__, .)
                0x00000001                ASSERT (! ((__FLASH_CONFIG_START__ == __FLASH_CONFIG_END__)), Linker Flash Config Support Enabled, but no .FlashConfig section provided within application)
 *(.text*)
 .text          0x00000410      0x198 ./utilities/fsl_debug_console.o
                0x00000410                DbgConsole_Init
                0x00000448                DbgConsole_Deinit
                0x00000456                DbgConsole_Flush
                0x00000464                DbgConsole_Printf
                0x000004c8                DbgConsole_Putchar
                0x000004e4                DbgConsole_Scanf
                0x0000052a                DbgConsole_Getchar
 .text          0x000005a8      0x1cc ./utilities/fsl_io.o
                0x00000628                IO_Init
                0x000006a8                IO_Deinit
                0x000006e8                IO_WaitIdle
                0x00000718                IO_Transfer
 .text          0x00000774      0x1c8 ./utilities/fsl_log.o
                0x00000774                LOG_Init
                0x000007a4                LOG_Deinit
                0x000007b0                LOG_WaitIdle
                0x000007be                LOG_Push
                0x000007ec                LOG_Pop
                0x0000082e                LOG_ReadLine
                0x000008d4                LOG_ReadCharacter
 .text          0x0000093c      0xab4 ./utilities/fsl_str.o
                0x00000ab0                StrFormatPrintf
                0x00000e0a                StrFormatScanf
 .text          0x000013f0      0x2b0 ./startup/startup_mk64f12.o
                0x000013f0                DMA0_IRQHandler
                0x000013f8                DMA1_IRQHandler
                0x00001400                DMA2_IRQHandler
                0x00001408                DMA3_IRQHandler
                0x00001410                DMA4_IRQHandler
                0x00001418                DMA5_IRQHandler
                0x00001420                DMA6_IRQHandler
                0x00001428                DMA7_IRQHandler
                0x00001430                DMA8_IRQHandler
                0x00001438                DMA9_IRQHandler
                0x00001440                DMA10_IRQHandler
                0x00001448                DMA11_IRQHandler
                0x00001450                DMA12_IRQHandler
                0x00001458                DMA13_IRQHandler
                0x00001460                DMA14_IRQHandler
                0x00001468                DMA15_IRQHandler
                0x00001470                DMA_Error_IRQHandler
                0x00001478                MCM_IRQHandler
                0x00001480                FTFE_IRQHandler
                0x00001488                Read_Collision_IRQHandler
                0x00001490                LVD_LVW_IRQHandler
                0x00001498                LLWU_IRQHandler
                0x000014a0                WDOG_EWM_IRQHandler
                0x000014a8                RNG_IRQHandler
                0x000014b0                I2C0_IRQHandler
                0x000014b8                I2C1_IRQHandler
                0x000014c0                SPI0_IRQHandler
                0x000014c8                SPI1_IRQHandler
                0x000014d0                I2S0_Tx_IRQHandler
                0x000014d8                I2S0_Rx_IRQHandler
                0x000014e0                UART0_LON_IRQHandler
                0x000014e8                UART0_RX_TX_IRQHandler
                0x000014f0                UART0_ERR_IRQHandler
                0x000014f8                UART1_RX_TX_IRQHandler
                0x00001500                UART1_ERR_IRQHandler
                0x00001508                UART2_RX_TX_IRQHandler
                0x00001510                UART2_ERR_IRQHandler
                0x00001518                UART3_RX_TX_IRQHandler
                0x00001520                UART3_ERR_IRQHandler
                0x00001528                ADC0_IRQHandler
                0x00001530                CMP0_IRQHandler
                0x00001538                CMP1_IRQHandler
                0x00001540                FTM0_IRQHandler
                0x00001548                FTM1_IRQHandler
                0x00001550                FTM2_IRQHandler
                0x00001558                CMT_IRQHandler
                0x00001560                RTC_IRQHandler
                0x00001568                RTC_Seconds_IRQHandler
                0x00001570                PIT0_IRQHandler
                0x00001578                PIT1_IRQHandler
                0x00001580                PIT2_IRQHandler
                0x00001588                PIT3_IRQHandler
                0x00001590                PDB0_IRQHandler
                0x00001598                USB0_IRQHandler
                0x000015a0                USBDCD_IRQHandler
                0x000015a8                Reserved71_IRQHandler
                0x000015b0                DAC0_IRQHandler
                0x000015b8                MCG_IRQHandler
                0x000015c0                LPTMR0_IRQHandler
                0x000015c8                PORTA_IRQHandler
                0x000015d0                PORTB_IRQHandler
                0x000015d8                PORTC_IRQHandler
                0x000015e0                PORTD_IRQHandler
                0x000015e8                PORTE_IRQHandler
                0x000015f0                SWI_IRQHandler
                0x000015f8                SPI2_IRQHandler
                0x00001600                UART4_RX_TX_IRQHandler
                0x00001608                UART4_ERR_IRQHandler
                0x00001610                UART5_RX_TX_IRQHandler
                0x00001618                UART5_ERR_IRQHandler
                0x00001620                CMP2_IRQHandler
                0x00001628                FTM3_IRQHandler
                0x00001630                DAC1_IRQHandler
                0x00001638                ADC1_IRQHandler
                0x00001640                I2C2_IRQHandler
                0x00001648                CAN0_ORed_Message_buffer_IRQHandler
                0x00001650                CAN0_Bus_Off_IRQHandler
                0x00001658                CAN0_Error_IRQHandler
                0x00001660                CAN0_Tx_Warning_IRQHandler
                0x00001668                CAN0_Rx_Warning_IRQHandler
                0x00001670                CAN0_Wake_Up_IRQHandler
                0x00001678                SDHC_IRQHandler
                0x00001680                ENET_1588_Timer_IRQHandler
                0x00001688                ENET_Transmit_IRQHandler
                0x00001690                ENET_Receive_IRQHandler
                0x00001698                ENET_Error_IRQHandler
 .text          0x000016a0      0x3d0 ./source/p1.o
                0x000017ec                ST_RTC
                0x00001898                Read_RTC
                0x00001938                main
 .text          0x00001a70       0x2a ./source/semihost_hardfault.o
                0x00001a70                HardFault_Handler
 *fill*         0x00001a9a        0x2 ff
 .text          0x00001a9c      0x628 ./freertos/source/event_groups.o
                0x00001a9c                xEventGroupCreate
                0x00001aca                xEventGroupSync
                0x00001c1c                xEventGroupWaitBits
                0x00001dac                xEventGroupClearBits
                0x00001e18                xEventGroupClearBitsFromISR
                0x00001e40                xEventGroupGetBitsFromISR
                0x00001e86                xEventGroupSetBits
                0x00001f98                vEventGroupDelete
                0x00001ff8                vEventGroupSetBitsCallback
                0x00002012                vEventGroupClearBitsCallback
                0x00002070                xEventGroupSetBitsFromISR
                0x00002098                uxEventGroupGetNumber
 .text          0x000020c4      0x168 ./freertos/source/list.o
                0x000020c4                vListInitialise
                0x00002104                vListInitialiseItem
                0x0000211e                vListInsertEnd
                0x00002166                vListInsert
                0x000021d8                uxListRemove
 .text          0x0000222c     0x1078 ./freertos/source/queue.o
                0x0000222c                xQueueGenericReset
                0x000022fc                xQueueGenericCreate
                0x000023e8                xQueueCreateMutex
                0x00002418                xQueueGiveMutexRecursive
                0x0000247e                xQueueTakeMutexRecursive
                0x000024ec                xQueueCreateCountingSemaphore
                0x0000254e                xQueueGenericSend
                0x00002744                xQueueGenericSendFromISR
                0x0000286c                xQueueGiveFromISR
                0x0000297e                xQueueGenericReceive
                0x00002ba4                xQueueReceiveFromISR
                0x00002c9e                xQueuePeekFromISR
                0x00002d68                uxQueueMessagesWaiting
                0x00002da2                uxQueueSpacesAvailable
                0x00002de6                uxQueueMessagesWaitingFromISR
                0x00002e1c                vQueueDelete
                0x00002e56                uxQueueGetQueueNumber
                0x00002e6e                vQueueSetQueueNumber
                0x00002e8a                ucQueueGetQueueType
                0x00003094                xQueueIsQueueEmptyFromISR
                0x00003106                xQueueIsQueueFullFromISR
                0x0000314c                vQueueAddToRegistry
                0x0000319c                pcQueueGetName
                0x000031e8                vQueueUnregisterQueue
                0x0000323c                vQueueWaitForMessageRestricted
 .text          0x000032a4     0x214c ./freertos/source/tasks.o
                0x000032a4                xTaskCreate
                0x0000352c                vTaskDelete
                0x00003648                vTaskDelayUntil
                0x0000373c                vTaskDelay
                0x000037a4                eTaskGetState
                0x00003854                uxTaskPriorityGet
                0x00003888                uxTaskPriorityGetFromISR
                0x000038e0                vTaskPrioritySet
                0x00003a3c                vTaskSuspend
                0x00003bc0                vTaskResume
                0x00003c78                xTaskResumeFromISR
                0x00003d58                vTaskStartScheduler
                0x00003df0                vTaskEndScheduler
                0x00003e20                vTaskSuspendAll
                0x00003e3c                xTaskResumeAll
                0x00003f74                xTaskGetTickCount
                0x00003f94                xTaskGetTickCountFromISR
                0x00003fb8                uxTaskGetNumberOfTasks
                0x00003fd0                pcTaskGetName
                0x00004018                uxTaskGetSystemState
                0x00004134                xTaskIncrementTick
                0x0000428c                vTaskSwitchContext
                0x00004340                vTaskPlaceOnEventList
                0x00004388                vTaskPlaceOnUnorderedEventList
                0x000043fc                vTaskPlaceOnEventListRestricted
                0x00004450                xTaskRemoveFromEventList
                0x00004514                xTaskRemoveFromUnorderedEventList
                0x000045e0                vTaskSetTimeOutState
                0x00004628                xTaskCheckForTimeOut
                0x000046e4                vTaskMissedYield
                0x000046fc                uxTaskGetTaskNumber
                0x00004728                vTaskSetTaskNumber
                0x0000477c                vTaskSetThreadLocalStoragePointer
                0x000047bc                pvTaskGetThreadLocalStoragePointer
                0x000048fc                vTaskGetInfo
                0x00004b00                xTaskGetCurrentTaskHandle
                0x00004b20                xTaskGetSchedulerState
                0x00004b5c                vTaskPriorityInherit
                0x00004c48                xTaskPriorityDisinherit
                0x00004d50                uxTaskResetEventItemValue
                0x00004d80                pvTaskIncrementMutexHeldCount
                0x00004da8                ulTaskNotifyTake
                0x00004e38                xTaskNotifyWait
                0x00004eec                xTaskGenericNotify
                0x0000502c                xTaskGenericNotifyFromISR
                0x000051b8                vTaskNotifyGiveFromISR
                0x000052d8                xTaskNotifyStateClear
 .text          0x000053f0      0x8a0 ./freertos/source/timers.o
                0x000053f0                xTimerCreateTimerTask
                0x00005454                xTimerCreate
                0x000054f0                xTimerGenericCommand
                0x00005588                xTimerGetTimerDaemonTaskHandle
                0x000055c0                xTimerGetPeriod
                0x000055f6                xTimerGetExpiryTime
                0x00005630                pcTimerGetName
                0x00005b30                xTimerIsTimerActive
                0x00005b78                pvTimerGetTimerID
                0x00005bb6                vTimerSetTimerID
                0x00005bf4                xTimerPendFunctionCallFromISR
                0x00005c34                xTimerPendFunctionCall
 .text          0x00005c90       0x40 ./freertos/portable/fsl_tickless_systick.o
                0x00005c90                vPortSetupTimerInterrupt
 .text          0x00005cd0      0x3ec ./freertos/portable/heap_4.o
                0x00005cd0                pvPortMalloc
                0x00005e54                vPortFree
                0x00005f04                xPortGetFreeHeapSize
                0x00005f1c                xPortGetMinimumEverFreeHeapSize
                0x00005f34                vPortInitialiseBlocks
 *fill*         0x000060bc        0x4 ff
 .text          0x000060c0      0x41c ./freertos/portable/port.o
                0x000060c0                pxPortInitialiseStack
                0x00006164                SVC_Handler
                0x000061a2                xPortStartScheduler
                0x000062bc                vPortEndScheduler
                0x000062f0                vPortEnterCritical
                0x0000634c                vPortExitCritical
                0x0000639c                PendSV_Handler
                0x00006406                SysTick_Handler
                0x00006458                vPortValidateInterruptPriority
 .text          0x000064dc     0x1aa8 ./drivers/fsl_clock.o
                0x0000661c                CLOCK_FllStableDelay
                0x00006844                CLOCK_GetOsc0ErClkFreq
                0x0000687c                CLOCK_GetEr32kClkFreq
                0x000068ec                CLOCK_GetPllFllSelClkFreq
                0x00006940                CLOCK_GetPlatClkFreq
                0x00006968                CLOCK_GetFlashClkFreq
                0x00006990                CLOCK_GetFlexBusClkFreq
                0x000069b8                CLOCK_GetBusClkFreq
                0x000069e0                CLOCK_GetCoreSysClkFreq
                0x00006a08                CLOCK_GetFreq
                0x00006b50                CLOCK_SetSimConfig
                0x00006b88                CLOCK_EnableUsbfs0Clock
                0x00006c88                CLOCK_GetOutClkFreq
                0x00006cec                CLOCK_GetFllFreq
                0x00006d68                CLOCK_GetInternalRefClkFreq
                0x00006d8c                CLOCK_GetFixedFreqClkFreq
                0x00006dba                CLOCK_GetPll0Freq
                0x00006e20                CLOCK_SetExternalRefClkConfig
                0x00006e8c                CLOCK_SetInternalRefClkConfig
                0x00006f90                CLOCK_CalcPllDiv
                0x000070fc                CLOCK_EnablePll0
                0x00007180                CLOCK_SetOsc0MonitorMode
                0x000071fc                CLOCK_SetRtcOscMonitorMode
                0x00007248                CLOCK_SetPll0MonitorMode
                0x000072bc                CLOCK_GetStatusFlags
                0x00007340                CLOCK_ClearStatusFlags
                0x00007398                CLOCK_InitOsc0
                0x00007424                CLOCK_DeinitOsc0
                0x00007450                CLOCK_TrimInternalRefClk
                0x00007588                CLOCK_GetMode
                0x00007644                CLOCK_SetFeiMode
                0x00007704                CLOCK_SetFeeMode
                0x00007810                CLOCK_SetFbiMode
                0x000078e0                CLOCK_SetFbeMode
                0x00007a0c                CLOCK_SetBlpiMode
                0x00007a30                CLOCK_SetBlpeMode
                0x00007a54                CLOCK_SetPbeMode
                0x00007afc                CLOCK_SetPeeMode
                0x00007b34                CLOCK_ExternalModeToFbeModeQuick
                0x00007ba0                CLOCK_InternalModeToFbiModeQuick
                0x00007bec                CLOCK_BootToFeiMode
                0x00007c12                CLOCK_BootToFeeMode
                0x00007c4e                CLOCK_BootToBlpiMode
                0x00007cb4                CLOCK_BootToBlpeMode
                0x00007d38                CLOCK_BootToPeeMode
                0x00007d9c                CLOCK_SetMcgConfig
 .text          0x00007f84     0x2014 ./drivers/fsl_dspi.o
                0x0000827e                DSPI_GetInstance
                0x000082c8                DSPI_SetDummyData
                0x000082f4                DSPI_MasterInit
                0x00008460                DSPI_MasterGetDefaultConfig
                0x000084e8                DSPI_SlaveInit
                0x000085e0                DSPI_SlaveGetDefaultConfig
                0x00008630                DSPI_Deinit
                0x000086b6                DSPI_MasterSetBaudRate
                0x000087d4                DSPI_MasterSetDelayScaler
                0x000088a6                DSPI_MasterSetDelayTimes
                0x000089d0                DSPI_GetDefaultDataCommandConfig
                0x00008a10                DSPI_MasterWriteDataBlocking
                0x00008ab4                DSPI_MasterWriteCommandDataBlocking
                0x00008b0a                DSPI_SlaveWriteDataBlocking
                0x00008b60                DSPI_EnableInterrupts
                0x00008bae                DSPI_MasterTransferCreateHandle
                0x00008c00                DSPI_MasterTransferBlocking
                0x000091d8                DSPI_MasterTransferNonBlocking
                0x0000928c                DSPI_MasterHalfDuplexTransferBlocking
                0x0000935c                DSPI_MasterHalfDuplexTransferNonBlocking
                0x00009440                DSPI_MasterTransferGetCount
                0x000096c8                DSPI_MasterTransferAbort
                0x00009704                DSPI_MasterTransferHandleIRQ
                0x00009868                DSPI_SlaveTransferCreateHandle
                0x000098b8                DSPI_SlaveTransferNonBlocking
                0x000099f4                DSPI_SlaveTransferGetCount
                0x00009bf4                DSPI_SlaveTransferAbort
                0x00009c3c                DSPI_SlaveTransferHandleIRQ
                0x00009f08                SPI0_DriverIRQHandler
                0x00009f38                SPI1_DriverIRQHandler
                0x00009f68                SPI2_DriverIRQHandler
 .text          0x00009f98     0x146c ./drivers/fsl_flash.o
                0x00009f98                FLASH_Init
                0x0000a058                FLASH_PrepareExecuteInRamFunctions
                0x0000a09c                FLASH_EraseAll
                0x0000a0f0                FLASH_Erase
                0x0000a1c4                FLASH_EraseAllExecuteOnlySegments
                0x0000a218                FLASH_Program
                0x0000a2e8                FLASH_ProgramOnce
                0x0000a354                FLASH_ProgramSection
                0x0000a4a0                FLASH_ReadResource
                0x0000a578                FLASH_ReadOnce
                0x0000a5d8                FLASH_GetSecurityState
                0x0000a640                FLASH_SecurityBypass
                0x0000a6e4                FLASH_VerifyEraseAll
                0x0000a720                FLASH_VerifyErase
                0x0000a810                FLASH_VerifyProgram
                0x0000a8d8                FLASH_VerifyEraseAllExecuteOnlySegments
                0x0000a914                FLASH_IsProtected
                0x0000ab60                FLASH_IsExecuteOnly
                0x0000aba0                FLASH_GetProperty
                0x0000ac72                FLASH_SetProperty
                0x0000acb0                FLASH_SwapControl
                0x0000ad68                FLASH_Swap
                0x0000ae84                FLASH_PflashSetProtection
                0x0000aec4                FLASH_PflashGetProtection
                0x0000aef8                FLASH_PflashSetPrefetchSpeculation
                0x0000af78                FLASH_PflashGetPrefetchSpeculation
                0x0000b098                fmc_flash_cache_clear
                0x0000b0c8                fmc_flash_prefetch_speculation_clear
                0x0000b0f8                flash_cache_clear
 .text          0x0000b404     0x190c ./drivers/fsl_i2c.o
                0x0000b5a6                I2C_GetInstance
                0x0000ba90                I2C_MasterInit
                0x0000bb6c                I2C_MasterDeinit
                0x0000bb9c                I2C_MasterGetDefaultConfig
                0x0000bbd8                I2C_EnableInterrupts
                0x0000bc2e                I2C_DisableInterrupts
                0x0000bc78                I2C_MasterSetBaudRate
                0x0000bd58                I2C_MasterStart
                0x0000bdba                I2C_MasterRepeatedStart
                0x0000be54                I2C_MasterStop
                0x0000be8e                I2C_MasterGetStatusFlags
                0x0000bed8                I2C_MasterWriteBlocking
                0x0000bfb4                I2C_MasterReadBlocking
                0x0000c090                I2C_MasterTransferBlocking
                0x0000c2ac                I2C_MasterTransferCreateHandle
                0x0000c320                I2C_MasterTransferNonBlocking
                0x0000c384                I2C_MasterTransferAbort
                0x0000c448                I2C_MasterTransferGetCount
                0x0000c488                I2C_MasterTransferHandleIRQ
                0x0000c53c                I2C_SlaveInit
                0x0000c678                I2C_SlaveDeinit
                0x0000c6a8                I2C_SlaveGetDefaultConfig
                0x0000c6f0                I2C_SlaveWriteBlocking
                0x0000c77c                I2C_SlaveReadBlocking
                0x0000c83c                I2C_SlaveTransferCreateHandle
                0x0000c8b0                I2C_SlaveTransferNonBlocking
                0x0000c920                I2C_SlaveTransferAbort
                0x0000c968                I2C_SlaveTransferGetCount
                0x0000c9bc                I2C_SlaveTransferHandleIRQ
                0x0000ccbc                I2C0_DriverIRQHandler
                0x0000ccd8                I2C1_DriverIRQHandler
                0x0000ccf4                I2C2_DriverIRQHandler
 .text          0x0000cd10      0x394 ./drivers/fsl_smc.o
                0x0000cd4e                SMC_PreEnterStopModes
                0x0000cd80                SMC_PostExitStopModes
                0x0000cdb0                SMC_PreEnterWaitModes
                0x0000cdcc                SMC_PostExitWaitModes
                0x0000cde8                SMC_SetPowerModeRun
                0x0000ce12                SMC_SetPowerModeWait
                0x0000ce44                SMC_SetPowerModeStop
                0x0000cea4                SMC_SetPowerModeVlpr
                0x0000cef2                SMC_SetPowerModeVlpw
                0x0000cf24                SMC_SetPowerModeVlps
                0x0000cf88                SMC_SetPowerModeLls
                0x0000cfec                SMC_SetPowerModeVlls
 .text          0x0000d0a4     0x152c ./drivers/fsl_uart.o
                0x0000d17a                UART_GetInstance
                0x0000d1cc                UART_TransferGetRxRingBufferLength
                0x0000d26c                UART_Init
                0x0000d544                UART_Deinit
                0x0000d590                UART_GetDefaultConfig
                0x0000d5f0                UART_SetBaudRate
                0x0000d6f8                UART_EnableInterrupts
                0x0000d768                UART_DisableInterrupts
                0x0000d7e8                UART_GetEnabledInterrupts
                0x0000d834                UART_GetStatusFlags
                0x0000d87a                UART_ClearStatusFlags
                0x0000d906                UART_WriteBlocking
                0x0000d988                UART_ReadBlocking
                0x0000da60                UART_TransferCreateHandle
                0x0000dae4                UART_TransferStartRingBuffer
                0x0000db58                UART_TransferStopRingBuffer
                0x0000dbc4                UART_TransferSendNonBlocking
                0x0000dc60                UART_TransferAbortSend
                0x0000dc9c                UART_TransferGetSendCount
                0x0000dcf0                UART_TransferReceiveNonBlocking
                0x0000dea0                UART_TransferAbortReceive
                0x0000defc                UART_TransferGetReceiveCount
                0x0000df5c                UART_TransferHandleIRQ
                0x0000e46c                UART_TransferHandleErrorIRQ
                0x0000e482                UART0_DriverIRQHandler
                0x0000e4a8                UART0_RX_TX_DriverIRQHandler
                0x0000e4b8                UART1_DriverIRQHandler
                0x0000e4e0                UART1_RX_TX_DriverIRQHandler
                0x0000e4f0                UART2_DriverIRQHandler
                0x0000e518                UART2_RX_TX_DriverIRQHandler
                0x0000e528                UART3_DriverIRQHandler
                0x0000e550                UART3_RX_TX_DriverIRQHandler
                0x0000e560                UART4_DriverIRQHandler
                0x0000e588                UART4_RX_TX_DriverIRQHandler
                0x0000e598                UART5_DriverIRQHandler
                0x0000e5c0                UART5_RX_TX_DriverIRQHandler
 .text          0x0000e5d0       0x28 ./board/board.o
                0x0000e5d0                BOARD_InitDebugConsole
 .text          0x0000e5f8      0x174 ./board/clock_config.o
                0x0000e670                BOARD_InitBootClocks
                0x0000e6b8                BOARD_BootClockRUN
                0x0000e718                BOARD_BootClockVLPR
 .text          0x0000e76c        0xe ./board/peripherals.o
                0x0000e76c                BOARD_InitBootPeripherals
 *fill*         0x0000e77a        0x2 ff
 .text          0x0000e77c       0xc4 ./board/pin_mux.o
                0x0000e7ec                BOARD_InitBootPins
                0x0000e7f8                BOARD_InitPins
 .text          0x0000e840      0x2b8 ./CMSIS/system_MK64F12.o
                0x0000e840                SystemInit
                0x0000e880                SystemCoreClockUpdate
 .text.__main   0x0000eaf8        0xe c:/nxp/mcuxpressoide_10.1.1_606/ide/tools/bin/../lib/gcc/arm-none-eabi/6.3.1/../../../../arm-none-eabi/lib/thumb/v7e-m/fpv4-sp/hard\libcr_nohost_nf.a(_cr__main.o)
                0x0000eaf8                __main
 *fill*         0x0000eb06        0x2 ff
 .text.__assertion_failed
                0x0000eb08       0x4c c:/nxp/mcuxpressoide_10.1.1_606/ide/tools/bin/../lib/gcc/arm-none-eabi/6.3.1/../../../../arm-none-eabi/lib/thumb/v7e-m/fpv4-sp/hard\libcr_nohost_nf.a(_cr_assert.o)
                0x0000eb08                __assertion_failed
 .text.__sys_appexit
                0x0000eb54        0x2 c:/nxp/mcuxpressoide_10.1.1_606/ide/tools/bin/../lib/gcc/arm-none-eabi/6.3.1/../../../../arm-none-eabi/lib/thumb/v7e-m/fpv4-sp/hard\libcr_nohost_nf.a(__sys_appexit.o)
                0x0000eb54                __sys_appexit
                0x0000eb54                __exit
 .text.memcpy   0x0000eb56        0x4 c:/nxp/mcuxpressoide_10.1.1_606/ide/tools/bin/../lib/gcc/arm-none-eabi/6.3.1/../../../../arm-none-eabi/lib/thumb/v7e-m/fpv4-sp/hard\libcr_c.a(memcpy.o)
                0x0000eb56                memcpy
 .text.memset   0x0000eb5a        0x4 c:/nxp/mcuxpressoide_10.1.1_606/ide/tools/bin/../lib/gcc/arm-none-eabi/6.3.1/../../../../arm-none-eabi/lib/thumb/v7e-m/fpv4-sp/hard\libcr_c.a(memset.o)
                0x0000eb5a                memset
 .text._deferredlazyseek
                0x0000eb5e       0x40 c:/nxp/mcuxpressoide_10.1.1_606/ide/tools/bin/../lib/gcc/arm-none-eabi/6.3.1/../../../../arm-none-eabi/lib/thumb/v7e-m/fpv4-sp/hard\libcr_c.a(_deferredlazyseek.o)
                0x0000eb5e                _deferredlazyseek
 .text.__flsbuf
                0x0000eb9e      0x148 c:/nxp/mcuxpressoide_10.1.1_606/ide/tools/bin/../lib/gcc/arm-none-eabi/6.3.1/../../../../arm-none-eabi/lib/thumb/v7e-m/fpv4-sp/hard\libcr_c.a(_deferredlazyseek.o)
                0x0000eb9e                __flsbuf
 .text._fflush  0x0000ece6       0x54 c:/nxp/mcuxpressoide_10.1.1_606/ide/tools/bin/../lib/gcc/arm-none-eabi/6.3.1/../../../../arm-none-eabi/lib/thumb/v7e-m/fpv4-sp/hard\libcr_c.a(_fflush.o)
                0x0000ece6                _fflush
 *fill*         0x0000ed3a        0x2 ff
 .text._Cwritebuf
                0x0000ed3c       0x6c c:/nxp/mcuxpressoide_10.1.1_606/ide/tools/bin/../lib/gcc/arm-none-eabi/6.3.1/../../../../arm-none-eabi/lib/thumb/v7e-m/fpv4-sp/hard\libcr_c.a(_writebuf.o)
                0x0000ed3c                _Cwritebuf
 .text.malloc   0x0000eda8       0xc4 c:/nxp/mcuxpressoide_10.1.1_606/ide/tools/bin/../lib/gcc/arm-none-eabi/6.3.1/../../../../arm-none-eabi/lib/thumb/v7e-m/fpv4-sp/hard\libcr_c.a(alloc.o)
                0x0000eda8                malloc
 .text.free     0x0000ee6c       0x30 c:/nxp/mcuxpressoide_10.1.1_606/ide/tools/bin/../lib/gcc/arm-none-eabi/6.3.1/../../../../arm-none-eabi/lib/thumb/v7e-m/fpv4-sp/hard\libcr_c.a(alloc.o)
                0x0000ee6c                free
 .text._Csys_alloc
                0x0000ee9c       0x20 c:/nxp/mcuxpressoide_10.1.1_606/ide/tools/bin/../lib/gcc/arm-none-eabi/6.3.1/../../../../arm-none-eabi/lib/thumb/v7e-m/fpv4-sp/hard\libcr_c.a(alloc.o)
                0x0000ee9c                _Csys_alloc
 .text.fputs    0x0000eebc       0x2c c:/nxp/mcuxpressoide_10.1.1_606/ide/tools/bin/../lib/gcc/arm-none-eabi/6.3.1/../../../../arm-none-eabi/lib/thumb/v7e-m/fpv4-sp/hard\libcr_c.a(fputs.o)
                0x0000eebc                fputs
 .text.fseek    0x0000eee8      0x100 c:/nxp/mcuxpressoide_10.1.1_606/ide/tools/bin/../lib/gcc/arm-none-eabi/6.3.1/../../../../arm-none-eabi/lib/thumb/v7e-m/fpv4-sp/hard\libcr_c.a(fseek.o)
                0x0000eee8                fseek
 .text.ftell    0x0000efe8       0x48 c:/nxp/mcuxpressoide_10.1.1_606/ide/tools/bin/../lib/gcc/arm-none-eabi/6.3.1/../../../../arm-none-eabi/lib/thumb/v7e-m/fpv4-sp/hard\libcr_c.a(ftell.o)
                0x0000efe8                ftell
 .text._initio  0x0000f030       0x78 c:/nxp/mcuxpressoide_10.1.1_606/ide/tools/bin/../lib/gcc/arm-none-eabi/6.3.1/../../../../arm-none-eabi/lib/thumb/v7e-m/fpv4-sp/hard\libcr_c.a(initio.o)
                0x0000f030                _initio
 .text.setvbuf  0x0000f0a8       0x40 c:/nxp/mcuxpressoide_10.1.1_606/ide/tools/bin/../lib/gcc/arm-none-eabi/6.3.1/../../../../arm-none-eabi/lib/thumb/v7e-m/fpv4-sp/hard\libcr_c.a(setvbuf.o)
                0x0000f0a8                setvbuf
 .text.strlen   0x0000f0e8       0x4a c:/nxp/mcuxpressoide_10.1.1_606/ide/tools/bin/../lib/gcc/arm-none-eabi/6.3.1/../../../../arm-none-eabi/lib/thumb/v7e-m/fpv4-sp/hard\libcr_c.a(strlen.o)
                0x0000f0e8                strlen
 *fill*         0x0000f132        0x2 ff
 .text._sbrk    0x0000f134       0x3c c:/nxp/mcuxpressoide_10.1.1_606/ide/tools/bin/../lib/gcc/arm-none-eabi/6.3.1/../../../../arm-none-eabi/lib/thumb/v7e-m/fpv4-sp/hard\libcr_c.a(_cr_sbrk.o)
                0x0000f134                _sbrk
 .text._fdopen  0x0000f170       0x68 c:/nxp/mcuxpressoide_10.1.1_606/ide/tools/bin/../lib/gcc/arm-none-eabi/6.3.1/../../../../arm-none-eabi/lib/thumb/v7e-m/fpv4-sp/hard\libcr_c.a(_fdopen.o)
                0x0000f170                _fdopen
 .text.fclose   0x0000f1d8       0x58 c:/nxp/mcuxpressoide_10.1.1_606/ide/tools/bin/../lib/gcc/arm-none-eabi/6.3.1/../../../../arm-none-eabi/lib/thumb/v7e-m/fpv4-sp/hard\libcr_c.a(fclose.o)
                0x0000f1d8                fclose
 .text.fflush   0x0000f230       0x44 c:/nxp/mcuxpressoide_10.1.1_606/ide/tools/bin/../lib/gcc/arm-none-eabi/6.3.1/../../../../arm-none-eabi/lib/thumb/v7e-m/fpv4-sp/hard\libcr_c.a(fflush.o)
                0x0000f230                fflush
 .text.remove   0x0000f274       0x14 c:/nxp/mcuxpressoide_10.1.1_606/ide/tools/bin/../lib/gcc/arm-none-eabi/6.3.1/../../../../arm-none-eabi/lib/thumb/v7e-m/fpv4-sp/hard\libcr_c.a(remove.o)
                0x0000f274                remove
 .text.__check_heap_overflow
                0x0000f288       0x18 c:/nxp/mcuxpressoide_10.1.1_606/ide/tools/bin/../lib/gcc/arm-none-eabi/6.3.1/../../../../arm-none-eabi/lib/thumb/v7e-m/fpv4-sp/hard\libcr_c.a(_cr_check_heap.o)
                0x0000f288                __check_heap_overflow
 .text._do_fflush
                0x0000f2a0       0x40 c:/nxp/mcuxpressoide_10.1.1_606/ide/tools/bin/../lib/gcc/arm-none-eabi/6.3.1/../../../../arm-none-eabi/lib/thumb/v7e-m/fpv4-sp/hard\libcr_c.a(_do_fflush.o)
                0x0000f2a0                _do_fflush
 .text.__aeabi_memcpy
                0x0000f2e0       0x34 c:/nxp/mcuxpressoide_10.1.1_606/ide/tools/bin/../lib/gcc/arm-none-eabi/6.3.1/thumb/v7e-m/fpv4-sp/hard\libcr_eabihelpers.a(memcpy.o)
                0x0000f2e0                __aeabi_memcpy
                0x0000f2ea                __aeabi_memcpy8
                0x0000f2ea                __aeabi_memcpy4
 .text.__aeabi_memset_lowlevel
                0x0000f314       0x32 c:/nxp/mcuxpressoide_10.1.1_606/ide/tools/bin/../lib/gcc/arm-none-eabi/6.3.1/thumb/v7e-m/fpv4-sp/hard\libcr_eabihelpers.a(memcpy.o)
                0x0000f314                __aeabi_lowlevel_memset
 .text.__sys_close
                0x0000f346        0x6 c:/nxp/mcuxpressoide_10.1.1_606/ide/tools/bin/../lib/gcc/arm-none-eabi/6.3.1/../../../../arm-none-eabi/lib/thumb/v7e-m/fpv4-sp/hard\libcr_nohost_nf.a(__sys_close.o)
                0x0000f346                __sys_close
 .text.__sys_flen
                0x0000f34c        0x6 c:/nxp/mcuxpressoide_10.1.1_606/ide/tools/bin/../lib/gcc/arm-none-eabi/6.3.1/../../../../arm-none-eabi/lib/thumb/v7e-m/fpv4-sp/hard\libcr_nohost_nf.a(__sys_flen.o)
                0x0000f34c                __sys_flen
 .text.__sys_istty
                0x0000f352        0x6 c:/nxp/mcuxpressoide_10.1.1_606/ide/tools/bin/../lib/gcc/arm-none-eabi/6.3.1/../../../../arm-none-eabi/lib/thumb/v7e-m/fpv4-sp/hard\libcr_nohost_nf.a(__sys_istty.o)
                0x0000f352                __sys_istty
 .text.__sys_remove
                0x0000f358        0x6 c:/nxp/mcuxpressoide_10.1.1_606/ide/tools/bin/../lib/gcc/arm-none-eabi/6.3.1/../../../../arm-none-eabi/lib/thumb/v7e-m/fpv4-sp/hard\libcr_nohost_nf.a(__sys_remove.o)
                0x0000f358                __sys_remove
 .text.__sys_seek
                0x0000f35e        0x6 c:/nxp/mcuxpressoide_10.1.1_606/ide/tools/bin/../lib/gcc/arm-none-eabi/6.3.1/../../../../arm-none-eabi/lib/thumb/v7e-m/fpv4-sp/hard\libcr_nohost_nf.a(__sys_seek.o)
                0x0000f35e                __sys_seek
 .text.__sys_tmpnam
                0x0000f364        0x6 c:/nxp/mcuxpressoide_10.1.1_606/ide/tools/bin/../lib/gcc/arm-none-eabi/6.3.1/../../../../arm-none-eabi/lib/thumb/v7e-m/fpv4-sp/hard\libcr_nohost_nf.a(__sys_tmpnam.o)
                0x0000f364                __sys_tmpnam
 .text.__sys_write
                0x0000f36a        0x4 c:/nxp/mcuxpressoide_10.1.1_606/ide/tools/bin/../lib/gcc/arm-none-eabi/6.3.1/../../../../arm-none-eabi/lib/thumb/v7e-m/fpv4-sp/hard\libcr_nohost_nf.a(__sys_write.o)
                0x0000f36a                __sys_write
 *(.rodata .rodata.* .constdata .constdata.*)
 *fill*         0x0000f36e        0x2 ff
 .rodata        0x0000f370       0x50 ./utilities/fsl_debug_console.o
 .rodata        0x0000f3c0       0x27 ./utilities/fsl_io.o
 *fill*         0x0000f3e7        0x1 ff
 .rodata        0x0000f3e8       0x80 ./utilities/fsl_log.o
 .rodata        0x0000f468       0x61 ./source/p1.o
 *fill*         0x0000f4c9        0x3 ff
 .rodata        0x0000f4cc        0x5 ./freertos/source/tasks.o
 *fill*         0x0000f4d1        0x3 ff
 .rodata        0x0000f4d4        0xd ./freertos/source/timers.o
 *fill*         0x0000f4e1        0x3 ff
 .rodata        0x0000f4e4      0x1ac ./drivers/fsl_clock.o
 .rodata        0x0000f690      0x5c5 ./drivers/fsl_dspi.o
 *fill*         0x0000fc55        0x3 ff
 .rodata        0x0000fc58       0x4e ./drivers/fsl_flash.o
                0x0000fc58                kFCCOBx
                0x0000fc5c                kFPROTL
                0x0000fc88                kPFlashDensities
 *fill*         0x0000fca6        0x2 ff
 .rodata        0x0000fca8      0x396 ./drivers/fsl_i2c.o
 *fill*         0x0001003e        0x2 ff
 .rodata        0x00010040        0x2 ./drivers/fsl_smc.o
 *fill*         0x00010042        0x2 ff
 .rodata        0x00010044      0x54b ./drivers/fsl_uart.o
 *fill*         0x0001058f        0x1 ff
 .rodata        0x00010590       0x38 ./board/clock_config.o
                0x00010590                mcgConfig_BOARD_BootClockRUN
                0x0001059c                simConfig_BOARD_BootClockRUN
                0x000105a4                oscConfig_BOARD_BootClockRUN
                0x000105ac                mcgConfig_BOARD_BootClockVLPR
                0x000105b8                simConfig_BOARD_BootClockVLPR
                0x000105c0                oscConfig_BOARD_BootClockVLPR
 .rodata.__assertion_failed.str1.1
                0x000105c8       0x15 c:/nxp/mcuxpressoide_10.1.1_606/ide/tools/bin/../lib/gcc/arm-none-eabi/6.3.1/../../../../arm-none-eabi/lib/thumb/v7e-m/fpv4-sp/hard\libcr_nohost_nf.a(_cr_assert.o)
 *fill*         0x000105dd        0x3 ff
 .rodata.__num_Ciob_streams
                0x000105e0        0x4 c:/nxp/mcuxpressoide_10.1.1_606/ide/tools/bin/../lib/gcc/arm-none-eabi/6.3.1/../../../../arm-none-eabi/lib/thumb/v7e-m/fpv4-sp/hard\libcr_nohost_nf.a(__ciob.o)
                0x000105e0                __num_Ciob_streams
 .rodata._Csys_alloc.str1.1
                0x000105e4       0x18 c:/nxp/mcuxpressoide_10.1.1_606/ide/tools/bin/../lib/gcc/arm-none-eabi/6.3.1/../../../../arm-none-eabi/lib/thumb/v7e-m/fpv4-sp/hard\libcr_c.a(alloc.o)
 .rodata._initio.str1.1
                0x000105fc        0x4 c:/nxp/mcuxpressoide_10.1.1_606/ide/tools/bin/../lib/gcc/arm-none-eabi/6.3.1/../../../../arm-none-eabi/lib/thumb/v7e-m/fpv4-sp/hard\libcr_c.a(initio.o)
                0x00010600                . = ALIGN (0x4)

.glue_7         0x00010600        0x0
 .glue_7        0x00010600        0x0 linker stubs

.glue_7t        0x00010600        0x0
 .glue_7t       0x00010600        0x0 linker stubs

.vfp11_veneer   0x00010600        0x0
 .vfp11_veneer  0x00010600        0x0 linker stubs

.v4_bx          0x00010600        0x0
 .v4_bx         0x00010600        0x0 linker stubs

.iplt           0x00010600        0x0
 .iplt          0x00010600        0x0 ./utilities/fsl_debug_console.o

.rel.dyn        0x00010600        0x0
 .rel.iplt      0x00010600        0x0 ./utilities/fsl_debug_console.o

.ARM.extab
 *(.ARM.extab* .gnu.linkonce.armextab.*)
                0x00010600                __exidx_start = .

.ARM.exidx
 *(.ARM.exidx* .gnu.linkonce.armexidx.*)
                0x00010600                __exidx_end = .
                0x00010600                _etext = .

.m_usb_data
 *(m_usb_bdt)

.data_RAM2      0x1fff0000        0x0 load address 0x00010600
 FILL mask 0xff
                [!provide]                PROVIDE (__start_data_RAM2, .)
 *(.ramfunc.$RAM2)
 *(.ramfunc.$SRAM_LOWER)
 *(.data.$RAM2*)
 *(.data.$SRAM_LOWER*)
                0x1fff0000                . = ALIGN (0x4)
                [!provide]                PROVIDE (__end_data_RAM2, .)

.data_RAM3      0x14000000        0x0 load address 0x00010600
 FILL mask 0xff
                [!provide]                PROVIDE (__start_data_RAM3, .)
 *(.ramfunc.$RAM3)
 *(.ramfunc.$FLEX_RAM)
 *(.data.$RAM3*)
 *(.data.$FLEX_RAM*)
                0x14000000                . = ALIGN (0x4)
                [!provide]                PROVIDE (__end_data_RAM3, .)

.uninit_RESERVED
                0x20000000        0x0
 *(.bss.$RESERVED*)
                0x20000000                . = ALIGN (0x4)
                0x20000000                _end_uninit_RESERVED = .

.data           0x20000000       0x10 load address 0x00010600
 FILL mask 0xff
                0x20000000                _data = .
 *(vtable)
 *(.ramfunc*)
 *(.data*)
 .data          0x20000000        0x4 ./freertos/portable/port.o
 .data          0x20000004        0x8 ./drivers/fsl_clock.o
 .data          0x2000000c        0x4 ./CMSIS/system_MK64F12.o
                0x2000000c                SystemCoreClock
                0x20000010                . = ALIGN (0x4)
                0x20000010                _edata = .

.igot.plt       0x20000010        0x0 load address 0x00010610
 .igot.plt      0x20000010        0x0 ./utilities/fsl_debug_console.o

.bss_RAM2       0x1fff0000        0x0
                [!provide]                PROVIDE (__start_bss_RAM2, .)
 *(.bss.$RAM2*)
 *(.bss.$SRAM_LOWER*)
                0x1fff0000                . = ALIGN ((. != 0x0)?0x4:0x1)
                [!provide]                PROVIDE (__end_bss_RAM2, .)

.bss_RAM3       0x14000000        0x0
                [!provide]                PROVIDE (__start_bss_RAM3, .)
 *(.bss.$RAM3*)
 *(.bss.$FLEX_RAM*)
                0x14000000                . = ALIGN ((. != 0x0)?0x4:0x1)
                [!provide]                PROVIDE (__end_bss_RAM3, .)

.bss            0x20000010     0x2ba0
                0x20000010                _bss = .
 *(.bss*)
 .bss           0x20000010        0x8 ./utilities/fsl_io.o
 .bss           0x20000018       0x50 ./source/p1.o
                0x20000018                g_m_handle
                0x20000040                masterXfer
                0x20000058                mutex
                0x2000005c                event
                0x20000060                ST_RTC_handle
 .bss           0x20000068       0x40 ./freertos/source/queue.o
                0x20000068                xQueueRegistry
 .bss           0x200000a8      0x104 ./freertos/source/tasks.o
                0x200000a8                pxCurrentTCB
 .bss           0x200001ac       0x3c ./freertos/source/timers.o
 .bss           0x200001e8     0x2818 ./freertos/portable/heap_4.o
 .bss           0x20002a00        0x8 ./freertos/portable/port.o
 .bss           0x20002a08        0x8 ./drivers/fsl_clock.o
                0x20002a08                g_xtal0Freq
                0x20002a0c                g_xtal32Freq
 .bss           0x20002a10       0x17 ./drivers/fsl_dspi.o
                0x20002a24                s_dummyData
 *fill*         0x20002a27        0x1 
 .bss           0x20002a28       0x94 ./drivers/fsl_flash.o
 .bss           0x20002abc       0x14 ./drivers/fsl_i2c.o
 .bss           0x20002ad0        0x4 ./drivers/fsl_smc.o
 .bss           0x20002ad4       0x1c ./drivers/fsl_uart.o
 .bss.__Ciob    0x20002af0       0xb4 c:/nxp/mcuxpressoide_10.1.1_606/ide/tools/bin/../lib/gcc/arm-none-eabi/6.3.1/../../../../arm-none-eabi/lib/thumb/v7e-m/fpv4-sp/hard\libcr_nohost_nf.a(__ciob.o)
                0x20002af0                __Ciob
 .bss.__end_of_heap
                0x20002ba4        0x4 c:/nxp/mcuxpressoide_10.1.1_606/ide/tools/bin/../lib/gcc/arm-none-eabi/6.3.1/../../../../arm-none-eabi/lib/thumb/v7e-m/fpv4-sp/hard\libcr_c.a(__init_alloc.o)
                0x20002ba4                __end_of_heap
 .bss.__heaps   0x20002ba8        0x4 c:/nxp/mcuxpressoide_10.1.1_606/ide/tools/bin/../lib/gcc/arm-none-eabi/6.3.1/../../../../arm-none-eabi/lib/thumb/v7e-m/fpv4-sp/hard\libcr_c.a(__init_alloc.o)
                0x20002ba8                __heaps
 .bss.errno     0x20002bac        0x4 c:/nxp/mcuxpressoide_10.1.1_606/ide/tools/bin/../lib/gcc/arm-none-eabi/6.3.1/../../../../arm-none-eabi/lib/thumb/v7e-m/fpv4-sp/hard\libcr_c.a(errno.o)
                0x20002bac                errno
 *(COMMON)
                0x20002bb0                . = ALIGN (0x4)
                0x20002bb0                _ebss = .
                [!provide]                PROVIDE (end, .)

.noinit_RAM2    0x1fff0000        0x0
 *(.noinit.$RAM2*)
 *(.noinit.$SRAM_LOWER*)
                0x1fff0000                . = ALIGN (0x4)

.noinit_RAM3    0x14000000        0x0
 *(.noinit.$RAM3*)
 *(.noinit.$FLEX_RAM*)
                0x14000000                . = ALIGN (0x4)

.noinit         0x20002bb0        0x0
                0x20002bb0                _noinit = .
 *(.noinit*)
                0x20002bb0                . = ALIGN (0x4)
                0x20002bb0                _end_noinit = .
                0x00001000                _HeapSize = 0x1000

.heap           0x20002bb0     0x1000
                0x20002bb0                _pvHeapStart = .
                0x20003bb0                . = (. + _HeapSize)
 *fill*         0x20002bb0     0x1000 
                0x20003bb0                . = ALIGN (0x4)
                0x20003bb0                _pvHeapLimit = .
                0x00001000                _StackSize = 0x1000

.heap2stackfill
                0x20003bb0     0x1000
                0x20004bb0                . = (. + _StackSize)
 *fill*         0x20003bb0     0x1000 

.stack          0x2002f000        0x0
                0x2002f000                _vStackBase = .
                0x2002f000                . = ALIGN (0x4)
                0x20030000                _vStackTop = (. + _StackSize)
                0x00000000                _image_start = LOADADDR (.text)
                0x00010610                _image_end = (LOADADDR (.data) + SIZEOF (.data))
                0x00010610                _image_size = (_image_end - _image_start)
OUTPUT(p1.axf elf32-littlearm)

.debug_info     0x00000000    0x146fb
 .debug_info    0x00000000      0x37a ./utilities/fsl_debug_console.o
 .debug_info    0x0000037a      0x81e ./utilities/fsl_io.o
 .debug_info    0x00000b98      0x34e ./utilities/fsl_log.o
 .debug_info    0x00000ee6      0x53a ./utilities/fsl_str.o
 .debug_info    0x00001420      0x8b7 ./startup/startup_mk64f12.o
 .debug_info    0x00001cd7     0x15f2 ./source/p1.o
 .debug_info    0x000032c9       0x3b ./source/semihost_hardfault.o
 .debug_info    0x00003304      0x99c ./freertos/source/event_groups.o
 .debug_info    0x00003ca0      0x2cb ./freertos/source/list.o
 .debug_info    0x00003f6b     0x141a ./freertos/source/queue.o
 .debug_info    0x00005385     0x1e94 ./freertos/source/tasks.o
 .debug_info    0x00007219      0xd4a ./freertos/source/timers.o
 .debug_info    0x00007f63       0xed ./freertos/portable/fsl_tickless_systick.o
 .debug_info    0x00008050      0x3f1 ./freertos/portable/heap_4.o
 .debug_info    0x00008441      0x50b ./freertos/portable/port.o
 .debug_info    0x0000894c     0x1e89 ./drivers/fsl_clock.o
 .debug_info    0x0000a7d5     0x22b8 ./drivers/fsl_dspi.o
 .debug_info    0x0000ca8d     0x1e79 ./drivers/fsl_flash.o
 .debug_info    0x0000e906     0x1c24 ./drivers/fsl_i2c.o
 .debug_info    0x0001052a      0xa73 ./drivers/fsl_smc.o
 .debug_info    0x00010f9d     0x19d5 ./drivers/fsl_uart.o
 .debug_info    0x00012972      0x614 ./board/board.o
 .debug_info    0x00012f86      0xaad ./board/clock_config.o
 .debug_info    0x00013a33       0x3b ./board/peripherals.o
 .debug_info    0x00013a6e      0x667 ./board/pin_mux.o
 .debug_info    0x000140d5      0x626 ./CMSIS/system_MK64F12.o

.debug_abbrev   0x00000000     0x321d
 .debug_abbrev  0x00000000      0x177 ./utilities/fsl_debug_console.o
 .debug_abbrev  0x00000177      0x21e ./utilities/fsl_io.o
 .debug_abbrev  0x00000395      0x17e ./utilities/fsl_log.o
 .debug_abbrev  0x00000513      0x195 ./utilities/fsl_str.o
 .debug_abbrev  0x000006a8      0x15c ./startup/startup_mk64f12.o
 .debug_abbrev  0x00000804      0x2bf ./source/p1.o
 .debug_abbrev  0x00000ac3       0x2f ./source/semihost_hardfault.o
 .debug_abbrev  0x00000af2      0x21d ./freertos/source/event_groups.o
 .debug_abbrev  0x00000d0f      0x112 ./freertos/source/list.o
 .debug_abbrev  0x00000e21      0x253 ./freertos/source/queue.o
 .debug_abbrev  0x00001074      0x2fc ./freertos/source/tasks.o
 .debug_abbrev  0x00001370      0x219 ./freertos/source/timers.o
 .debug_abbrev  0x00001589       0x92 ./freertos/portable/fsl_tickless_systick.o
 .debug_abbrev  0x0000161b      0x1e8 ./freertos/portable/heap_4.o
 .debug_abbrev  0x00001803      0x24c ./freertos/portable/port.o
 .debug_abbrev  0x00001a4f      0x305 ./drivers/fsl_clock.o
 .debug_abbrev  0x00001d54      0x33e ./drivers/fsl_dspi.o
 .debug_abbrev  0x00002092      0x265 ./drivers/fsl_flash.o
 .debug_abbrev  0x000022f7      0x33e ./drivers/fsl_i2c.o
 .debug_abbrev  0x00002635      0x2bd ./drivers/fsl_smc.o
 .debug_abbrev  0x000028f2      0x2ff ./drivers/fsl_uart.o
 .debug_abbrev  0x00002bf1      0x13c ./board/board.o
 .debug_abbrev  0x00002d2d      0x1f0 ./board/clock_config.o
 .debug_abbrev  0x00002f1d       0x2f ./board/peripherals.o
 .debug_abbrev  0x00002f4c      0x195 ./board/pin_mux.o
 .debug_abbrev  0x000030e1      0x13c ./CMSIS/system_MK64F12.o

.debug_aranges  0x00000000      0x3a8
 .debug_aranges
                0x00000000       0x20 ./utilities/fsl_debug_console.o
 .debug_aranges
                0x00000020       0x20 ./utilities/fsl_io.o
 .debug_aranges
                0x00000040       0x20 ./utilities/fsl_log.o
 .debug_aranges
                0x00000060       0x20 ./utilities/fsl_str.o
 .debug_aranges
                0x00000080       0x88 ./startup/startup_mk64f12.o
 .debug_aranges
                0x00000108       0x20 ./source/p1.o
 .debug_aranges
                0x00000128       0x20 ./source/semihost_hardfault.o
 .debug_aranges
                0x00000148       0x20 ./freertos/source/event_groups.o
 .debug_aranges
                0x00000168       0x20 ./freertos/source/list.o
 .debug_aranges
                0x00000188       0x20 ./freertos/source/queue.o
 .debug_aranges
                0x000001a8       0x20 ./freertos/source/tasks.o
 .debug_aranges
                0x000001c8       0x20 ./freertos/source/timers.o
 .debug_aranges
                0x000001e8       0x20 ./freertos/portable/fsl_tickless_systick.o
 .debug_aranges
                0x00000208       0x20 ./freertos/portable/heap_4.o
 .debug_aranges
                0x00000228       0x20 ./freertos/portable/port.o
 .debug_aranges
                0x00000248       0x20 ./drivers/fsl_clock.o
 .debug_aranges
                0x00000268       0x20 ./drivers/fsl_dspi.o
 .debug_aranges
                0x00000288       0x20 ./drivers/fsl_flash.o
 .debug_aranges
                0x000002a8       0x20 ./drivers/fsl_i2c.o
 .debug_aranges
                0x000002c8       0x20 ./drivers/fsl_smc.o
 .debug_aranges
                0x000002e8       0x20 ./drivers/fsl_uart.o
 .debug_aranges
                0x00000308       0x20 ./board/board.o
 .debug_aranges
                0x00000328       0x20 ./board/clock_config.o
 .debug_aranges
                0x00000348       0x20 ./board/peripherals.o
 .debug_aranges
                0x00000368       0x20 ./board/pin_mux.o
 .debug_aranges
                0x00000388       0x20 ./CMSIS/system_MK64F12.o

.debug_macro    0x00000000    0x143fa
 .debug_macro   0x00000000      0x127 ./utilities/fsl_debug_console.o
 .debug_macro   0x00000127      0x8ec ./utilities/fsl_debug_console.o
 .debug_macro   0x00000a13       0x10 ./utilities/fsl_debug_console.o
 .debug_macro   0x00000a23       0x16 ./utilities/fsl_debug_console.o
 .debug_macro   0x00000a39       0x10 ./utilities/fsl_debug_console.o
 .debug_macro   0x00000a49      0x12d ./utilities/fsl_debug_console.o
 .debug_macro   0x00000b76       0x28 ./utilities/fsl_debug_console.o
 .debug_macro   0x00000b9e       0x16 ./utilities/fsl_debug_console.o
 .debug_macro   0x00000bb4       0x22 ./utilities/fsl_debug_console.o
 .debug_macro   0x00000bd6      0x5b2 ./utilities/fsl_debug_console.o
 .debug_macro   0x00001188       0x10 ./utilities/fsl_debug_console.o
 .debug_macro   0x00001198       0x5b ./utilities/fsl_debug_console.o
 .debug_macro   0x000011f3       0x1c ./utilities/fsl_debug_console.o
 .debug_macro   0x0000120f       0x22 ./utilities/fsl_debug_console.o
 .debug_macro   0x00001231       0xd9 ./utilities/fsl_debug_console.o
 .debug_macro   0x0000130a      0xec1 ./utilities/fsl_debug_console.o
 .debug_macro   0x000021cb       0x44 ./utilities/fsl_debug_console.o
 .debug_macro   0x0000220f     0xe07b ./utilities/fsl_debug_console.o
 .debug_macro   0x0001028a     0x143f ./utilities/fsl_debug_console.o
 .debug_macro   0x000116c9       0x46 ./utilities/fsl_debug_console.o
 .debug_macro   0x0001170f      0x171 ./utilities/fsl_debug_console.o
 .debug_macro   0x00011880       0x5f ./utilities/fsl_debug_console.o
 .debug_macro   0x000118df       0x1c ./utilities/fsl_debug_console.o
 .debug_macro   0x000118fb       0x43 ./utilities/fsl_debug_console.o
 .debug_macro   0x0001193e      0x102 ./utilities/fsl_io.o
 .debug_macro   0x00011a40       0x1c ./utilities/fsl_io.o
 .debug_macro   0x00011a5c       0x10 ./utilities/fsl_io.o
 .debug_macro   0x00011a6c      0x1c5 ./utilities/fsl_log.o
 .debug_macro   0x00011c31       0x10 ./utilities/fsl_log.o
 .debug_macro   0x00011c41      0x1a0 ./utilities/fsl_log.o
 .debug_macro   0x00011de1      0x168 ./utilities/fsl_log.o
 .debug_macro   0x00011f49       0xeb ./utilities/fsl_log.o
 .debug_macro   0x00012034       0x10 ./utilities/fsl_log.o
 .debug_macro   0x00012044       0x1f ./utilities/fsl_log.o
 .debug_macro   0x00012063      0x353 ./utilities/fsl_log.o
 .debug_macro   0x000123b6       0xc0 ./utilities/fsl_log.o
 .debug_macro   0x00012476       0x8c ./utilities/fsl_log.o
 .debug_macro   0x00012502       0x94 ./utilities/fsl_log.o
 .debug_macro   0x00012596       0x78 ./utilities/fsl_log.o
 .debug_macro   0x0001260e      0x118 ./utilities/fsl_str.o
 .debug_macro   0x00012726       0xc4 ./utilities/fsl_str.o
 .debug_macro   0x000127ea       0x1c ./utilities/fsl_str.o
 .debug_macro   0x00012806       0x29 ./startup/startup_mk64f12.o
 .debug_macro   0x0001282f      0x217 ./source/p1.o
 .debug_macro   0x00012a46       0xd2 ./source/p1.o
 .debug_macro   0x00012b18       0x16 ./source/p1.o
 .debug_macro   0x00012b2e       0x10 ./source/p1.o
 .debug_macro   0x00012b3e      0x15e ./source/p1.o
 .debug_macro   0x00012c9c       0x22 ./source/p1.o
 .debug_macro   0x00012cbe       0x10 ./source/p1.o
 .debug_macro   0x00012cce       0x1c ./source/p1.o
 .debug_macro   0x00012cea       0x91 ./source/p1.o
 .debug_macro   0x00012d7b       0x11 ./source/semihost_hardfault.o
 .debug_macro   0x00012d8c      0x114 ./freertos/source/event_groups.o
 .debug_macro   0x00012ea0       0xb9 ./freertos/source/list.o
 .debug_macro   0x00012f59      0x122 ./freertos/source/queue.o
 .debug_macro   0x0001307b      0x185 ./freertos/source/tasks.o
 .debug_macro   0x00013200       0x11 ./freertos/source/tasks.o
 .debug_macro   0x00013211       0xf6 ./freertos/source/timers.o
 .debug_macro   0x00013307       0xbd ./freertos/portable/fsl_tickless_systick.o
 .debug_macro   0x000133c4       0x7c ./freertos/portable/fsl_tickless_systick.o
 .debug_macro   0x00013440       0xe0 ./freertos/portable/heap_4.o
 .debug_macro   0x00013520      0x135 ./freertos/portable/port.o
 .debug_macro   0x00013655      0x1a6 ./drivers/fsl_clock.o
 .debug_macro   0x000137fb       0xef ./drivers/fsl_dspi.o
 .debug_macro   0x000138ea       0x3a ./drivers/fsl_dspi.o
 .debug_macro   0x00013924      0x34b ./drivers/fsl_flash.o
 .debug_macro   0x00013c6f       0x43 ./drivers/fsl_flash.o
 .debug_macro   0x00013cb2       0xef ./drivers/fsl_i2c.o
 .debug_macro   0x00013da1       0x16 ./drivers/fsl_i2c.o
 .debug_macro   0x00013db7       0xf9 ./drivers/fsl_smc.o
 .debug_macro   0x00013eb0       0x49 ./drivers/fsl_smc.o
 .debug_macro   0x00013ef9       0xf6 ./drivers/fsl_uart.o
 .debug_macro   0x00013fef      0x110 ./board/board.o
 .debug_macro   0x000140ff       0x1c ./board/board.o
 .debug_macro   0x0001411b      0x127 ./board/clock_config.o
 .debug_macro   0x00014242       0x1b ./board/peripherals.o
 .debug_macro   0x0001425d      0x105 ./board/pin_mux.o
 .debug_macro   0x00014362       0x98 ./CMSIS/system_MK64F12.o

.debug_line     0x00000000     0x68d9
 .debug_line    0x00000000      0x2c1 ./utilities/fsl_debug_console.o
 .debug_line    0x000002c1      0x294 ./utilities/fsl_io.o
 .debug_line    0x00000555      0x394 ./utilities/fsl_log.o
 .debug_line    0x000008e9      0x4fa ./utilities/fsl_str.o
 .debug_line    0x00000de3      0x183 ./startup/startup_mk64f12.o
 .debug_line    0x00000f66      0x468 ./source/p1.o
 .debug_line    0x000013ce       0x54 ./source/semihost_hardfault.o
 .debug_line    0x00001422      0x405 ./freertos/source/event_groups.o
 .debug_line    0x00001827      0x221 ./freertos/source/list.o
 .debug_line    0x00001a48      0x817 ./freertos/source/queue.o
 .debug_line    0x0000225f      0xb60 ./freertos/source/tasks.o
 .debug_line    0x00002dbf      0x475 ./freertos/source/timers.o
 .debug_line    0x00003234      0x217 ./freertos/portable/fsl_tickless_systick.o
 .debug_line    0x0000344b      0x2d9 ./freertos/portable/heap_4.o
 .debug_line    0x00003724      0x333 ./freertos/portable/port.o
 .debug_line    0x00003a57      0x62d ./drivers/fsl_clock.o
 .debug_line    0x00004084      0x7ce ./drivers/fsl_dspi.o
 .debug_line    0x00004852      0x5c5 ./drivers/fsl_flash.o
 .debug_line    0x00004e17      0x737 ./drivers/fsl_i2c.o
 .debug_line    0x0000554e      0x349 ./drivers/fsl_smc.o
 .debug_line    0x00005897      0x724 ./drivers/fsl_uart.o
 .debug_line    0x00005fbb      0x24c ./board/board.o
 .debug_line    0x00006207      0x25c ./board/clock_config.o
 .debug_line    0x00006463       0x58 ./board/peripherals.o
 .debug_line    0x000064bb      0x22e ./board/pin_mux.o
 .debug_line    0x000066e9      0x1f0 ./CMSIS/system_MK64F12.o

.debug_str      0x00000000    0x8b91c
 .debug_str     0x00000000    0x78e9a ./utilities/fsl_debug_console.o
                              0x78f90 (size before relaxing)
 .debug_str     0x00078e9a      0xa25 ./utilities/fsl_io.o
                              0x79742 (size before relaxing)
 .debug_str     0x000798bf     0x4710 ./utilities/fsl_log.o
                              0x7d480 (size before relaxing)
 .debug_str     0x0007dfcf      0x68d ./utilities/fsl_str.o
                              0x79423 (size before relaxing)
 .debug_str     0x0007e65c      0x7e4 ./startup/startup_mk64f12.o
                               0x2e68 (size before relaxing)
 .debug_str     0x0007ee40     0x29df ./source/p1.o
                              0x8022a (size before relaxing)
 .debug_str     0x0008181f       0x1f ./source/semihost_hardfault.o
                               0x25f0 (size before relaxing)
 .debug_str     0x0008183e      0x4df ./freertos/source/event_groups.o
                               0x80fe (size before relaxing)
 .debug_str     0x00081d1d       0xa7 ./freertos/source/list.o
                               0x6f56 (size before relaxing)
 .debug_str     0x00081dc4      0x728 ./freertos/source/queue.o
                               0x8515 (size before relaxing)
 .debug_str     0x000824ec     0x138d ./freertos/source/tasks.o
                               0x91ea (size before relaxing)
 .debug_str     0x00083879      0x4cd ./freertos/source/timers.o
                               0x8a1c (size before relaxing)
 .debug_str     0x00083d46      0x3c4 ./freertos/portable/fsl_tickless_systick.o
                               0x771f (size before relaxing)
 .debug_str     0x0008410a      0x22a ./freertos/portable/heap_4.o
                               0x7663 (size before relaxing)
 .debug_str     0x00084334      0x522 ./freertos/portable/port.o
                               0x7cbf (size before relaxing)
 .debug_str     0x00084856     0x1620 ./drivers/fsl_clock.o
                              0x7ae85 (size before relaxing)
 .debug_str     0x00085e76     0x1368 ./drivers/fsl_dspi.o
                              0x7ad67 (size before relaxing)
 .debug_str     0x000871de     0x2bdc ./drivers/fsl_flash.o
                              0x7bdbf (size before relaxing)
 .debug_str     0x00089dba      0x9eb ./drivers/fsl_i2c.o
                              0x7a61f (size before relaxing)
 .debug_str     0x0008a7a5      0x3a5 ./drivers/fsl_smc.o
                              0x797f4 (size before relaxing)
 .debug_str     0x0008ab4a      0x990 ./drivers/fsl_uart.o
                              0x7a776 (size before relaxing)
 .debug_str     0x0008b4da       0x37 ./board/board.o
                              0x79af3 (size before relaxing)
 .debug_str     0x0008b511      0x2a3 ./board/clock_config.o
                              0x798ec (size before relaxing)
 .debug_str     0x0008b7b4       0x31 ./board/peripherals.o
                               0x2601 (size before relaxing)
 .debug_str     0x0008b7e5       0x8a ./board/pin_mux.o
                              0x79067 (size before relaxing)
 .debug_str     0x0008b86f       0xad ./CMSIS/system_MK64F12.o
                              0x77e84 (size before relaxing)

.comment        0x00000000       0x7f
 .comment       0x00000000       0x7f ./utilities/fsl_debug_console.o
                                 0x80 (size before relaxing)
 .comment       0x0000007f       0x80 ./utilities/fsl_io.o
 .comment       0x0000007f       0x80 ./utilities/fsl_log.o
 .comment       0x0000007f       0x80 ./utilities/fsl_str.o
 .comment       0x0000007f       0x80 ./startup/startup_mk64f12.o
 .comment       0x0000007f       0x80 ./source/p1.o
 .comment       0x0000007f       0x80 ./source/semihost_hardfault.o
 .comment       0x0000007f       0x80 ./freertos/source/event_groups.o
 .comment       0x0000007f       0x80 ./freertos/source/list.o
 .comment       0x0000007f       0x80 ./freertos/source/queue.o
 .comment       0x0000007f       0x80 ./freertos/source/tasks.o
 .comment       0x0000007f       0x80 ./freertos/source/timers.o
 .comment       0x0000007f       0x80 ./freertos/portable/fsl_tickless_systick.o
 .comment       0x0000007f       0x80 ./freertos/portable/heap_4.o
 .comment       0x0000007f       0x80 ./freertos/portable/port.o
 .comment       0x0000007f       0x80 ./drivers/fsl_clock.o
 .comment       0x0000007f       0x80 ./drivers/fsl_dspi.o
 .comment       0x0000007f       0x80 ./drivers/fsl_flash.o
 .comment       0x0000007f       0x80 ./drivers/fsl_i2c.o
 .comment       0x0000007f       0x80 ./drivers/fsl_smc.o
 .comment       0x0000007f       0x80 ./drivers/fsl_uart.o
 .comment       0x0000007f       0x80 ./board/board.o
 .comment       0x0000007f       0x80 ./board/clock_config.o
 .comment       0x0000007f       0x80 ./board/peripherals.o
 .comment       0x0000007f       0x80 ./board/pin_mux.o
 .comment       0x0000007f       0x80 ./CMSIS/system_MK64F12.o
 .comment       0x0000007f       0x80 c:/nxp/mcuxpressoide_10.1.1_606/ide/tools/bin/../lib/gcc/arm-none-eabi/6.3.1/../../../../arm-none-eabi/lib/thumb/v7e-m/fpv4-sp/hard\libcr_nohost_nf.a(_cr__main.o)
 .comment       0x0000007f       0x80 c:/nxp/mcuxpressoide_10.1.1_606/ide/tools/bin/../lib/gcc/arm-none-eabi/6.3.1/../../../../arm-none-eabi/lib/thumb/v7e-m/fpv4-sp/hard\libcr_nohost_nf.a(_cr_assert.o)
 .comment       0x0000007f       0x80 c:/nxp/mcuxpressoide_10.1.1_606/ide/tools/bin/../lib/gcc/arm-none-eabi/6.3.1/../../../../arm-none-eabi/lib/thumb/v7e-m/fpv4-sp/hard\libcr_nohost_nf.a(__ciob.o)
 .comment       0x0000007f       0x80 c:/nxp/mcuxpressoide_10.1.1_606/ide/tools/bin/../lib/gcc/arm-none-eabi/6.3.1/../../../../arm-none-eabi/lib/thumb/v7e-m/fpv4-sp/hard\libcr_nohost_nf.a(__sys_appexit.o)
 .comment       0x0000007f       0x80 c:/nxp/mcuxpressoide_10.1.1_606/ide/tools/bin/../lib/gcc/arm-none-eabi/6.3.1/../../../../arm-none-eabi/lib/thumb/v7e-m/fpv4-sp/hard\libcr_c.a(memcpy.o)
 .comment       0x0000007f       0x80 c:/nxp/mcuxpressoide_10.1.1_606/ide/tools/bin/../lib/gcc/arm-none-eabi/6.3.1/../../../../arm-none-eabi/lib/thumb/v7e-m/fpv4-sp/hard\libcr_c.a(memset.o)
 .comment       0x0000007f       0x80 c:/nxp/mcuxpressoide_10.1.1_606/ide/tools/bin/../lib/gcc/arm-none-eabi/6.3.1/../../../../arm-none-eabi/lib/thumb/v7e-m/fpv4-sp/hard\libcr_c.a(_deferredlazyseek.o)
 .comment       0x0000007f       0x80 c:/nxp/mcuxpressoide_10.1.1_606/ide/tools/bin/../lib/gcc/arm-none-eabi/6.3.1/../../../../arm-none-eabi/lib/thumb/v7e-m/fpv4-sp/hard\libcr_c.a(_fflush.o)
 .comment       0x0000007f       0x80 c:/nxp/mcuxpressoide_10.1.1_606/ide/tools/bin/../lib/gcc/arm-none-eabi/6.3.1/../../../../arm-none-eabi/lib/thumb/v7e-m/fpv4-sp/hard\libcr_c.a(_writebuf.o)
 .comment       0x0000007f       0x80 c:/nxp/mcuxpressoide_10.1.1_606/ide/tools/bin/../lib/gcc/arm-none-eabi/6.3.1/../../../../arm-none-eabi/lib/thumb/v7e-m/fpv4-sp/hard\libcr_c.a(alloc.o)
 .comment       0x0000007f       0x80 c:/nxp/mcuxpressoide_10.1.1_606/ide/tools/bin/../lib/gcc/arm-none-eabi/6.3.1/../../../../arm-none-eabi/lib/thumb/v7e-m/fpv4-sp/hard\libcr_c.a(fputs.o)
 .comment       0x0000007f       0x80 c:/nxp/mcuxpressoide_10.1.1_606/ide/tools/bin/../lib/gcc/arm-none-eabi/6.3.1/../../../../arm-none-eabi/lib/thumb/v7e-m/fpv4-sp/hard\libcr_c.a(fseek.o)
 .comment       0x0000007f       0x80 c:/nxp/mcuxpressoide_10.1.1_606/ide/tools/bin/../lib/gcc/arm-none-eabi/6.3.1/../../../../arm-none-eabi/lib/thumb/v7e-m/fpv4-sp/hard\libcr_c.a(ftell.o)
 .comment       0x0000007f       0x80 c:/nxp/mcuxpressoide_10.1.1_606/ide/tools/bin/../lib/gcc/arm-none-eabi/6.3.1/../../../../arm-none-eabi/lib/thumb/v7e-m/fpv4-sp/hard\libcr_c.a(initio.o)
 .comment       0x0000007f       0x80 c:/nxp/mcuxpressoide_10.1.1_606/ide/tools/bin/../lib/gcc/arm-none-eabi/6.3.1/../../../../arm-none-eabi/lib/thumb/v7e-m/fpv4-sp/hard\libcr_c.a(setvbuf.o)
 .comment       0x0000007f       0x80 c:/nxp/mcuxpressoide_10.1.1_606/ide/tools/bin/../lib/gcc/arm-none-eabi/6.3.1/../../../../arm-none-eabi/lib/thumb/v7e-m/fpv4-sp/hard\libcr_c.a(strlen.o)
 .comment       0x0000007f       0x80 c:/nxp/mcuxpressoide_10.1.1_606/ide/tools/bin/../lib/gcc/arm-none-eabi/6.3.1/../../../../arm-none-eabi/lib/thumb/v7e-m/fpv4-sp/hard\libcr_c.a(__init_alloc.o)
 .comment       0x0000007f       0x80 c:/nxp/mcuxpressoide_10.1.1_606/ide/tools/bin/../lib/gcc/arm-none-eabi/6.3.1/../../../../arm-none-eabi/lib/thumb/v7e-m/fpv4-sp/hard\libcr_c.a(_cr_sbrk.o)
 .comment       0x0000007f       0x80 c:/nxp/mcuxpressoide_10.1.1_606/ide/tools/bin/../lib/gcc/arm-none-eabi/6.3.1/../../../../arm-none-eabi/lib/thumb/v7e-m/fpv4-sp/hard\libcr_c.a(_fdopen.o)
 .comment       0x0000007f       0x80 c:/nxp/mcuxpressoide_10.1.1_606/ide/tools/bin/../lib/gcc/arm-none-eabi/6.3.1/../../../../arm-none-eabi/lib/thumb/v7e-m/fpv4-sp/hard\libcr_c.a(errno.o)
 .comment       0x0000007f       0x80 c:/nxp/mcuxpressoide_10.1.1_606/ide/tools/bin/../lib/gcc/arm-none-eabi/6.3.1/../../../../arm-none-eabi/lib/thumb/v7e-m/fpv4-sp/hard\libcr_c.a(fclose.o)
 .comment       0x0000007f       0x80 c:/nxp/mcuxpressoide_10.1.1_606/ide/tools/bin/../lib/gcc/arm-none-eabi/6.3.1/../../../../arm-none-eabi/lib/thumb/v7e-m/fpv4-sp/hard\libcr_c.a(fflush.o)
 .comment       0x0000007f       0x80 c:/nxp/mcuxpressoide_10.1.1_606/ide/tools/bin/../lib/gcc/arm-none-eabi/6.3.1/../../../../arm-none-eabi/lib/thumb/v7e-m/fpv4-sp/hard\libcr_c.a(remove.o)
 .comment       0x0000007f       0x80 c:/nxp/mcuxpressoide_10.1.1_606/ide/tools/bin/../lib/gcc/arm-none-eabi/6.3.1/../../../../arm-none-eabi/lib/thumb/v7e-m/fpv4-sp/hard\libcr_c.a(_cr_check_heap.o)
 .comment       0x0000007f       0x80 c:/nxp/mcuxpressoide_10.1.1_606/ide/tools/bin/../lib/gcc/arm-none-eabi/6.3.1/../../../../arm-none-eabi/lib/thumb/v7e-m/fpv4-sp/hard\libcr_c.a(_do_fflush.o)
 .comment       0x0000007f       0x80 c:/nxp/mcuxpressoide_10.1.1_606/ide/tools/bin/../lib/gcc/arm-none-eabi/6.3.1/../../../../arm-none-eabi/lib/thumb/v7e-m/fpv4-sp/hard\libcr_nohost_nf.a(__sys_close.o)
 .comment       0x0000007f       0x80 c:/nxp/mcuxpressoide_10.1.1_606/ide/tools/bin/../lib/gcc/arm-none-eabi/6.3.1/../../../../arm-none-eabi/lib/thumb/v7e-m/fpv4-sp/hard\libcr_nohost_nf.a(__sys_flen.o)
 .comment       0x0000007f       0x80 c:/nxp/mcuxpressoide_10.1.1_606/ide/tools/bin/../lib/gcc/arm-none-eabi/6.3.1/../../../../arm-none-eabi/lib/thumb/v7e-m/fpv4-sp/hard\libcr_nohost_nf.a(__sys_istty.o)
 .comment       0x0000007f       0x80 c:/nxp/mcuxpressoide_10.1.1_606/ide/tools/bin/../lib/gcc/arm-none-eabi/6.3.1/../../../../arm-none-eabi/lib/thumb/v7e-m/fpv4-sp/hard\libcr_nohost_nf.a(__sys_remove.o)
 .comment       0x0000007f       0x80 c:/nxp/mcuxpressoide_10.1.1_606/ide/tools/bin/../lib/gcc/arm-none-eabi/6.3.1/../../../../arm-none-eabi/lib/thumb/v7e-m/fpv4-sp/hard\libcr_nohost_nf.a(__sys_seek.o)
 .comment       0x0000007f       0x80 c:/nxp/mcuxpressoide_10.1.1_606/ide/tools/bin/../lib/gcc/arm-none-eabi/6.3.1/../../../../arm-none-eabi/lib/thumb/v7e-m/fpv4-sp/hard\libcr_nohost_nf.a(__sys_tmpnam.o)
 .comment       0x0000007f       0x80 c:/nxp/mcuxpressoide_10.1.1_606/ide/tools/bin/../lib/gcc/arm-none-eabi/6.3.1/../../../../arm-none-eabi/lib/thumb/v7e-m/fpv4-sp/hard\libcr_nohost_nf.a(__sys_write.o)

.ARM.attributes
                0x00000000       0x37
 .ARM.attributes
                0x00000000       0x39 ./utilities/fsl_debug_console.o
 .ARM.attributes
                0x00000039       0x39 ./utilities/fsl_io.o
 .ARM.attributes
                0x00000072       0x39 ./utilities/fsl_log.o
 .ARM.attributes
                0x000000ab       0x39 ./utilities/fsl_str.o
 .ARM.attributes
                0x000000e4       0x39 ./startup/startup_mk64f12.o
 .ARM.attributes
                0x0000011d       0x39 ./source/p1.o
 .ARM.attributes
                0x00000156       0x39 ./source/semihost_hardfault.o
 .ARM.attributes
                0x0000018f       0x39 ./freertos/source/event_groups.o
 .ARM.attributes
                0x000001c8       0x39 ./freertos/source/list.o
 .ARM.attributes
                0x00000201       0x39 ./freertos/source/queue.o
 .ARM.attributes
                0x0000023a       0x39 ./freertos/source/tasks.o
 .ARM.attributes
                0x00000273       0x39 ./freertos/source/timers.o
 .ARM.attributes
                0x000002ac       0x39 ./freertos/portable/fsl_tickless_systick.o
 .ARM.attributes
                0x000002e5       0x39 ./freertos/portable/heap_4.o
 .ARM.attributes
                0x0000031e       0x39 ./freertos/portable/port.o
 .ARM.attributes
                0x00000357       0x39 ./drivers/fsl_clock.o
 .ARM.attributes
                0x00000390       0x39 ./drivers/fsl_dspi.o
 .ARM.attributes
                0x000003c9       0x39 ./drivers/fsl_flash.o
 .ARM.attributes
                0x00000402       0x39 ./drivers/fsl_i2c.o
 .ARM.attributes
                0x0000043b       0x39 ./drivers/fsl_smc.o
 .ARM.attributes
                0x00000474       0x39 ./drivers/fsl_uart.o
 .ARM.attributes
                0x000004ad       0x39 ./board/board.o
 .ARM.attributes
                0x000004e6       0x39 ./board/clock_config.o
 .ARM.attributes
                0x0000051f       0x39 ./board/peripherals.o
 .ARM.attributes
                0x00000558       0x39 ./board/pin_mux.o
 .ARM.attributes
                0x00000591       0x39 ./CMSIS/system_MK64F12.o
 .ARM.attributes
                0x000005ca       0x39 c:/nxp/mcuxpressoide_10.1.1_606/ide/tools/bin/../lib/gcc/arm-none-eabi/6.3.1/../../../../arm-none-eabi/lib/thumb/v7e-m/fpv4-sp/hard\libcr_nohost_nf.a(_cr__main.o)
 .ARM.attributes
                0x00000603       0x39 c:/nxp/mcuxpressoide_10.1.1_606/ide/tools/bin/../lib/gcc/arm-none-eabi/6.3.1/../../../../arm-none-eabi/lib/thumb/v7e-m/fpv4-sp/hard\libcr_nohost_nf.a(_cr_assert.o)
 .ARM.attributes
                0x0000063c       0x39 c:/nxp/mcuxpressoide_10.1.1_606/ide/tools/bin/../lib/gcc/arm-none-eabi/6.3.1/../../../../arm-none-eabi/lib/thumb/v7e-m/fpv4-sp/hard\libcr_nohost_nf.a(__ciob.o)
 .ARM.attributes
                0x00000675       0x39 c:/nxp/mcuxpressoide_10.1.1_606/ide/tools/bin/../lib/gcc/arm-none-eabi/6.3.1/../../../../arm-none-eabi/lib/thumb/v7e-m/fpv4-sp/hard\libcr_nohost_nf.a(__sys_appexit.o)
 .ARM.attributes
                0x000006ae       0x39 c:/nxp/mcuxpressoide_10.1.1_606/ide/tools/bin/../lib/gcc/arm-none-eabi/6.3.1/../../../../arm-none-eabi/lib/thumb/v7e-m/fpv4-sp/hard\libcr_c.a(memcpy.o)
 .ARM.attributes
                0x000006e7       0x39 c:/nxp/mcuxpressoide_10.1.1_606/ide/tools/bin/../lib/gcc/arm-none-eabi/6.3.1/../../../../arm-none-eabi/lib/thumb/v7e-m/fpv4-sp/hard\libcr_c.a(memset.o)
 .ARM.attributes
                0x00000720       0x39 c:/nxp/mcuxpressoide_10.1.1_606/ide/tools/bin/../lib/gcc/arm-none-eabi/6.3.1/../../../../arm-none-eabi/lib/thumb/v7e-m/fpv4-sp/hard\libcr_c.a(_deferredlazyseek.o)
 .ARM.attributes
                0x00000759       0x39 c:/nxp/mcuxpressoide_10.1.1_606/ide/tools/bin/../lib/gcc/arm-none-eabi/6.3.1/../../../../arm-none-eabi/lib/thumb/v7e-m/fpv4-sp/hard\libcr_c.a(_fflush.o)
 .ARM.attributes
                0x00000792       0x39 c:/nxp/mcuxpressoide_10.1.1_606/ide/tools/bin/../lib/gcc/arm-none-eabi/6.3.1/../../../../arm-none-eabi/lib/thumb/v7e-m/fpv4-sp/hard\libcr_c.a(_writebuf.o)
 .ARM.attributes
                0x000007cb       0x39 c:/nxp/mcuxpressoide_10.1.1_606/ide/tools/bin/../lib/gcc/arm-none-eabi/6.3.1/../../../../arm-none-eabi/lib/thumb/v7e-m/fpv4-sp/hard\libcr_c.a(alloc.o)
 .ARM.attributes
                0x00000804       0x39 c:/nxp/mcuxpressoide_10.1.1_606/ide/tools/bin/../lib/gcc/arm-none-eabi/6.3.1/../../../../arm-none-eabi/lib/thumb/v7e-m/fpv4-sp/hard\libcr_c.a(fputs.o)
 .ARM.attributes
                0x0000083d       0x39 c:/nxp/mcuxpressoide_10.1.1_606/ide/tools/bin/../lib/gcc/arm-none-eabi/6.3.1/../../../../arm-none-eabi/lib/thumb/v7e-m/fpv4-sp/hard\libcr_c.a(fseek.o)
 .ARM.attributes
                0x00000876       0x39 c:/nxp/mcuxpressoide_10.1.1_606/ide/tools/bin/../lib/gcc/arm-none-eabi/6.3.1/../../../../arm-none-eabi/lib/thumb/v7e-m/fpv4-sp/hard\libcr_c.a(ftell.o)
 .ARM.attributes
                0x000008af       0x39 c:/nxp/mcuxpressoide_10.1.1_606/ide/tools/bin/../lib/gcc/arm-none-eabi/6.3.1/../../../../arm-none-eabi/lib/thumb/v7e-m/fpv4-sp/hard\libcr_c.a(initio.o)
 .ARM.attributes
                0x000008e8       0x39 c:/nxp/mcuxpressoide_10.1.1_606/ide/tools/bin/../lib/gcc/arm-none-eabi/6.3.1/../../../../arm-none-eabi/lib/thumb/v7e-m/fpv4-sp/hard\libcr_c.a(setvbuf.o)
 .ARM.attributes
                0x00000921       0x39 c:/nxp/mcuxpressoide_10.1.1_606/ide/tools/bin/../lib/gcc/arm-none-eabi/6.3.1/../../../../arm-none-eabi/lib/thumb/v7e-m/fpv4-sp/hard\libcr_c.a(strlen.o)
 .ARM.attributes
                0x0000095a       0x39 c:/nxp/mcuxpressoide_10.1.1_606/ide/tools/bin/../lib/gcc/arm-none-eabi/6.3.1/../../../../arm-none-eabi/lib/thumb/v7e-m/fpv4-sp/hard\libcr_c.a(__init_alloc.o)
 .ARM.attributes
                0x00000993       0x39 c:/nxp/mcuxpressoide_10.1.1_606/ide/tools/bin/../lib/gcc/arm-none-eabi/6.3.1/../../../../arm-none-eabi/lib/thumb/v7e-m/fpv4-sp/hard\libcr_c.a(_cr_sbrk.o)
 .ARM.attributes
                0x000009cc       0x39 c:/nxp/mcuxpressoide_10.1.1_606/ide/tools/bin/../lib/gcc/arm-none-eabi/6.3.1/../../../../arm-none-eabi/lib/thumb/v7e-m/fpv4-sp/hard\libcr_c.a(_fdopen.o)
 .ARM.attributes
                0x00000a05       0x39 c:/nxp/mcuxpressoide_10.1.1_606/ide/tools/bin/../lib/gcc/arm-none-eabi/6.3.1/../../../../arm-none-eabi/lib/thumb/v7e-m/fpv4-sp/hard\libcr_c.a(errno.o)
 .ARM.attributes
                0x00000a3e       0x39 c:/nxp/mcuxpressoide_10.1.1_606/ide/tools/bin/../lib/gcc/arm-none-eabi/6.3.1/../../../../arm-none-eabi/lib/thumb/v7e-m/fpv4-sp/hard\libcr_c.a(fclose.o)
 .ARM.attributes
                0x00000a77       0x39 c:/nxp/mcuxpressoide_10.1.1_606/ide/tools/bin/../lib/gcc/arm-none-eabi/6.3.1/../../../../arm-none-eabi/lib/thumb/v7e-m/fpv4-sp/hard\libcr_c.a(fflush.o)
 .ARM.attributes
                0x00000ab0       0x39 c:/nxp/mcuxpressoide_10.1.1_606/ide/tools/bin/../lib/gcc/arm-none-eabi/6.3.1/../../../../arm-none-eabi/lib/thumb/v7e-m/fpv4-sp/hard\libcr_c.a(remove.o)
 .ARM.attributes
                0x00000ae9       0x39 c:/nxp/mcuxpressoide_10.1.1_606/ide/tools/bin/../lib/gcc/arm-none-eabi/6.3.1/../../../../arm-none-eabi/lib/thumb/v7e-m/fpv4-sp/hard\libcr_c.a(_cr_check_heap.o)
 .ARM.attributes
                0x00000b22       0x39 c:/nxp/mcuxpressoide_10.1.1_606/ide/tools/bin/../lib/gcc/arm-none-eabi/6.3.1/../../../../arm-none-eabi/lib/thumb/v7e-m/fpv4-sp/hard\libcr_c.a(_do_fflush.o)
 .ARM.attributes
                0x00000b5b       0x25 c:/nxp/mcuxpressoide_10.1.1_606/ide/tools/bin/../lib/gcc/arm-none-eabi/6.3.1/thumb/v7e-m/fpv4-sp/hard\libcr_eabihelpers.a(memcpy.o)
 .ARM.attributes
                0x00000b80       0x39 c:/nxp/mcuxpressoide_10.1.1_606/ide/tools/bin/../lib/gcc/arm-none-eabi/6.3.1/../../../../arm-none-eabi/lib/thumb/v7e-m/fpv4-sp/hard\libcr_nohost_nf.a(__sys_close.o)
 .ARM.attributes
                0x00000bb9       0x39 c:/nxp/mcuxpressoide_10.1.1_606/ide/tools/bin/../lib/gcc/arm-none-eabi/6.3.1/../../../../arm-none-eabi/lib/thumb/v7e-m/fpv4-sp/hard\libcr_nohost_nf.a(__sys_flen.o)
 .ARM.attributes
                0x00000bf2       0x39 c:/nxp/mcuxpressoide_10.1.1_606/ide/tools/bin/../lib/gcc/arm-none-eabi/6.3.1/../../../../arm-none-eabi/lib/thumb/v7e-m/fpv4-sp/hard\libcr_nohost_nf.a(__sys_istty.o)
 .ARM.attributes
                0x00000c2b       0x39 c:/nxp/mcuxpressoide_10.1.1_606/ide/tools/bin/../lib/gcc/arm-none-eabi/6.3.1/../../../../arm-none-eabi/lib/thumb/v7e-m/fpv4-sp/hard\libcr_nohost_nf.a(__sys_remove.o)
 .ARM.attributes
                0x00000c64       0x39 c:/nxp/mcuxpressoide_10.1.1_606/ide/tools/bin/../lib/gcc/arm-none-eabi/6.3.1/../../../../arm-none-eabi/lib/thumb/v7e-m/fpv4-sp/hard\libcr_nohost_nf.a(__sys_seek.o)
 .ARM.attributes
                0x00000c9d       0x39 c:/nxp/mcuxpressoide_10.1.1_606/ide/tools/bin/../lib/gcc/arm-none-eabi/6.3.1/../../../../arm-none-eabi/lib/thumb/v7e-m/fpv4-sp/hard\libcr_nohost_nf.a(__sys_tmpnam.o)
 .ARM.attributes
                0x00000cd6       0x39 c:/nxp/mcuxpressoide_10.1.1_606/ide/tools/bin/../lib/gcc/arm-none-eabi/6.3.1/../../../../arm-none-eabi/lib/thumb/v7e-m/fpv4-sp/hard\libcr_nohost_nf.a(__sys_write.o)

.debug_frame    0x00000000     0x4b7c
 .debug_frame   0x00000000      0x150 ./utilities/fsl_debug_console.o
 .debug_frame   0x00000150       0xe0 ./utilities/fsl_io.o
 .debug_frame   0x00000230      0x120 ./utilities/fsl_log.o
 .debug_frame   0x00000350       0xb4 ./utilities/fsl_str.o
 .debug_frame   0x00000404      0x904 ./startup/startup_mk64f12.o
 .debug_frame   0x00000d08      0x130 ./source/p1.o
 .debug_frame   0x00000e38       0x20 ./source/semihost_hardfault.o
 .debug_frame   0x00000e58      0x1f0 ./freertos/source/event_groups.o
 .debug_frame   0x00001048       0xd8 ./freertos/source/list.o
 .debug_frame   0x00001120      0x4c0 ./freertos/source/queue.o
 .debug_frame   0x000015e0      0x85c ./freertos/source/tasks.o
 .debug_frame   0x00001e3c      0x338 ./freertos/source/timers.o
 .debug_frame   0x00002174       0x30 ./freertos/portable/fsl_tickless_systick.o
 .debug_frame   0x000021a4      0x108 ./freertos/portable/heap_4.o
 .debug_frame   0x000022ac      0x17c ./freertos/portable/port.o
 .debug_frame   0x00002428      0x820 ./drivers/fsl_clock.o
 .debug_frame   0x00002c48      0x810 ./drivers/fsl_dspi.o
 .debug_frame   0x00003458      0x60c ./drivers/fsl_flash.o
 .debug_frame   0x00003a64      0x694 ./drivers/fsl_i2c.o
 .debug_frame   0x000040f8      0x220 ./drivers/fsl_smc.o
 .debug_frame   0x00004318      0x5ec ./drivers/fsl_uart.o
 .debug_frame   0x00004904       0x34 ./board/board.o
 .debug_frame   0x00004938      0x124 ./board/clock_config.o
 .debug_frame   0x00004a5c       0x30 ./board/peripherals.o
 .debug_frame   0x00004a8c       0x98 ./board/pin_mux.o
 .debug_frame   0x00004b24       0x58 ./CMSIS/system_MK64F12.o

.debug_ranges   0x00000000       0x78
 .debug_ranges  0x00000000       0x78 ./startup/startup_mk64f12.o
