Archive member included to satisfy reference by file (symbol)

c:/nxp/mcuxpressoide_10.1.1_606/ide/tools/bin/../lib/gcc/arm-none-eabi/6.3.1/../../../../arm-none-eabi/lib/thumb/v7e-m/fpv4-sp/hard\libcr_nohost_nf.a(_cr__main.o)
                              ./startup/startup_mk64f12.o (__main)
c:/nxp/mcuxpressoide_10.1.1_606/ide/tools/bin/../lib/gcc/arm-none-eabi/6.3.1/../../../../arm-none-eabi/lib/thumb/v7e-m/fpv4-sp/hard\libcr_nohost_nf.a(_cr_assert.o)
                              ./utilities/fsl_debug_console.o (__assertion_failed)
c:/nxp/mcuxpressoide_10.1.1_606/ide/tools/bin/../lib/gcc/arm-none-eabi/6.3.1/../../../../arm-none-eabi/lib/thumb/v7e-m/fpv4-sp/hard\libcr_nohost_nf.a(__ciob.o)
                              c:/nxp/mcuxpressoide_10.1.1_606/ide/tools/bin/../lib/gcc/arm-none-eabi/6.3.1/../../../../arm-none-eabi/lib/thumb/v7e-m/fpv4-sp/hard\libcr_nohost_nf.a(_cr_assert.o) (__Ciob)
c:/nxp/mcuxpressoide_10.1.1_606/ide/tools/bin/../lib/gcc/arm-none-eabi/6.3.1/../../../../arm-none-eabi/lib/thumb/v7e-m/fpv4-sp/hard\libcr_nohost_nf.a(__sys_appexit.o)
                              c:/nxp/mcuxpressoide_10.1.1_606/ide/tools/bin/../lib/gcc/arm-none-eabi/6.3.1/../../../../arm-none-eabi/lib/thumb/v7e-m/fpv4-sp/hard\libcr_nohost_nf.a(_cr_assert.o) (__sys_appexit)
c:/nxp/mcuxpressoide_10.1.1_606/ide/tools/bin/../lib/gcc/arm-none-eabi/6.3.1/../../../../arm-none-eabi/lib/thumb/v7e-m/fpv4-sp/hard\libcr_c.a(memcpy.o)
                              ./drivers/fsl_flash.o (memcpy)
c:/nxp/mcuxpressoide_10.1.1_606/ide/tools/bin/../lib/gcc/arm-none-eabi/6.3.1/../../../../arm-none-eabi/lib/thumb/v7e-m/fpv4-sp/hard\libcr_c.a(memset.o)
                              ./utilities/fsl_debug_console.o (memset)
c:/nxp/mcuxpressoide_10.1.1_606/ide/tools/bin/../lib/gcc/arm-none-eabi/6.3.1/../../../../arm-none-eabi/lib/thumb/v7e-m/fpv4-sp/hard\libcr_c.a(_deferredlazyseek.o)
                              c:/nxp/mcuxpressoide_10.1.1_606/ide/tools/bin/../lib/gcc/arm-none-eabi/6.3.1/../../../../arm-none-eabi/lib/thumb/v7e-m/fpv4-sp/hard\libcr_nohost_nf.a(_cr_assert.o) (__flsbuf)
c:/nxp/mcuxpressoide_10.1.1_606/ide/tools/bin/../lib/gcc/arm-none-eabi/6.3.1/../../../../arm-none-eabi/lib/thumb/v7e-m/fpv4-sp/hard\libcr_c.a(_fflush.o)
                              c:/nxp/mcuxpressoide_10.1.1_606/ide/tools/bin/../lib/gcc/arm-none-eabi/6.3.1/../../../../arm-none-eabi/lib/thumb/v7e-m/fpv4-sp/hard\libcr_c.a(_deferredlazyseek.o) (_fflush)
c:/nxp/mcuxpressoide_10.1.1_606/ide/tools/bin/../lib/gcc/arm-none-eabi/6.3.1/../../../../arm-none-eabi/lib/thumb/v7e-m/fpv4-sp/hard\libcr_c.a(_writebuf.o)
                              c:/nxp/mcuxpressoide_10.1.1_606/ide/tools/bin/../lib/gcc/arm-none-eabi/6.3.1/../../../../arm-none-eabi/lib/thumb/v7e-m/fpv4-sp/hard\libcr_c.a(_deferredlazyseek.o) (_Cwritebuf)
c:/nxp/mcuxpressoide_10.1.1_606/ide/tools/bin/../lib/gcc/arm-none-eabi/6.3.1/../../../../arm-none-eabi/lib/thumb/v7e-m/fpv4-sp/hard\libcr_c.a(alloc.o)
                              c:/nxp/mcuxpressoide_10.1.1_606/ide/tools/bin/../lib/gcc/arm-none-eabi/6.3.1/../../../../arm-none-eabi/lib/thumb/v7e-m/fpv4-sp/hard\libcr_c.a(_deferredlazyseek.o) (_Csys_alloc)
c:/nxp/mcuxpressoide_10.1.1_606/ide/tools/bin/../lib/gcc/arm-none-eabi/6.3.1/../../../../arm-none-eabi/lib/thumb/v7e-m/fpv4-sp/hard\libcr_c.a(fputs.o)
                              c:/nxp/mcuxpressoide_10.1.1_606/ide/tools/bin/../lib/gcc/arm-none-eabi/6.3.1/../../../../arm-none-eabi/lib/thumb/v7e-m/fpv4-sp/hard\libcr_nohost_nf.a(_cr_assert.o) (fputs)
c:/nxp/mcuxpressoide_10.1.1_606/ide/tools/bin/../lib/gcc/arm-none-eabi/6.3.1/../../../../arm-none-eabi/lib/thumb/v7e-m/fpv4-sp/hard\libcr_c.a(fseek.o)
                              c:/nxp/mcuxpressoide_10.1.1_606/ide/tools/bin/../lib/gcc/arm-none-eabi/6.3.1/../../../../arm-none-eabi/lib/thumb/v7e-m/fpv4-sp/hard\libcr_c.a(_deferredlazyseek.o) (fseek)
c:/nxp/mcuxpressoide_10.1.1_606/ide/tools/bin/../lib/gcc/arm-none-eabi/6.3.1/../../../../arm-none-eabi/lib/thumb/v7e-m/fpv4-sp/hard\libcr_c.a(ftell.o)
                              c:/nxp/mcuxpressoide_10.1.1_606/ide/tools/bin/../lib/gcc/arm-none-eabi/6.3.1/../../../../arm-none-eabi/lib/thumb/v7e-m/fpv4-sp/hard\libcr_c.a(fseek.o) (ftell)
c:/nxp/mcuxpressoide_10.1.1_606/ide/tools/bin/../lib/gcc/arm-none-eabi/6.3.1/../../../../arm-none-eabi/lib/thumb/v7e-m/fpv4-sp/hard\libcr_c.a(initio.o)
                              c:/nxp/mcuxpressoide_10.1.1_606/ide/tools/bin/../lib/gcc/arm-none-eabi/6.3.1/../../../../arm-none-eabi/lib/thumb/v7e-m/fpv4-sp/hard\libcr_nohost_nf.a(_cr__main.o) (_initio)
c:/nxp/mcuxpressoide_10.1.1_606/ide/tools/bin/../lib/gcc/arm-none-eabi/6.3.1/../../../../arm-none-eabi/lib/thumb/v7e-m/fpv4-sp/hard\libcr_c.a(setvbuf.o)
                              c:/nxp/mcuxpressoide_10.1.1_606/ide/tools/bin/../lib/gcc/arm-none-eabi/6.3.1/../../../../arm-none-eabi/lib/thumb/v7e-m/fpv4-sp/hard\libcr_c.a(initio.o) (setvbuf)
[...]
Memory Configuration

Name             Origin             Length             Attributes
PROGRAM_FLASH    0x00000000         0x00100000         xr
SRAM_UPPER       0x20000000         0x00030000         xrw
SRAM_LOWER       0x1fff0000         0x00010000         xrw
FLEX_RAM         0x14000000         0x00001000         xrw
*default*        0x00000000         0xffffffff

Linker script and memory map

LOAD ./utilities/fsl_assert.o
LOAD ./utilities/fsl_debug_console.o
LOAD ./utilities/fsl_io.o
LOAD ./utilities/fsl_log.o
LOAD ./utilities/fsl_str.o
LOAD ./startup/startup_mk64f12.o
LOAD ./source/i2c_interrupt_b2b_transfer_master.o
LOAD ./source/semihost_hardfault.o
LOAD ./drivers/fsl_clock.o
LOAD ./drivers/fsl_common.o
LOAD ./drivers/fsl_flash.o
LOAD ./drivers/fsl_gpio.o
LOAD ./drivers/fsl_i2c.o
LOAD ./drivers/fsl_smc.o
LOAD ./drivers/fsl_uart.o
LOAD ./board/board.o
LOAD ./board/clock_config.o
LOAD ./board/pin_mux.o
LOAD ./CMSIS/system_MK64F12.o
START GROUP
LOAD c:/nxp/mcuxpressoide_10.1.1_606/ide/tools/bin/../lib/gcc/arm-none-eabi/6.3.1/../../../../arm-none-eabi/lib/thumb/v7e-m/fpv4-sp/hard\libcr_nohost_nf.a
LOAD c:/nxp/mcuxpressoide_10.1.1_606/ide/tools/bin/../lib/gcc/arm-none-eabi/6.3.1/../../../../arm-none-eabi/lib/thumb/v7e-m/fpv4-sp/hard\libcr_c.a
LOAD c:/nxp/mcuxpressoide_10.1.1_606/ide/tools/bin/../lib/gcc/arm-none-eabi/6.3.1/thumb/v7e-m/fpv4-sp/hard\libcr_eabihelpers.a
END GROUP
                0x00000000                __base_PROGRAM_FLASH = 0x0
                0x00000000                __base_Flash = 0x0
                0x00100000                __top_PROGRAM_FLASH = 0x100000
                0x00100000                __top_Flash = 0x100000
                0x20000000                __base_SRAM_UPPER = 0x20000000
                0x20000000                __base_RAM = 0x20000000
                0x20030000                __top_SRAM_UPPER = 0x20030000
                0x20030000                __top_RAM = 0x20030000
                0x1fff0000                __base_SRAM_LOWER = 0x1fff0000
                0x1fff0000                __base_RAM2 = 0x1fff0000
                0x20000000                __top_SRAM_LOWER = 0x20000000
                0x20000000                __top_RAM2 = 0x20000000
                0x14000000                __base_FLEX_RAM = 0x14000000
                0x14000000                __base_RAM3 = 0x14000000
                0x14001000                __top_FLEX_RAM = 0x14001000
                0x14001000                __top_RAM3 = 0x14001000

.text           0x00000000     0x4294
 FILL mask 0xff
                0x00000000                __vectors_start__ = ABSOLUTE (.)
 *(.isr_vector)
 .isr_vector    0x00000000      0x198 ./startup/startup_mk64f12.o
                0x00000000                g_pfnVectors
                0x00000000                __Vectors
                0x00000198                . = ALIGN (0x4)
                0x00000198                __section_table_start = .
                0x00000198                __data_section_table = .
                0x00000198        0x4 LONG 0x4294 LOADADDR (.data)
                0x0000019c        0x4 LONG 0x20000000 ADDR (.data)
                0x000001a0        0x4 LONG 0xc SIZEOF (.data)
                0x000001a4        0x4 LONG 0x4294 LOADADDR (.data_RAM2)
                0x000001a8        0x4 LONG 0x1fff0000 ADDR (.data_RAM2)
                0x000001ac        0x4 LONG 0x0 SIZEOF (.data_RAM2)
                0x000001b0        0x4 LONG 0x4294 LOADADDR (.data_RAM3)
                0x000001b4        0x4 LONG 0x14000000 ADDR (.data_RAM3)
                0x000001b8        0x4 LONG 0x0 SIZEOF (.data_RAM3)
                0x000001bc                __data_section_table_end = .
                0x000001bc                __bss_section_table = .
                0x000001bc        0x4 LONG 0x2000000c ADDR (.bss)
                0x000001c0        0x4 LONG 0x12c SIZEOF (.bss)
                0x000001c4        0x4 LONG 0x1fff0000 ADDR (.bss_RAM2)
                0x000001c8        0x4 LONG 0x0 SIZEOF (.bss_RAM2)
                0x000001cc        0x4 LONG 0x14000000 ADDR (.bss_RAM3)
                0x000001d0        0x4 LONG 0x0 SIZEOF (.bss_RAM3)
                0x000001d4                __bss_section_table_end = .
                0x000001d4                __section_table_end = .
 *(.after_vectors*)
 .after_vectors.init_data
                0x000001d4       0x1e ./startup/startup_mk64f12.o
                0x000001d4                data_init
 .after_vectors.init_bss
                0x000001f2       0x12 ./startup/startup_mk64f12.o
                0x000001f2                bss_init
 .after_vectors.reset
                0x00000204       0x4c ./startup/startup_mk64f12.o
                0x00000204                ResetISR
 .after_vectors
                0x00000250       0x14 ./startup/startup_mk64f12.o
                0x00000250                NMI_Handler
                0x00000254                MemManage_Handler
                0x00000256                BusFault_Handler
                0x00000258                UsageFault_Handler
                0x0000025a                SVC_Handler
                0x0000025c                DebugMon_Handler
                0x0000025e                PendSV_Handler
                0x00000260                SysTick_Handler
                0x00000262                DMA_Error_DriverIRQHandler
                0x00000262                LPTMR0_DriverIRQHandler
                0x00000262                FTM1_DriverIRQHandler
                0x00000262                FTM2_DriverIRQHandler
                0x00000262                PIT2_DriverIRQHandler
                0x00000262                SDHC_DriverIRQHandler
                0x00000262                I2S0_Tx_DriverIRQHandler
                0x00000262                RTC_Seconds_DriverIRQHandler
                0x00000262                DMA6_DriverIRQHandler
                0x00000262                LLWU_DriverIRQHandler
                0x00000262                MCM_DriverIRQHandler
                0x00000262                MCG_DriverIRQHandler
                0x00000262                ENET_1588_Timer_DriverIRQHandler
                0x00000262                DAC1_DriverIRQHandler
                0x00000262                SPI1_DriverIRQHandler
                0x00000262                CMP1_DriverIRQHandler
                0x00000262                FTM0_DriverIRQHandler
                0x00000262                IntDefaultHandler
                0x00000262                USB0_DriverIRQHandler
                0x00000262                UART5_ERR_DriverIRQHandler
                0x00000262                PORTC_DriverIRQHandler
                0x00000262                DMA11_DriverIRQHandler
                0x00000262                DAC0_DriverIRQHandler
                0x00000262                DMA10_DriverIRQHandler
                0x00000262                CMP2_DriverIRQHandler
                0x00000262                UART2_ERR_DriverIRQHandler
                0x00000262                SPI2_DriverIRQHandler
                0x00000262                LVD_LVW_DriverIRQHandler
                0x00000262                PIT0_DriverIRQHandler
                0x00000262                DMA12_DriverIRQHandler
                0x00000262                DMA5_DriverIRQHandler
                0x00000262                DMA4_DriverIRQHandler
                0x00000262                USBDCD_DriverIRQHandler
                0x00000262                UART3_ERR_DriverIRQHandler
                0x00000262                DMA3_DriverIRQHandler
                0x00000262                DMA8_DriverIRQHandler
                0x00000262                DMA9_DriverIRQHandler
                0x00000262                UART0_ERR_DriverIRQHandler
                0x00000262                CMT_DriverIRQHandler
                0x00000262                Reserved71_DriverIRQHandler
                0x00000262                ADC1_DriverIRQHandler
                0x00000262                PORTA_DriverIRQHandler
                0x00000262                DMA14_DriverIRQHandler
                0x00000262                PIT3_DriverIRQHandler
                0x00000262                PIT1_DriverIRQHandler
                0x00000262                WDOG_EWM_DriverIRQHandler
                0x00000262                PDB0_DriverIRQHandler
                0x00000262                RTC_DriverIRQHandler
                0x00000262                I2S0_Rx_DriverIRQHandler
                0x00000262                Read_Collision_DriverIRQHandler
                0x00000262                SWI_DriverIRQHandler
                0x00000262                UART4_ERR_DriverIRQHandler
                0x00000262                PORTB_DriverIRQHandler
                0x00000262                UART0_LON_DriverIRQHandler
                0x00000262                DMA0_DriverIRQHandler
                0x00000262                DMA1_DriverIRQHandler
                0x00000262                ENET_Receive_DriverIRQHandler
                0x00000262                DMA13_DriverIRQHandler
                0x00000262                ENET_Error_DriverIRQHandler
                0x00000262                DMA15_DriverIRQHandler
                0x00000262                SPI0_DriverIRQHandler
                0x00000262                ADC0_DriverIRQHandler
                0x00000262                CMP0_DriverIRQHandler
                0x00000262                CAN0_DriverIRQHandler
                0x00000262                FTM3_DriverIRQHandler
                0x00000262                RNG_DriverIRQHandler
                0x00000262                UART1_ERR_DriverIRQHandler
                0x00000262                DMA2_DriverIRQHandler
                0x00000262                ENET_Transmit_DriverIRQHandler
                0x00000262                PORTD_DriverIRQHandler
                0x00000262                PORTE_DriverIRQHandler
                0x00000262                FTFE_DriverIRQHandler
                0x00000262                DMA7_DriverIRQHandler
                0x00000400                . = 0x400
 *fill*         0x00000264      0x19c ff
                0x00000400                PROVIDE (__FLASH_CONFIG_START__, .)
 *(.FlashConfig)
 .FlashConfig   0x00000400       0x10 ./startup/startup_mk64f12.o
                0x00000400                Flash_Config
                0x00000410                PROVIDE (__FLASH_CONFIG_END__, .)
                0x00000001                ASSERT (! ((__FLASH_CONFIG_START__ == __FLASH_CONFIG_END__)), Linker Flash Config Support Enabled, but no .FlashConfig section provided within application)
 *(.text*)
 .text.DbgConsole_Init
                0x00000410       0x38 ./utilities/fsl_debug_console.o
                0x00000410                DbgConsole_Init
 .text.DbgConsole_Printf
                0x00000448       0x64 ./utilities/fsl_debug_console.o
                0x00000448                DbgConsole_Printf
 .text.DbgConsole_RelocateLog
                0x000004ac       0x64 ./utilities/fsl_debug_console.o
 .text.UART_EnableTx
                0x00000510       0x40 ./utilities/fsl_io.o
 .text.UART_EnableRx
                0x00000550       0x40 ./utilities/fsl_io.o
 .text.IO_Init  0x00000590       0x80 ./utilities/fsl_io.o
                0x00000590                IO_Init
 .text.IO_Transfer
                0x00000610       0x5c ./utilities/fsl_io.o
                0x00000610                IO_Transfer
 .text.LOG_Init
                0x0000066c       0x30 ./utilities/fsl_log.o
                0x0000066c                LOG_Init
 .text.LOG_Push
                0x0000069c       0x2c ./utilities/fsl_log.o
                0x0000069c                LOG_Push
 .text.LOG_Pop  0x000006c8       0x42 ./utilities/fsl_log.o
                0x000006c8                LOG_Pop
 .text.ConvertRadixNumToString
                0x0000070a      0x114 ./utilities/fsl_str.o
 *fill*         0x0000081e        0x2 ff
 .text.StrFormatPrintf
                0x00000820      0x35c ./utilities/fsl_str.o
                0x00000820                StrFormatPrintf
 .text.DMA0_IRQHandler
                0x00000b7c        0x8 ./startup/startup_mk64f12.o
                0x00000b7c                DMA0_IRQHandler
 .text.DMA1_IRQHandler
                0x00000b84        0x8 ./startup/startup_mk64f12.o
                0x00000b84                DMA1_IRQHandler
 .text.DMA2_IRQHandler
                0x00000b8c        0x8 ./startup/startup_mk64f12.o
                0x00000b8c                DMA2_IRQHandler
 .text.DMA3_IRQHandler
                0x00000b94        0x8 ./startup/startup_mk64f12.o
                0x00000b94                DMA3_IRQHandler
 .text.DMA4_IRQHandler
                0x00000b9c        0x8 ./startup/startup_mk64f12.o
                0x00000b9c                DMA4_IRQHandler
 .text.DMA5_IRQHandler
                0x00000ba4        0x8 ./startup/startup_mk64f12.o
                0x00000ba4                DMA5_IRQHandler
 .text.DMA6_IRQHandler
                0x00000bac        0x8 ./startup/startup_mk64f12.o
                0x00000bac                DMA6_IRQHandler
 .text.DMA7_IRQHandler
                0x00000bb4        0x8 ./startup/startup_mk64f12.o
                0x00000bb4                DMA7_IRQHandler
 .text.DMA8_IRQHandler
                0x00000bbc        0x8 ./startup/startup_mk64f12.o
                0x00000bbc                DMA8_IRQHandler
 .text.DMA9_IRQHandler
                0x00000bc4        0x8 ./startup/startup_mk64f12.o
                0x00000bc4                DMA9_IRQHandler
 .text.DMA10_IRQHandler
                0x00000bcc        0x8 ./startup/startup_mk64f12.o
                0x00000bcc                DMA10_IRQHandler
 .text.DMA11_IRQHandler
                0x00000bd4        0x8 ./startup/startup_mk64f12.o
                0x00000bd4                DMA11_IRQHandler
 .text.DMA12_IRQHandler
                0x00000bdc        0x8 ./startup/startup_mk64f12.o
                0x00000bdc                DMA12_IRQHandler
 .text.DMA13_IRQHandler
                0x00000be4        0x8 ./startup/startup_mk64f12.o
                0x00000be4                DMA13_IRQHandler
 .text.DMA14_IRQHandler
                0x00000bec        0x8 ./startup/startup_mk64f12.o
                0x00000bec                DMA14_IRQHandler
 .text.DMA15_IRQHandler
                0x00000bf4        0x8 ./startup/startup_mk64f12.o
                0x00000bf4                DMA15_IRQHandler
 .text.DMA_Error_IRQHandler
                0x00000bfc        0x8 ./startup/startup_mk64f12.o
                0x00000bfc                DMA_Error_IRQHandler
 .text.MCM_IRQHandler
                0x00000c04        0x8 ./startup/startup_mk64f12.o
                0x00000c04                MCM_IRQHandler
 .text.FTFE_IRQHandler
                0x00000c0c        0x8 ./startup/startup_mk64f12.o
                0x00000c0c                FTFE_IRQHandler
 .text.Read_Collision_IRQHandler
                0x00000c14        0x8 ./startup/startup_mk64f12.o
                0x00000c14                Read_Collision_IRQHandler
 .text.LVD_LVW_IRQHandler
                0x00000c1c        0x8 ./startup/startup_mk64f12.o
                0x00000c1c                LVD_LVW_IRQHandler
 .text.LLWU_IRQHandler
                0x00000c24        0x8 ./startup/startup_mk64f12.o
                0x00000c24                LLWU_IRQHandler
 .text.WDOG_EWM_IRQHandler
                0x00000c2c        0x8 ./startup/startup_mk64f12.o
                0x00000c2c                WDOG_EWM_IRQHandler
 .text.RNG_IRQHandler
                0x00000c34        0x8 ./startup/startup_mk64f12.o
                0x00000c34                RNG_IRQHandler
 .text.I2C0_IRQHandler
                0x00000c3c        0x8 ./startup/startup_mk64f12.o
                0x00000c3c                I2C0_IRQHandler
 .text.I2C1_IRQHandler
                0x00000c44        0x8 ./startup/startup_mk64f12.o
                0x00000c44                I2C1_IRQHandler
 .text.SPI0_IRQHandler
                0x00000c4c        0x8 ./startup/startup_mk64f12.o
                0x00000c4c                SPI0_IRQHandler
 .text.SPI1_IRQHandler
                0x00000c54        0x8 ./startup/startup_mk64f12.o
                0x00000c54                SPI1_IRQHandler
 .text.I2S0_Tx_IRQHandler
                0x00000c5c        0x8 ./startup/startup_mk64f12.o
                0x00000c5c                I2S0_Tx_IRQHandler
 .text.I2S0_Rx_IRQHandler
                0x00000c64        0x8 ./startup/startup_mk64f12.o
                0x00000c64                I2S0_Rx_IRQHandler
 .text.UART0_LON_IRQHandler
                0x00000c6c        0x8 ./startup/startup_mk64f12.o
                0x00000c6c                UART0_LON_IRQHandler
 .text.UART0_RX_TX_IRQHandler
                0x00000c74        0x8 ./startup/startup_mk64f12.o
                0x00000c74                UART0_RX_TX_IRQHandler
 .text.UART0_ERR_IRQHandler
                0x00000c7c        0x8 ./startup/startup_mk64f12.o
                0x00000c7c                UART0_ERR_IRQHandler
 .text.UART1_RX_TX_IRQHandler
                0x00000c84        0x8 ./startup/startup_mk64f12.o
                0x00000c84                UART1_RX_TX_IRQHandler
 .text.UART1_ERR_IRQHandler
                0x00000c8c        0x8 ./startup/startup_mk64f12.o
                0x00000c8c                UART1_ERR_IRQHandler
 .text.UART2_RX_TX_IRQHandler
                0x00000c94        0x8 ./startup/startup_mk64f12.o
                0x00000c94                UART2_RX_TX_IRQHandler
 .text.UART2_ERR_IRQHandler
                0x00000c9c        0x8 ./startup/startup_mk64f12.o
                0x00000c9c                UART2_ERR_IRQHandler
 .text.UART3_RX_TX_IRQHandler
                0x00000ca4        0x8 ./startup/startup_mk64f12.o
                0x00000ca4                UART3_RX_TX_IRQHandler
 .text.UART3_ERR_IRQHandler
                0x00000cac        0x8 ./startup/startup_mk64f12.o
                0x00000cac                UART3_ERR_IRQHandler
 .text.ADC0_IRQHandler
                0x00000cb4        0x8 ./startup/startup_mk64f12.o
                0x00000cb4                ADC0_IRQHandler
 .text.CMP0_IRQHandler
                0x00000cbc        0x8 ./startup/startup_mk64f12.o
                0x00000cbc                CMP0_IRQHandler
 .text.CMP1_IRQHandler
                0x00000cc4        0x8 ./startup/startup_mk64f12.o
                0x00000cc4                CMP1_IRQHandler
 .text.FTM0_IRQHandler
                0x00000ccc        0x8 ./startup/startup_mk64f12.o
                0x00000ccc                FTM0_IRQHandler
 .text.FTM1_IRQHandler
                0x00000cd4        0x8 ./startup/startup_mk64f12.o
                0x00000cd4                FTM1_IRQHandler
 .text.FTM2_IRQHandler
                0x00000cdc        0x8 ./startup/startup_mk64f12.o
                0x00000cdc                FTM2_IRQHandler
 .text.CMT_IRQHandler
                0x00000ce4        0x8 ./startup/startup_mk64f12.o
                0x00000ce4                CMT_IRQHandler
 .text.RTC_IRQHandler
                0x00000cec        0x8 ./startup/startup_mk64f12.o
                0x00000cec                RTC_IRQHandler
 .text.RTC_Seconds_IRQHandler
                0x00000cf4        0x8 ./startup/startup_mk64f12.o
                0x00000cf4                RTC_Seconds_IRQHandler
 .text.PIT0_IRQHandler
                0x00000cfc        0x8 ./startup/startup_mk64f12.o
                0x00000cfc                PIT0_IRQHandler
 .text.PIT1_IRQHandler
                0x00000d04        0x8 ./startup/startup_mk64f12.o
                0x00000d04                PIT1_IRQHandler
 .text.PIT2_IRQHandler
                0x00000d0c        0x8 ./startup/startup_mk64f12.o
                0x00000d0c                PIT2_IRQHandler
 .text.PIT3_IRQHandler
                0x00000d14        0x8 ./startup/startup_mk64f12.o
                0x00000d14                PIT3_IRQHandler
 .text.PDB0_IRQHandler
                0x00000d1c        0x8 ./startup/startup_mk64f12.o
                0x00000d1c                PDB0_IRQHandler
 .text.USB0_IRQHandler
                0x00000d24        0x8 ./startup/startup_mk64f12.o
                0x00000d24                USB0_IRQHandler
 .text.USBDCD_IRQHandler
                0x00000d2c        0x8 ./startup/startup_mk64f12.o
                0x00000d2c                USBDCD_IRQHandler
 .text.Reserved71_IRQHandler
                0x00000d34        0x8 ./startup/startup_mk64f12.o
                0x00000d34                Reserved71_IRQHandler
 .text.DAC0_IRQHandler
                0x00000d3c        0x8 ./startup/startup_mk64f12.o
                0x00000d3c                DAC0_IRQHandler
 .text.MCG_IRQHandler
                0x00000d44        0x8 ./startup/startup_mk64f12.o
                0x00000d44                MCG_IRQHandler
 .text.LPTMR0_IRQHandler
                0x00000d4c        0x8 ./startup/startup_mk64f12.o
                0x00000d4c                LPTMR0_IRQHandler
 .text.PORTA_IRQHandler
                0x00000d54        0x8 ./startup/startup_mk64f12.o
                0x00000d54                PORTA_IRQHandler
 .text.PORTB_IRQHandler
                0x00000d5c        0x8 ./startup/startup_mk64f12.o
                0x00000d5c                PORTB_IRQHandler
 .text.PORTC_IRQHandler
                0x00000d64        0x8 ./startup/startup_mk64f12.o
                0x00000d64                PORTC_IRQHandler
 .text.PORTD_IRQHandler
                0x00000d6c        0x8 ./startup/startup_mk64f12.o
                0x00000d6c                PORTD_IRQHandler
 .text.PORTE_IRQHandler
                0x00000d74        0x8 ./startup/startup_mk64f12.o
                0x00000d74                PORTE_IRQHandler
 .text.SWI_IRQHandler
                0x00000d7c        0x8 ./startup/startup_mk64f12.o
                0x00000d7c                SWI_IRQHandler
 .text.SPI2_IRQHandler
                0x00000d84        0x8 ./startup/startup_mk64f12.o
                0x00000d84                SPI2_IRQHandler
 .text.UART4_RX_TX_IRQHandler
                0x00000d8c        0x8 ./startup/startup_mk64f12.o
                0x00000d8c                UART4_RX_TX_IRQHandler
 .text.UART4_ERR_IRQHandler
                0x00000d94        0x8 ./startup/startup_mk64f12.o
                0x00000d94                UART4_ERR_IRQHandler
 .text.UART5_RX_TX_IRQHandler
                0x00000d9c        0x8 ./startup/startup_mk64f12.o
                0x00000d9c                UART5_RX_TX_IRQHandler
 .text.UART5_ERR_IRQHandler
                0x00000da4        0x8 ./startup/startup_mk64f12.o
                0x00000da4                UART5_ERR_IRQHandler
 .text.CMP2_IRQHandler
                0x00000dac        0x8 ./startup/startup_mk64f12.o
                0x00000dac                CMP2_IRQHandler
 .text.FTM3_IRQHandler
                0x00000db4        0x8 ./startup/startup_mk64f12.o
                0x00000db4                FTM3_IRQHandler
 .text.DAC1_IRQHandler
                0x00000dbc        0x8 ./startup/startup_mk64f12.o
                0x00000dbc                DAC1_IRQHandler
 .text.ADC1_IRQHandler
                0x00000dc4        0x8 ./startup/startup_mk64f12.o
                0x00000dc4                ADC1_IRQHandler
 .text.I2C2_IRQHandler
                0x00000dcc        0x8 ./startup/startup_mk64f12.o
                0x00000dcc                I2C2_IRQHandler
 .text.CAN0_ORed_Message_buffer_IRQHandler
                0x00000dd4        0x8 ./startup/startup_mk64f12.o
                0x00000dd4                CAN0_ORed_Message_buffer_IRQHandler
 .text.CAN0_Bus_Off_IRQHandler
                0x00000ddc        0x8 ./startup/startup_mk64f12.o
                0x00000ddc                CAN0_Bus_Off_IRQHandler
 .text.CAN0_Error_IRQHandler
                0x00000de4        0x8 ./startup/startup_mk64f12.o
                0x00000de4                CAN0_Error_IRQHandler
 .text.CAN0_Tx_Warning_IRQHandler
                0x00000dec        0x8 ./startup/startup_mk64f12.o
                0x00000dec                CAN0_Tx_Warning_IRQHandler
 .text.CAN0_Rx_Warning_IRQHandler
                0x00000df4        0x8 ./startup/startup_mk64f12.o
                0x00000df4                CAN0_Rx_Warning_IRQHandler
 .text.CAN0_Wake_Up_IRQHandler
                0x00000dfc        0x8 ./startup/startup_mk64f12.o
                0x00000dfc                CAN0_Wake_Up_IRQHandler
 .text.SDHC_IRQHandler
                0x00000e04        0x8 ./startup/startup_mk64f12.o
                0x00000e04                SDHC_IRQHandler
 .text.ENET_1588_Timer_IRQHandler
                0x00000e0c        0x8 ./startup/startup_mk64f12.o
                0x00000e0c                ENET_1588_Timer_IRQHandler
 .text.ENET_Transmit_IRQHandler
                0x00000e14        0x8 ./startup/startup_mk64f12.o
                0x00000e14                ENET_Transmit_IRQHandler
 .text.ENET_Receive_IRQHandler
                0x00000e1c        0x8 ./startup/startup_mk64f12.o
                0x00000e1c                ENET_Receive_IRQHandler
 .text.ENET_Error_IRQHandler
                0x00000e24        0x8 ./startup/startup_mk64f12.o
                0x00000e24                ENET_Error_IRQHandler
 .text.i2c_master_callback
                0x00000e2c       0x2c ./source/i2c_interrupt_b2b_transfer_master.o
 .text.main     0x00000e58      0x130 ./source/i2c_interrupt_b2b_transfer_master.o
                0x00000e58                main
 .text.HardFault_Handler
                0x00000f88       0x2a ./source/semihost_hardfault.o
                0x00000f88                HardFault_Handler
 *fill*         0x00000fb2        0x2 ff
 .text.CLOCK_SetEr32kClock
                0x00000fb4       0x30 ./drivers/fsl_clock.o
 .text.CLOCK_SetPllFllSelClock
                0x00000fe4       0x3c ./drivers/fsl_clock.o
 .text.OSC_SetExtRefClkConfig
                0x00001020       0x34 ./drivers/fsl_clock.o
 .text.OSC_SetCapLoad
                0x00001054       0x34 ./drivers/fsl_clock.o
 .text.CLOCK_GetMcgExtClkFreq
                0x00001088       0x78 ./drivers/fsl_clock.o
 .text.CLOCK_GetFllExtRefClkFreq
                0x00001100       0xcc ./drivers/fsl_clock.o
 .text.CLOCK_GetInternalRefClkSelectFreq
                0x000011cc       0x44 ./drivers/fsl_clock.o
 .text.CLOCK_GetFllRefClkFreq
                0x00001210       0x2c ./drivers/fsl_clock.o
 .text.CLOCK_GetPll0RefFreq
                0x0000123c        0xe ./drivers/fsl_clock.o
 *fill*         0x0000124a        0x2 ff
 .text.CLOCK_GetOscRangeFromFreq
                0x0000124c       0x3c ./drivers/fsl_clock.o
 .text.CLOCK_GetOsc0ErClkFreq
                0x00001288       0x38 ./drivers/fsl_clock.o
                0x00001288                CLOCK_GetOsc0ErClkFreq
 .text.CLOCK_GetEr32kClkFreq
                0x000012c0       0x70 ./drivers/fsl_clock.o
                0x000012c0                CLOCK_GetEr32kClkFreq
 .text.CLOCK_GetPllFllSelClkFreq
                0x00001330       0x54 ./drivers/fsl_clock.o
                0x00001330                CLOCK_GetPllFllSelClkFreq
 .text.CLOCK_GetCoreSysClkFreq
                0x00001384       0x28 ./drivers/fsl_clock.o
                0x00001384                CLOCK_GetCoreSysClkFreq
 .text.CLOCK_GetFreq
                0x000013ac      0x148 ./drivers/fsl_clock.o
                0x000013ac                CLOCK_GetFreq
 .text.CLOCK_SetSimConfig
                0x000014f4       0x38 ./drivers/fsl_clock.o
                0x000014f4                CLOCK_SetSimConfig
 .text.CLOCK_GetOutClkFreq
                0x0000152c       0x64 ./drivers/fsl_clock.o
                0x0000152c                CLOCK_GetOutClkFreq
 .text.CLOCK_GetFllFreq
                0x00001590       0x7c ./drivers/fsl_clock.o
                0x00001590                CLOCK_GetFllFreq
 .text.CLOCK_GetInternalRefClkFreq
                0x0000160c       0x24 ./drivers/fsl_clock.o
                0x0000160c                CLOCK_GetInternalRefClkFreq
 .text.CLOCK_GetFixedFreqClkFreq
                0x00001630       0x2e ./drivers/fsl_clock.o
                0x00001630                CLOCK_GetFixedFreqClkFreq
 *fill*         0x0000165e        0x2 ff
 .text.CLOCK_GetPll0Freq
                0x00001660       0x68 ./drivers/fsl_clock.o
                0x00001660                CLOCK_GetPll0Freq
 .text.CLOCK_SetExternalRefClkConfig
                0x000016c8       0x6c ./drivers/fsl_clock.o
                0x000016c8                CLOCK_SetExternalRefClkConfig
 .text.CLOCK_SetInternalRefClkConfig
                0x00001734      0x104 ./drivers/fsl_clock.o
                0x00001734                CLOCK_SetInternalRefClkConfig
 .text.CLOCK_EnablePll0
                0x00001838       0x84 ./drivers/fsl_clock.o
                0x00001838                CLOCK_EnablePll0
 .text.CLOCK_InitOsc0
                0x000018bc       0x8c ./drivers/fsl_clock.o
                0x000018bc                CLOCK_InitOsc0
 .text.CLOCK_SetPbeMode
                0x00001948       0xa8 ./drivers/fsl_clock.o
                0x00001948                CLOCK_SetPbeMode
 .text.CLOCK_BootToPeeMode
                0x000019f0       0x64 ./drivers/fsl_clock.o
                0x000019f0                CLOCK_BootToPeeMode
 .text.__NVIC_EnableIRQ
                0x00001a54       0x3c ./drivers/fsl_i2c.o
 .text.CLOCK_EnableClock
                0x00001a90       0x36 ./drivers/fsl_i2c.o
 .text.EnableIRQ
                0x00001ac6       0x2c ./drivers/fsl_i2c.o
 .text.I2C_MasterClearStatusFlags
                0x00001af2       0x5a ./drivers/fsl_i2c.o
 .text.I2C_GetInstance
                0x00001b4c       0x4c ./drivers/fsl_i2c.o
                0x00001b4c                I2C_GetInstance
 .text.I2C_InitTransferStateMachine
                0x00001b98       0xd4 ./drivers/fsl_i2c.o
 .text.I2C_CheckAndClearError
                0x00001c6c       0x44 ./drivers/fsl_i2c.o
 .text.I2C_MasterTransferRunStateMachine
                0x00001cb0      0x250 ./drivers/fsl_i2c.o
 .text.I2C_TransferCommonIRQHandler
                0x00001f00       0x50 ./drivers/fsl_i2c.o
 .text.I2C_MasterInit
                0x00001f50       0xdc ./drivers/fsl_i2c.o
                0x00001f50                I2C_MasterInit
 .text.I2C_MasterGetDefaultConfig
                0x0000202c       0x3c ./drivers/fsl_i2c.o
                0x0000202c                I2C_MasterGetDefaultConfig
 .text.I2C_EnableInterrupts
                0x00002068       0x56 ./drivers/fsl_i2c.o
                0x00002068                I2C_EnableInterrupts
 .text.I2C_DisableInterrupts
                0x000020be       0x4a ./drivers/fsl_i2c.o
                0x000020be                I2C_DisableInterrupts
 .text.I2C_MasterSetBaudRate
                0x00002108       0xe0 ./drivers/fsl_i2c.o
                0x00002108                I2C_MasterSetBaudRate
 .text.I2C_MasterStart
                0x000021e8       0x62 ./drivers/fsl_i2c.o
                0x000021e8                I2C_MasterStart
 .text.I2C_MasterRepeatedStart
                0x0000224a       0x9a ./drivers/fsl_i2c.o
                0x0000224a                I2C_MasterRepeatedStart
 .text.I2C_MasterStop
                0x000022e4       0x3a ./drivers/fsl_i2c.o
                0x000022e4                I2C_MasterStop
 .text.I2C_MasterGetStatusFlags
                0x0000231e       0x4a ./drivers/fsl_i2c.o
                0x0000231e                I2C_MasterGetStatusFlags
 .text.I2C_MasterTransferCreateHandle
                0x00002368       0x74 ./drivers/fsl_i2c.o
                0x00002368                I2C_MasterTransferCreateHandle
 .text.I2C_MasterTransferNonBlocking
                0x000023dc       0x64 ./drivers/fsl_i2c.o
                0x000023dc                I2C_MasterTransferNonBlocking
 .text.I2C_MasterTransferHandleIRQ
                0x00002440       0xb4 ./drivers/fsl_i2c.o
                0x00002440                I2C_MasterTransferHandleIRQ
 .text.I2C0_DriverIRQHandler
                0x000024f4       0x1c ./drivers/fsl_i2c.o
                0x000024f4                I2C0_DriverIRQHandler
 .text.I2C1_DriverIRQHandler
                0x00002510       0x1c ./drivers/fsl_i2c.o
                0x00002510                I2C1_DriverIRQHandler
 .text.I2C2_DriverIRQHandler
                0x0000252c       0x1c ./drivers/fsl_i2c.o
                0x0000252c                I2C2_DriverIRQHandler
 .text.CLOCK_EnableClock
                0x00002548       0x36 ./drivers/fsl_uart.o
 *fill*         0x0000257e        0x2 ff
 .text.UART_GetInstance
                0x00002580       0x54 ./drivers/fsl_uart.o
                0x00002580                UART_GetInstance
 .text.UART_Init
                0x000025d4      0x2d8 ./drivers/fsl_uart.o
                0x000025d4                UART_Init
 .text.UART_GetDefaultConfig
                0x000028ac       0x60 ./drivers/fsl_uart.o
                0x000028ac                UART_GetDefaultConfig
 .text.UART_GetStatusFlags
                0x0000290c       0x46 ./drivers/fsl_uart.o
                0x0000290c                UART_GetStatusFlags
 .text.UART_WriteBlocking
                0x00002952       0x3e ./drivers/fsl_uart.o
                0x00002952                UART_WriteBlocking
 .text.UART_ReadBlocking
                0x00002990       0x90 ./drivers/fsl_uart.o
                0x00002990                UART_ReadBlocking
 .text.UART0_DriverIRQHandler
                0x00002a20       0x28 ./drivers/fsl_uart.o
                0x00002a20                UART0_DriverIRQHandler
 .text.UART0_RX_TX_DriverIRQHandler
                0x00002a48       0x10 ./drivers/fsl_uart.o
                0x00002a48                UART0_RX_TX_DriverIRQHandler
 .text.UART1_DriverIRQHandler
                0x00002a58       0x28 ./drivers/fsl_uart.o
                0x00002a58                UART1_DriverIRQHandler
 .text.UART1_RX_TX_DriverIRQHandler
                0x00002a80       0x10 ./drivers/fsl_uart.o
                0x00002a80                UART1_RX_TX_DriverIRQHandler
 .text.UART2_DriverIRQHandler
                0x00002a90       0x28 ./drivers/fsl_uart.o
                0x00002a90                UART2_DriverIRQHandler
 .text.UART2_RX_TX_DriverIRQHandler
                0x00002ab8       0x10 ./drivers/fsl_uart.o
                0x00002ab8                UART2_RX_TX_DriverIRQHandler
 .text.UART3_DriverIRQHandler
                0x00002ac8       0x28 ./drivers/fsl_uart.o
                0x00002ac8                UART3_DriverIRQHandler
 .text.UART3_RX_TX_DriverIRQHandler
                0x00002af0       0x10 ./drivers/fsl_uart.o
                0x00002af0                UART3_RX_TX_DriverIRQHandler
 .text.UART4_DriverIRQHandler
                0x00002b00       0x28 ./drivers/fsl_uart.o
                0x00002b00                UART4_DriverIRQHandler
 .text.UART4_RX_TX_DriverIRQHandler
                0x00002b28       0x10 ./drivers/fsl_uart.o
                0x00002b28                UART4_RX_TX_DriverIRQHandler
 .text.UART5_DriverIRQHandler
                0x00002b38       0x28 ./drivers/fsl_uart.o
                0x00002b38                UART5_DriverIRQHandler
 .text.UART5_RX_TX_DriverIRQHandler
                0x00002b60       0x10 ./drivers/fsl_uart.o
                0x00002b60                UART5_RX_TX_DriverIRQHandler
 .text.BOARD_InitDebugConsole
                0x00002b70       0x28 ./board/board.o
                0x00002b70                BOARD_InitDebugConsole
 .text.CLOCK_SetSimSafeDivs
                0x00002b98       0x20 ./board/clock_config.o
 .text.CLOCK_SetXtal0Freq
                0x00002bb8       0x20 ./board/clock_config.o
 .text.CLOCK_CONFIG_SetFllExtRefDiv
                0x00002bd8       0x3c ./board/clock_config.o
 .text.BOARD_BootClockRUN
                0x00002c14       0x60 ./board/clock_config.o
                0x00002c14                BOARD_BootClockRUN
 .text.CLOCK_EnableClock
                0x00002c74       0x36 ./board/pin_mux.o
 *fill*         0x00002caa        0x2 ff
 .text.PORT_SetPinConfig
                0x00002cac       0x38 ./board/pin_mux.o
 .text.PORT_SetPinMux
                0x00002ce4       0x3a ./board/pin_mux.o
 *fill*         0x00002d1e        0x2 ff
 .text.BOARD_InitPins
                0x00002d20       0x90 ./board/pin_mux.o
                0x00002d20                BOARD_InitPins
 .text.SystemInit
                0x00002db0       0x40 ./CMSIS/system_MK64F12.o
                0x00002db0                SystemInit
 .text.__main   0x00002df0        0xe c:/nxp/mcuxpressoide_10.1.1_606/ide/tools/bin/../lib/gcc/arm-none-eabi/6.3.1/../../../../arm-none-eabi/lib/thumb/v7e-m/fpv4-sp/hard\libcr_nohost_nf.a(_cr__main.o)
                0x00002df0                __main
 *fill*         0x00002dfe        0x2 ff
 .text.__assertion_failed
                0x00002e00       0x4c c:/nxp/mcuxpressoide_10.1.1_606/ide/tools/bin/../lib/gcc/arm-none-eabi/6.3.1/../../../../arm-none-eabi/lib/thumb/v7e-m/fpv4-sp/hard\libcr_nohost_nf.a(_cr_assert.o)
                0x00002e00                __assertion_failed
 .text.__sys_appexit
                0x00002e4c        0x2 c:/nxp/mcuxpressoide_10.1.1_606/ide/tools/bin/../lib/gcc/arm-none-eabi/6.3.1/../../../../arm-none-eabi/lib/thumb/v7e-m/fpv4-sp/hard\libcr_nohost_nf.a(__sys_appexit.o)
                0x00002e4c                __sys_appexit
                0x00002e4c                __exit
 .text.memset   0x00002e4e        0x4 c:/nxp/mcuxpressoide_10.1.1_606/ide/tools/bin/../lib/gcc/arm-none-eabi/6.3.1/../../../../arm-none-eabi/lib/thumb/v7e-m/fpv4-sp/hard\libcr_c.a(memset.o)
                0x00002e4e                memset
 .text._deferredlazyseek
                0x00002e52       0x40 c:/nxp/mcuxpressoide_10.1.1_606/ide/tools/bin/../lib/gcc/arm-none-eabi/6.3.1/../../../../arm-none-eabi/lib/thumb/v7e-m/fpv4-sp/hard\libcr_c.a(_deferredlazyseek.o)
                0x00002e52                _deferredlazyseek
 .text.__flsbuf
                0x00002e92      0x148 c:/nxp/mcuxpressoide_10.1.1_606/ide/tools/bin/../lib/gcc/arm-none-eabi/6.3.1/../../../../arm-none-eabi/lib/thumb/v7e-m/fpv4-sp/hard\libcr_c.a(_deferredlazyseek.o)
                0x00002e92                __flsbuf
 .text._fflush  0x00002fda       0x54 c:/nxp/mcuxpressoide_10.1.1_606/ide/tools/bin/../lib/gcc/arm-none-eabi/6.3.1/../../../../arm-none-eabi/lib/thumb/v7e-m/fpv4-sp/hard\libcr_c.a(_fflush.o)
                0x00002fda                _fflush
 *fill*         0x0000302e        0x2 ff
 .text._Cwritebuf
                0x00003030       0x6c c:/nxp/mcuxpressoide_10.1.1_606/ide/tools/bin/../lib/gcc/arm-none-eabi/6.3.1/../../../../arm-none-eabi/lib/thumb/v7e-m/fpv4-sp/hard\libcr_c.a(_writebuf.o)
                0x00003030                _Cwritebuf
 .text.malloc   0x0000309c       0xc4 c:/nxp/mcuxpressoide_10.1.1_606/ide/tools/bin/../lib/gcc/arm-none-eabi/6.3.1/../../../../arm-none-eabi/lib/thumb/v7e-m/fpv4-sp/hard\libcr_c.a(alloc.o)
                0x0000309c                malloc
 .text.free     0x00003160       0x30 c:/nxp/mcuxpressoide_10.1.1_606/ide/tools/bin/../lib/gcc/arm-none-eabi/6.3.1/../../../../arm-none-eabi/lib/thumb/v7e-m/fpv4-sp/hard\libcr_c.a(alloc.o)
                0x00003160                free
 .text._Csys_alloc
                0x00003190       0x20 c:/nxp/mcuxpressoide_10.1.1_606/ide/tools/bin/../lib/gcc/arm-none-eabi/6.3.1/../../../../arm-none-eabi/lib/thumb/v7e-m/fpv4-sp/hard\libcr_c.a(alloc.o)
                0x00003190                _Csys_alloc
 .text.fputs    0x000031b0       0x2c c:/nxp/mcuxpressoide_10.1.1_606/ide/tools/bin/../lib/gcc/arm-none-eabi/6.3.1/../../../../arm-none-eabi/lib/thumb/v7e-m/fpv4-sp/hard\libcr_c.a(fputs.o)
                0x000031b0                fputs
 .text.fseek    0x000031dc      0x100 c:/nxp/mcuxpressoide_10.1.1_606/ide/tools/bin/../lib/gcc/arm-none-eabi/6.3.1/../../../../arm-none-eabi/lib/thumb/v7e-m/fpv4-sp/hard\libcr_c.a(fseek.o)
                0x000031dc                fseek
 .text.ftell    0x000032dc       0x48 c:/nxp/mcuxpressoide_10.1.1_606/ide/tools/bin/../lib/gcc/arm-none-eabi/6.3.1/../../../../arm-none-eabi/lib/thumb/v7e-m/fpv4-sp/hard\libcr_c.a(ftell.o)
                0x000032dc                ftell
 .text._initio  0x00003324       0x78 c:/nxp/mcuxpressoide_10.1.1_606/ide/tools/bin/../lib/gcc/arm-none-eabi/6.3.1/../../../../arm-none-eabi/lib/thumb/v7e-m/fpv4-sp/hard\libcr_c.a(initio.o)
                0x00003324                _initio
 .text.setvbuf  0x0000339c       0x40 c:/nxp/mcuxpressoide_10.1.1_606/ide/tools/bin/../lib/gcc/arm-none-eabi/6.3.1/../../../../arm-none-eabi/lib/thumb/v7e-m/fpv4-sp/hard\libcr_c.a(setvbuf.o)
                0x0000339c                setvbuf
 .text.strlen   0x000033dc       0x4a c:/nxp/mcuxpressoide_10.1.1_606/ide/tools/bin/../lib/gcc/arm-none-eabi/6.3.1/../../../../arm-none-eabi/lib/thumb/v7e-m/fpv4-sp/hard\libcr_c.a(strlen.o)
                0x000033dc                strlen
 *fill*         0x00003426        0x2 ff
 .text._sbrk    0x00003428       0x3c c:/nxp/mcuxpressoide_10.1.1_606/ide/tools/bin/../lib/gcc/arm-none-eabi/6.3.1/../../../../arm-none-eabi/lib/thumb/v7e-m/fpv4-sp/hard\libcr_c.a(_cr_sbrk.o)
                0x00003428                _sbrk
 .text._fdopen  0x00003464       0x68 c:/nxp/mcuxpressoide_10.1.1_606/ide/tools/bin/../lib/gcc/arm-none-eabi/6.3.1/../../../../arm-none-eabi/lib/thumb/v7e-m/fpv4-sp/hard\libcr_c.a(_fdopen.o)
                0x00003464                _fdopen
 .text.fclose   0x000034cc       0x58 c:/nxp/mcuxpressoide_10.1.1_606/ide/tools/bin/../lib/gcc/arm-none-eabi/6.3.1/../../../../arm-none-eabi/lib/thumb/v7e-m/fpv4-sp/hard\libcr_c.a(fclose.o)
                0x000034cc                fclose
 .text.fflush   0x00003524       0x44 c:/nxp/mcuxpressoide_10.1.1_606/ide/tools/bin/../lib/gcc/arm-none-eabi/6.3.1/../../../../arm-none-eabi/lib/thumb/v7e-m/fpv4-sp/hard\libcr_c.a(fflush.o)
                0x00003524                fflush
 .text.remove   0x00003568       0x14 c:/nxp/mcuxpressoide_10.1.1_606/ide/tools/bin/../lib/gcc/arm-none-eabi/6.3.1/../../../../arm-none-eabi/lib/thumb/v7e-m/fpv4-sp/hard\libcr_c.a(remove.o)
                0x00003568                remove
 .text.__check_heap_overflow
                0x0000357c       0x18 c:/nxp/mcuxpressoide_10.1.1_606/ide/tools/bin/../lib/gcc/arm-none-eabi/6.3.1/../../../../arm-none-eabi/lib/thumb/v7e-m/fpv4-sp/hard\libcr_c.a(_cr_check_heap.o)
                0x0000357c                __check_heap_overflow
 .text._do_fflush
                0x00003594       0x40 c:/nxp/mcuxpressoide_10.1.1_606/ide/tools/bin/../lib/gcc/arm-none-eabi/6.3.1/../../../../arm-none-eabi/lib/thumb/v7e-m/fpv4-sp/hard\libcr_c.a(_do_fflush.o)
                0x00003594                _do_fflush
 .text.__aeabi_memset_lowlevel
                0x000035d4       0x32 c:/nxp/mcuxpressoide_10.1.1_606/ide/tools/bin/../lib/gcc/arm-none-eabi/6.3.1/thumb/v7e-m/fpv4-sp/hard\libcr_eabihelpers.a(memcpy.o)
                0x000035d4                __aeabi_lowlevel_memset
 .text.__sys_close
                0x00003606        0x6 c:/nxp/mcuxpressoide_10.1.1_606/ide/tools/bin/../lib/gcc/arm-none-eabi/6.3.1/../../../../arm-none-eabi/lib/thumb/v7e-m/fpv4-sp/hard\libcr_nohost_nf.a(__sys_close.o)
                0x00003606                __sys_close
 .text.__sys_flen
                0x0000360c        0x6 c:/nxp/mcuxpressoide_10.1.1_606/ide/tools/bin/../lib/gcc/arm-none-eabi/6.3.1/../../../../arm-none-eabi/lib/thumb/v7e-m/fpv4-sp/hard\libcr_nohost_nf.a(__sys_flen.o)
                0x0000360c                __sys_flen
 .text.__sys_istty
                0x00003612        0x6 c:/nxp/mcuxpressoide_10.1.1_606/ide/tools/bin/../lib/gcc/arm-none-eabi/6.3.1/../../../../arm-none-eabi/lib/thumb/v7e-m/fpv4-sp/hard\libcr_nohost_nf.a(__sys_istty.o)
                0x00003612                __sys_istty
 .text.__sys_remove
                0x00003618        0x6 c:/nxp/mcuxpressoide_10.1.1_606/ide/tools/bin/../lib/gcc/arm-none-eabi/6.3.1/../../../../arm-none-eabi/lib/thumb/v7e-m/fpv4-sp/hard\libcr_nohost_nf.a(__sys_remove.o)
                0x00003618                __sys_remove
 .text.__sys_seek
                0x0000361e        0x6 c:/nxp/mcuxpressoide_10.1.1_606/ide/tools/bin/../lib/gcc/arm-none-eabi/6.3.1/../../../../arm-none-eabi/lib/thumb/v7e-m/fpv4-sp/hard\libcr_nohost_nf.a(__sys_seek.o)
                0x0000361e                __sys_seek
 .text.__sys_tmpnam
                0x00003624        0x6 c:/nxp/mcuxpressoide_10.1.1_606/ide/tools/bin/../lib/gcc/arm-none-eabi/6.3.1/../../../../arm-none-eabi/lib/thumb/v7e-m/fpv4-sp/hard\libcr_nohost_nf.a(__sys_tmpnam.o)
                0x00003624                __sys_tmpnam
 .text.__sys_write
                0x0000362a        0x4 c:/nxp/mcuxpressoide_10.1.1_606/ide/tools/bin/../lib/gcc/arm-none-eabi/6.3.1/../../../../arm-none-eabi/lib/thumb/v7e-m/fpv4-sp/hard\libcr_nohost_nf.a(__sys_write.o)
                0x0000362a                __sys_write
 *(.rodata .rodata.* .constdata .constdata.*)
 *fill*         0x0000362e        0x2 ff
 .rodata        0x00003630       0x50 ./utilities/fsl_debug_console.o
 .rodata        0x00003680       0x27 ./utilities/fsl_io.o
 *fill*         0x000036a7        0x1 ff
 .rodata        0x000036a8       0x80 ./utilities/fsl_log.o
 .rodata        0x00003728       0x75 ./source/i2c_interrupt_b2b_transfer_master.o
 *fill*         0x0000379d        0x3 ff
 .rodata        0x000037a0      0x149 ./drivers/fsl_clock.o
 *fill*         0x000038e9        0x3 ff
 .rodata.fllFactorTable.7491
                0x000038ec       0x10 ./drivers/fsl_clock.o
 .rodata.s_i2cDividerTable
                0x000038fc       0x80 ./drivers/fsl_i2c.o
 .rodata.s_i2cBases
                0x0000397c        0xc ./drivers/fsl_i2c.o
 .rodata.s_i2cIrqs
                0x00003988        0x3 ./drivers/fsl_i2c.o
 *fill*         0x0000398b        0x1 ff
 .rodata.s_i2cClocks
                0x0000398c        0xc ./drivers/fsl_i2c.o
 .rodata        0x00003998      0x2fa ./drivers/fsl_i2c.o
 *fill*         0x00003c92        0x2 ff
 .rodata.s_uartBases
                0x00003c94       0x18 ./drivers/fsl_uart.o
 .rodata.s_uartClock
                0x00003cac       0x18 ./drivers/fsl_uart.o
 .rodata        0x00003cc4      0x513 ./drivers/fsl_uart.o
 *fill*         0x000041d7        0x1 ff
 .rodata.mcgConfig_BOARD_BootClockRUN
                0x000041d8        0xb ./board/clock_config.o
                0x000041d8                mcgConfig_BOARD_BootClockRUN
 *fill*         0x000041e3        0x1 ff
 .rodata.simConfig_BOARD_BootClockRUN
                0x000041e4        0x8 ./board/clock_config.o
                0x000041e4                simConfig_BOARD_BootClockRUN
 .rodata.oscConfig_BOARD_BootClockRUN
                0x000041ec        0x8 ./board/clock_config.o
                0x000041ec                oscConfig_BOARD_BootClockRUN
 .rodata        0x000041f4       0x69 ./board/pin_mux.o
 .rodata.__assertion_failed.str1.1
                0x0000425d       0x15 c:/nxp/mcuxpressoide_10.1.1_606/ide/tools/bin/../lib/gcc/arm-none-eabi/6.3.1/../../../../arm-none-eabi/lib/thumb/v7e-m/fpv4-sp/hard\libcr_nohost_nf.a(_cr_assert.o)
 *fill*         0x00004272        0x2 ff
 .rodata.__num_Ciob_streams
                0x00004274        0x4 c:/nxp/mcuxpressoide_10.1.1_606/ide/tools/bin/../lib/gcc/arm-none-eabi/6.3.1/../../../../arm-none-eabi/lib/thumb/v7e-m/fpv4-sp/hard\libcr_nohost_nf.a(__ciob.o)
                0x00004274                __num_Ciob_streams
 .rodata._Csys_alloc.str1.1
                0x00004278       0x18 c:/nxp/mcuxpressoide_10.1.1_606/ide/tools/bin/../lib/gcc/arm-none-eabi/6.3.1/../../../../arm-none-eabi/lib/thumb/v7e-m/fpv4-sp/hard\libcr_c.a(alloc.o)
 .rodata._initio.str1.1
                0x00004290        0x4 c:/nxp/mcuxpressoide_10.1.1_606/ide/tools/bin/../lib/gcc/arm-none-eabi/6.3.1/../../../../arm-none-eabi/lib/thumb/v7e-m/fpv4-sp/hard\libcr_c.a(initio.o)
                0x00004294                . = ALIGN (0x4)

.glue_7         0x00004294        0x0
 .glue_7        0x00004294        0x0 linker stubs

.glue_7t        0x00004294        0x0
 .glue_7t       0x00004294        0x0 linker stubs

.vfp11_veneer   0x00004294        0x0
 .vfp11_veneer  0x00004294        0x0 linker stubs

.v4_bx          0x00004294        0x0
 .v4_bx         0x00004294        0x0 linker stubs

.iplt           0x00004294        0x0
 .iplt          0x00004294        0x0 ./utilities/fsl_assert.o

.rel.dyn        0x00004294        0x0
 .rel.iplt      0x00004294        0x0 ./utilities/fsl_assert.o

.ARM.extab
 *(.ARM.extab* .gnu.linkonce.armextab.*)
                0x00004294                __exidx_start = .

.ARM.exidx
 *(.ARM.exidx* .gnu.linkonce.armexidx.*)
                0x00004294                __exidx_end = .
                0x00004294                _etext = .

.m_usb_data
 *(m_usb_bdt)

.data_RAM2      0x1fff0000        0x0 load address 0x00004294
 FILL mask 0xff
                [!provide]                PROVIDE (__start_data_RAM2, .)
 *(.ramfunc.$RAM2)
 *(.ramfunc.$SRAM_LOWER)
 *(.data.$RAM2*)
 *(.data.$SRAM_LOWER*)
                0x1fff0000                . = ALIGN (0x4)
                [!provide]                PROVIDE (__end_data_RAM2, .)

.data_RAM3      0x14000000        0x0 load address 0x00004294
 FILL mask 0xff
                [!provide]                PROVIDE (__start_data_RAM3, .)
 *(.ramfunc.$RAM3)
 *(.ramfunc.$FLEX_RAM)
 *(.data.$RAM3*)
 *(.data.$FLEX_RAM*)
                0x14000000                . = ALIGN (0x4)
                [!provide]                PROVIDE (__end_data_RAM3, .)

.uninit_RESERVED
                0x20000000        0x0
 *(.bss.$RESERVED*)
                0x20000000                . = ALIGN (0x4)
                0x20000000                _end_uninit_RESERVED = .

.data           0x20000000        0xc load address 0x00004294
 FILL mask 0xff
                0x20000000                _data = .
 *(vtable)
 *(.ramfunc*)
 *(.data*)
 .data.s_slowIrcFreq
                0x20000000        0x4 ./drivers/fsl_clock.o
 .data.s_fastIrcFreq
                0x20000004        0x4 ./drivers/fsl_clock.o
 .data.SystemCoreClock
                0x20000008        0x4 ./CMSIS/system_MK64F12.o
                0x20000008                SystemCoreClock
                0x2000000c                . = ALIGN (0x4)
                0x2000000c                _edata = .

.igot.plt       0x2000000c        0x0 load address 0x000042a0
 .igot.plt      0x2000000c        0x0 ./utilities/fsl_assert.o

.bss_RAM2       0x1fff0000        0x0
                [!provide]                PROVIDE (__start_bss_RAM2, .)
 *(.bss.$RAM2*)
 *(.bss.$SRAM_LOWER*)
                0x1fff0000                . = ALIGN ((. != 0x0)?0x4:0x1)
                [!provide]                PROVIDE (__end_bss_RAM2, .)

.bss_RAM3       0x14000000        0x0
                [!provide]                PROVIDE (__start_bss_RAM3, .)
 *(.bss.$RAM3*)
 *(.bss.$FLEX_RAM*)
                0x14000000                . = ALIGN ((. != 0x0)?0x4:0x1)
                [!provide]                PROVIDE (__end_bss_RAM3, .)

.bss            0x2000000c      0x12c
                0x2000000c                _bss = .
 *(.bss*)
 .bss.s_debugConsoleIO
                0x2000000c        0x8 ./utilities/fsl_io.o
 .bss.g_m_handle
                0x20000014       0x28 ./source/i2c_interrupt_b2b_transfer_master.o
                0x20000014                g_m_handle
 .bss.g_MasterCompletionFlag
                0x2000003c        0x1 ./source/i2c_interrupt_b2b_transfer_master.o
                0x2000003c                g_MasterCompletionFlag
 *fill*         0x2000003d        0x3 
 .bss.g_xtal0Freq
                0x20000040        0x4 ./drivers/fsl_clock.o
                0x20000040                g_xtal0Freq
 .bss.g_xtal32Freq
                0x20000044        0x4 ./drivers/fsl_clock.o
                0x20000044                g_xtal32Freq
 .bss.s_i2cHandle
                0x20000048        0xc ./drivers/fsl_i2c.o
 .bss.s_i2cMasterIsr
                0x20000054        0x4 ./drivers/fsl_i2c.o
 .bss.s_i2cSlaveIsr
                0x20000058        0x4 ./drivers/fsl_i2c.o
 .bss.s_uartHandle
                0x2000005c       0x18 ./drivers/fsl_uart.o
 .bss.s_uartIsr
                0x20000074        0x4 ./drivers/fsl_uart.o
 .bss.__Ciob    0x20000078       0xb4 c:/nxp/mcuxpressoide_10.1.1_606/ide/tools/bin/../lib/gcc/arm-none-eabi/6.3.1/../../../../arm-none-eabi/lib/thumb/v7e-m/fpv4-sp/hard\libcr_nohost_nf.a(__ciob.o)
                0x20000078                __Ciob
 .bss.__end_of_heap
                0x2000012c        0x4 c:/nxp/mcuxpressoide_10.1.1_606/ide/tools/bin/../lib/gcc/arm-none-eabi/6.3.1/../../../../arm-none-eabi/lib/thumb/v7e-m/fpv4-sp/hard\libcr_c.a(__init_alloc.o)
                0x2000012c                __end_of_heap
 .bss.__heaps   0x20000130        0x4 c:/nxp/mcuxpressoide_10.1.1_606/ide/tools/bin/../lib/gcc/arm-none-eabi/6.3.1/../../../../arm-none-eabi/lib/thumb/v7e-m/fpv4-sp/hard\libcr_c.a(__init_alloc.o)
                0x20000130                __heaps
 .bss.errno     0x20000134        0x4 c:/nxp/mcuxpressoide_10.1.1_606/ide/tools/bin/../lib/gcc/arm-none-eabi/6.3.1/../../../../arm-none-eabi/lib/thumb/v7e-m/fpv4-sp/hard\libcr_c.a(errno.o)
                0x20000134                errno
 *(COMMON)
                0x20000138                . = ALIGN (0x4)
                0x20000138                _ebss = .
                [!provide]                PROVIDE (end, .)

.noinit_RAM2    0x1fff0000        0x0
 *(.noinit.$RAM2*)
 *(.noinit.$SRAM_LOWER*)
                0x1fff0000                . = ALIGN (0x4)

.noinit_RAM3    0x14000000        0x0
 *(.noinit.$RAM3*)
 *(.noinit.$FLEX_RAM*)
                0x14000000                . = ALIGN (0x4)

.noinit         0x20000138        0x0
                0x20000138                _noinit = .
 *(.noinit*)
                0x20000138                . = ALIGN (0x4)
                0x20000138                _end_noinit = .
                0x00001000                _HeapSize = 0x1000

.heap           0x20000138     0x1000
                0x20000138                _pvHeapStart = .
                0x20001138                . = (. + _HeapSize)
 *fill*         0x20000138     0x1000 
                0x20001138                . = ALIGN (0x4)
                0x20001138                _pvHeapLimit = .
                0x00001000                _StackSize = 0x1000

.heap2stackfill
                0x20001138     0x1000
                0x20002138                . = (. + _StackSize)
 *fill*         0x20001138     0x1000 

.stack          0x2002f000        0x0
                0x2002f000                _vStackBase = .
                0x2002f000                . = ALIGN (0x4)
                0x20030000                _vStackTop = (. + _StackSize)
                0x00000000                _image_start = LOADADDR (.text)
                0x000042a0                _image_end = (LOADADDR (.data) + SIZEOF (.data))
                0x000042a0                _image_size = (_image_end - _image_start)
OUTPUT(frdmk64f_i2cdriver_examples_i2c_i2c_interrupt_b2b_transfer_master.axf elf32-littlearm)

.debug_info     0x00000000     0x9a30
 .debug_info    0x00000000      0x376 ./utilities/fsl_debug_console.o
 .debug_info    0x00000376      0x81a ./utilities/fsl_io.o
 .debug_info    0x00000b90      0x33c ./utilities/fsl_log.o
 .debug_info    0x00000ecc      0x536 ./utilities/fsl_str.o
 .debug_info    0x00001402      0x8b3 ./startup/startup_mk64f12.o
 .debug_info    0x00001cb5      0x9f4 ./source/i2c_interrupt_b2b_transfer_master.o
 .debug_info    0x000026a9       0x37 ./source/semihost_hardfault.o
 .debug_info    0x000026e0     0x1e85 ./drivers/fsl_clock.o
 .debug_info    0x00004565     0x1c20 ./drivers/fsl_i2c.o
 .debug_info    0x00006185     0x19d1 ./drivers/fsl_uart.o
 .debug_info    0x00007b56      0x610 ./board/board.o
 .debug_info    0x00008166      0xa97 ./board/clock_config.o
 .debug_info    0x00008bfd      0x811 ./board/pin_mux.o
 .debug_info    0x0000940e      0x622 ./CMSIS/system_MK64F12.o

.debug_abbrev   0x00000000     0x1943
 .debug_abbrev  0x00000000      0x174 ./utilities/fsl_debug_console.o
 .debug_abbrev  0x00000174      0x21b ./utilities/fsl_io.o
 .debug_abbrev  0x0000038f      0x17b ./utilities/fsl_log.o
 .debug_abbrev  0x0000050a      0x192 ./utilities/fsl_str.o
 .debug_abbrev  0x0000069c      0x159 ./startup/startup_mk64f12.o
 .debug_abbrev  0x000007f5      0x196 ./source/i2c_interrupt_b2b_transfer_master.o
 .debug_abbrev  0x0000098b       0x2c ./source/semihost_hardfault.o
 .debug_abbrev  0x000009b7      0x302 ./drivers/fsl_clock.o
 .debug_abbrev  0x00000cb9      0x33b ./drivers/fsl_i2c.o
 .debug_abbrev  0x00000ff4      0x2fc ./drivers/fsl_uart.o
 .debug_abbrev  0x000012f0      0x139 ./board/board.o
 .debug_abbrev  0x00001429      0x1ed ./board/clock_config.o
 .debug_abbrev  0x00001616      0x1f4 ./board/pin_mux.o
 .debug_abbrev  0x0000180a      0x139 ./CMSIS/system_MK64F12.o

.debug_aranges  0x00000000      0xa50
 .debug_aranges
                0x00000000       0x58 ./utilities/fsl_debug_console.o
 .debug_aranges
                0x00000058       0x48 ./utilities/fsl_io.o
 .debug_aranges
                0x000000a0       0x58 ./utilities/fsl_log.o
 .debug_aranges
                0x000000f8       0x38 ./utilities/fsl_str.o
 .debug_aranges
                0x00000130      0x330 ./startup/startup_mk64f12.o
 .debug_aranges
                0x00000460       0x28 ./source/i2c_interrupt_b2b_transfer_master.o
 .debug_aranges
                0x00000488       0x20 ./source/semihost_hardfault.o
 .debug_aranges
                0x000004a8      0x1e8 ./drivers/fsl_clock.o
 .debug_aranges
                0x00000690      0x180 ./drivers/fsl_i2c.o
 .debug_aranges
                0x00000810      0x170 ./drivers/fsl_uart.o
 .debug_aranges
                0x00000980       0x20 ./board/board.o
 .debug_aranges
                0x000009a0       0x50 ./board/clock_config.o
 .debug_aranges
                0x000009f0       0x38 ./board/pin_mux.o
 .debug_aranges
                0x00000a28       0x28 ./CMSIS/system_MK64F12.o

.debug_ranges   0x00000000      0x970
 .debug_ranges  0x00000000       0x48 ./utilities/fsl_debug_console.o
 .debug_ranges  0x00000048       0x38 ./utilities/fsl_io.o
 .debug_ranges  0x00000080       0x48 ./utilities/fsl_log.o
 .debug_ranges  0x000000c8       0x28 ./utilities/fsl_str.o
 .debug_ranges  0x000000f0      0x320 ./startup/startup_mk64f12.o
 .debug_ranges  0x00000410       0x18 ./source/i2c_interrupt_b2b_transfer_master.o
 .debug_ranges  0x00000428       0x10 ./source/semihost_hardfault.o
 .debug_ranges  0x00000438      0x1d8 ./drivers/fsl_clock.o
 .debug_ranges  0x00000610      0x170 ./drivers/fsl_i2c.o
 .debug_ranges  0x00000780      0x160 ./drivers/fsl_uart.o
 .debug_ranges  0x000008e0       0x10 ./board/board.o
 .debug_ranges  0x000008f0       0x40 ./board/clock_config.o
 .debug_ranges  0x00000930       0x28 ./board/pin_mux.o
 .debug_ranges  0x00000958       0x18 ./CMSIS/system_MK64F12.o

.debug_line     0x00000000     0x3a40
 .debug_line    0x00000000      0x292 ./utilities/fsl_debug_console.o
 .debug_line    0x00000292      0x291 ./utilities/fsl_io.o
 .debug_line    0x00000523      0x29d ./utilities/fsl_log.o
 .debug_line    0x000007c0      0x4af ./utilities/fsl_str.o
 .debug_line    0x00000c6f      0x67e ./startup/startup_mk64f12.o
 .debug_line    0x000012ed      0x29d ./source/i2c_interrupt_b2b_transfer_master.o
 .debug_line    0x0000158a       0x54 ./source/semihost_hardfault.o
 .debug_line    0x000015de      0x96a ./drivers/fsl_clock.o
 .debug_line    0x00001f48      0x9ac ./drivers/fsl_i2c.o
 .debug_line    0x000028f4      0x97f ./drivers/fsl_uart.o
 .debug_line    0x00003273      0x1c8 ./board/board.o
 .debug_line    0x0000343b      0x276 ./board/clock_config.o
 .debug_line    0x000036b1      0x219 ./board/pin_mux.o
 .debug_line    0x000038ca      0x176 ./CMSIS/system_MK64F12.o

.debug_str      0x00000000     0x4fe2
 .debug_str     0x00000000      0x3cf ./utilities/fsl_debug_console.o
                                0x406 (size before relaxing)
 .debug_str     0x000003cf      0x9d5 ./utilities/fsl_io.o
                                0xce0 (size before relaxing)
 .debug_str     0x00000da4       0x85 ./utilities/fsl_log.o
                                0x3b4 (size before relaxing)
 .debug_str     0x00000e29      0x1d9 ./utilities/fsl_str.o
                                0x44a (size before relaxing)
 .debug_str     0x00001002      0x7ed ./startup/startup_mk64f12.o
                                0x949 (size before relaxing)
 .debug_str     0x000017ef      0x7c8 ./source/i2c_interrupt_b2b_transfer_master.o
                               0x1051 (size before relaxing)
 .debug_str     0x00001fb7       0x1f ./source/semihost_hardfault.o
                                0x162 (size before relaxing)
 .debug_str     0x00001fd6     0x1025 ./drivers/fsl_clock.o
                               0x1d06 (size before relaxing)
 .debug_str     0x00002ffb      0xf6d ./drivers/fsl_i2c.o
                               0x1cfd (size before relaxing)
 .debug_str     0x00003f68      0x99b ./drivers/fsl_uart.o
                               0x1e62 (size before relaxing)
 .debug_str     0x00004903       0x37 ./board/board.o
                                0x6b7 (size before relaxing)
 .debug_str     0x0000493a      0x222 ./board/clock_config.o
                                0xecb (size before relaxing)
 .debug_str     0x00004b5c      0x385 ./board/pin_mux.o
                                0x94f (size before relaxing)
 .debug_str     0x00004ee1      0x101 ./CMSIS/system_MK64F12.o
                                0x405 (size before relaxing)

.comment        0x00000000       0x7f
 .comment       0x00000000       0x7f ./utilities/fsl_debug_console.o
                                 0x80 (size before relaxing)
 .comment       0x0000007f       0x80 ./utilities/fsl_io.o
 .comment       0x0000007f       0x80 ./utilities/fsl_log.o
 .comment       0x0000007f       0x80 ./utilities/fsl_str.o
 .comment       0x0000007f       0x80 ./startup/startup_mk64f12.o
 .comment       0x0000007f       0x80 ./source/i2c_interrupt_b2b_transfer_master.o
 .comment       0x0000007f       0x80 ./source/semihost_hardfault.o
 .comment       0x0000007f       0x80 ./drivers/fsl_clock.o
 .comment       0x0000007f       0x80 ./drivers/fsl_i2c.o
 .comment       0x0000007f       0x80 ./drivers/fsl_uart.o
 .comment       0x0000007f       0x80 ./board/board.o
 .comment       0x0000007f       0x80 ./board/clock_config.o
 .comment       0x0000007f       0x80 ./board/pin_mux.o
 .comment       0x0000007f       0x80 ./CMSIS/system_MK64F12.o
 .comment       0x0000007f       0x80 c:/nxp/mcuxpressoide_10.1.1_606/ide/tools/bin/../lib/gcc/arm-none-eabi/6.3.1/../../../../arm-none-eabi/lib/thumb/v7e-m/fpv4-sp/hard\libcr_nohost_nf.a(_cr__main.o)
 .comment       0x0000007f       0x80 c:/nxp/mcuxpressoide_10.1.1_606/ide/tools/bin/../lib/gcc/arm-none-eabi/6.3.1/../../../../arm-none-eabi/lib/thumb/v7e-m/fpv4-sp/hard\libcr_nohost_nf.a(_cr_assert.o)
 .comment       0x0000007f       0x80 c:/nxp/mcuxpressoide_10.1.1_606/ide/tools/bin/../lib/gcc/arm-none-eabi/6.3.1/../../../../arm-none-eabi/lib/thumb/v7e-m/fpv4-sp/hard\libcr_nohost_nf.a(__ciob.o)
 .comment       0x0000007f       0x80 c:/nxp/mcuxpressoide_10.1.1_606/ide/tools/bin/../lib/gcc/arm-none-eabi/6.3.1/../../../../arm-none-eabi/lib/thumb/v7e-m/fpv4-sp/hard\libcr_nohost_nf.a(__sys_appexit.o)
 .comment       0x0000007f       0x80 c:/nxp/mcuxpressoide_10.1.1_606/ide/tools/bin/../lib/gcc/arm-none-eabi/6.3.1/../../../../arm-none-eabi/lib/thumb/v7e-m/fpv4-sp/hard\libcr_c.a(memset.o)
 .comment       0x0000007f       0x80 c:/nxp/mcuxpressoide_10.1.1_606/ide/tools/bin/../lib/gcc/arm-none-eabi/6.3.1/../../../../arm-none-eabi/lib/thumb/v7e-m/fpv4-sp/hard\libcr_c.a(_deferredlazyseek.o)
 .comment       0x0000007f       0x80 c:/nxp/mcuxpressoide_10.1.1_606/ide/tools/bin/../lib/gcc/arm-none-eabi/6.3.1/../../../../arm-none-eabi/lib/thumb/v7e-m/fpv4-sp/hard\libcr_c.a(_fflush.o)
 .comment       0x0000007f       0x80 c:/nxp/mcuxpressoide_10.1.1_606/ide/tools/bin/../lib/gcc/arm-none-eabi/6.3.1/../../../../arm-none-eabi/lib/thumb/v7e-m/fpv4-sp/hard\libcr_c.a(_writebuf.o)
 .comment       0x0000007f       0x80 c:/nxp/mcuxpressoide_10.1.1_606/ide/tools/bin/../lib/gcc/arm-none-eabi/6.3.1/../../../../arm-none-eabi/lib/thumb/v7e-m/fpv4-sp/hard\libcr_c.a(alloc.o)
 .comment       0x0000007f       0x80 c:/nxp/mcuxpressoide_10.1.1_606/ide/tools/bin/../lib/gcc/arm-none-eabi/6.3.1/../../../../arm-none-eabi/lib/thumb/v7e-m/fpv4-sp/hard\libcr_c.a(fputs.o)
 .comment       0x0000007f       0x80 c:/nxp/mcuxpressoide_10.1.1_606/ide/tools/bin/../lib/gcc/arm-none-eabi/6.3.1/../../../../arm-none-eabi/lib/thumb/v7e-m/fpv4-sp/hard\libcr_c.a(fseek.o)
 .comment       0x0000007f       0x80 c:/nxp/mcuxpressoide_10.1.1_606/ide/tools/bin/../lib/gcc/arm-none-eabi/6.3.1/../../../../arm-none-eabi/lib/thumb/v7e-m/fpv4-sp/hard\libcr_c.a(ftell.o)
 .comment       0x0000007f       0x80 c:/nxp/mcuxpressoide_10.1.1_606/ide/tools/bin/../lib/gcc/arm-none-eabi/6.3.1/../../../../arm-none-eabi/lib/thumb/v7e-m/fpv4-sp/hard\libcr_c.a(initio.o)
 .comment       0x0000007f       0x80 c:/nxp/mcuxpressoide_10.1.1_606/ide/tools/bin/../lib/gcc/arm-none-eabi/6.3.1/../../../../arm-none-eabi/lib/thumb/v7e-m/fpv4-sp/hard\libcr_c.a(setvbuf.o)
 .comment       0x0000007f       0x80 c:/nxp/mcuxpressoide_10.1.1_606/ide/tools/bin/../lib/gcc/arm-none-eabi/6.3.1/../../../../arm-none-eabi/lib/thumb/v7e-m/fpv4-sp/hard\libcr_c.a(strlen.o)
 .comment       0x0000007f       0x80 c:/nxp/mcuxpressoide_10.1.1_606/ide/tools/bin/../lib/gcc/arm-none-eabi/6.3.1/../../../../arm-none-eabi/lib/thumb/v7e-m/fpv4-sp/hard\libcr_c.a(__init_alloc.o)
 .comment       0x0000007f       0x80 c:/nxp/mcuxpressoide_10.1.1_606/ide/tools/bin/../lib/gcc/arm-none-eabi/6.3.1/../../../../arm-none-eabi/lib/thumb/v7e-m/fpv4-sp/hard\libcr_c.a(_cr_sbrk.o)
 .comment       0x0000007f       0x80 c:/nxp/mcuxpressoide_10.1.1_606/ide/tools/bin/../lib/gcc/arm-none-eabi/6.3.1/../../../../arm-none-eabi/lib/thumb/v7e-m/fpv4-sp/hard\libcr_c.a(_fdopen.o)
 .comment       0x0000007f       0x80 c:/nxp/mcuxpressoide_10.1.1_606/ide/tools/bin/../lib/gcc/arm-none-eabi/6.3.1/../../../../arm-none-eabi/lib/thumb/v7e-m/fpv4-sp/hard\libcr_c.a(errno.o)
 .comment       0x0000007f       0x80 c:/nxp/mcuxpressoide_10.1.1_606/ide/tools/bin/../lib/gcc/arm-none-eabi/6.3.1/../../../../arm-none-eabi/lib/thumb/v7e-m/fpv4-sp/hard\libcr_c.a(fclose.o)
 .comment       0x0000007f       0x80 c:/nxp/mcuxpressoide_10.1.1_606/ide/tools/bin/../lib/gcc/arm-none-eabi/6.3.1/../../../../arm-none-eabi/lib/thumb/v7e-m/fpv4-sp/hard\libcr_c.a(fflush.o)
 .comment       0x0000007f       0x80 c:/nxp/mcuxpressoide_10.1.1_606/ide/tools/bin/../lib/gcc/arm-none-eabi/6.3.1/../../../../arm-none-eabi/lib/thumb/v7e-m/fpv4-sp/hard\libcr_c.a(remove.o)
 .comment       0x0000007f       0x80 c:/nxp/mcuxpressoide_10.1.1_606/ide/tools/bin/../lib/gcc/arm-none-eabi/6.3.1/../../../../arm-none-eabi/lib/thumb/v7e-m/fpv4-sp/hard\libcr_c.a(_cr_check_heap.o)
 .comment       0x0000007f       0x80 c:/nxp/mcuxpressoide_10.1.1_606/ide/tools/bin/../lib/gcc/arm-none-eabi/6.3.1/../../../../arm-none-eabi/lib/thumb/v7e-m/fpv4-sp/hard\libcr_c.a(_do_fflush.o)
 .comment       0x0000007f       0x80 c:/nxp/mcuxpressoide_10.1.1_606/ide/tools/bin/../lib/gcc/arm-none-eabi/6.3.1/../../../../arm-none-eabi/lib/thumb/v7e-m/fpv4-sp/hard\libcr_nohost_nf.a(__sys_close.o)
 .comment       0x0000007f       0x80 c:/nxp/mcuxpressoide_10.1.1_606/ide/tools/bin/../lib/gcc/arm-none-eabi/6.3.1/../../../../arm-none-eabi/lib/thumb/v7e-m/fpv4-sp/hard\libcr_nohost_nf.a(__sys_flen.o)
 .comment       0x0000007f       0x80 c:/nxp/mcuxpressoide_10.1.1_606/ide/tools/bin/../lib/gcc/arm-none-eabi/6.3.1/../../../../arm-none-eabi/lib/thumb/v7e-m/fpv4-sp/hard\libcr_nohost_nf.a(__sys_istty.o)
 .comment       0x0000007f       0x80 c:/nxp/mcuxpressoide_10.1.1_606/ide/tools/bin/../lib/gcc/arm-none-eabi/6.3.1/../../../../arm-none-eabi/lib/thumb/v7e-m/fpv4-sp/hard\libcr_nohost_nf.a(__sys_remove.o)
 .comment       0x0000007f       0x80 c:/nxp/mcuxpressoide_10.1.1_606/ide/tools/bin/../lib/gcc/arm-none-eabi/6.3.1/../../../../arm-none-eabi/lib/thumb/v7e-m/fpv4-sp/hard\libcr_nohost_nf.a(__sys_seek.o)
 .comment       0x0000007f       0x80 c:/nxp/mcuxpressoide_10.1.1_606/ide/tools/bin/../lib/gcc/arm-none-eabi/6.3.1/../../../../arm-none-eabi/lib/thumb/v7e-m/fpv4-sp/hard\libcr_nohost_nf.a(__sys_tmpnam.o)
 .comment       0x0000007f       0x80 c:/nxp/mcuxpressoide_10.1.1_606/ide/tools/bin/../lib/gcc/arm-none-eabi/6.3.1/../../../../arm-none-eabi/lib/thumb/v7e-m/fpv4-sp/hard\libcr_nohost_nf.a(__sys_write.o)

.ARM.attributes
                0x00000000       0x37
 .ARM.attributes
                0x00000000       0x39 ./utilities/fsl_debug_console.o
 .ARM.attributes
                0x00000039       0x39 ./utilities/fsl_io.o
 .ARM.attributes
                0x00000072       0x39 ./utilities/fsl_log.o
 .ARM.attributes
                0x000000ab       0x39 ./utilities/fsl_str.o
 .ARM.attributes
                0x000000e4       0x39 ./startup/startup_mk64f12.o
 .ARM.attributes
                0x0000011d       0x39 ./source/i2c_interrupt_b2b_transfer_master.o
 .ARM.attributes
                0x00000156       0x39 ./source/semihost_hardfault.o
 .ARM.attributes
                0x0000018f       0x39 ./drivers/fsl_clock.o
 .ARM.attributes
                0x000001c8       0x39 ./drivers/fsl_i2c.o
 .ARM.attributes
                0x00000201       0x39 ./drivers/fsl_uart.o
 .ARM.attributes
                0x0000023a       0x39 ./board/board.o
 .ARM.attributes
                0x00000273       0x39 ./board/clock_config.o
 .ARM.attributes
                0x000002ac       0x39 ./board/pin_mux.o
 .ARM.attributes
                0x000002e5       0x39 ./CMSIS/system_MK64F12.o
 .ARM.attributes
                0x0000031e       0x39 c:/nxp/mcuxpressoide_10.1.1_606/ide/tools/bin/../lib/gcc/arm-none-eabi/6.3.1/../../../../arm-none-eabi/lib/thumb/v7e-m/fpv4-sp/hard\libcr_nohost_nf.a(_cr__main.o)
 .ARM.attributes
                0x00000357       0x39 c:/nxp/mcuxpressoide_10.1.1_606/ide/tools/bin/../lib/gcc/arm-none-eabi/6.3.1/../../../../arm-none-eabi/lib/thumb/v7e-m/fpv4-sp/hard\libcr_nohost_nf.a(_cr_assert.o)
 .ARM.attributes
                0x00000390       0x39 c:/nxp/mcuxpressoide_10.1.1_606/ide/tools/bin/../lib/gcc/arm-none-eabi/6.3.1/../../../../arm-none-eabi/lib/thumb/v7e-m/fpv4-sp/hard\libcr_nohost_nf.a(__ciob.o)
 .ARM.attributes
                0x000003c9       0x39 c:/nxp/mcuxpressoide_10.1.1_606/ide/tools/bin/../lib/gcc/arm-none-eabi/6.3.1/../../../../arm-none-eabi/lib/thumb/v7e-m/fpv4-sp/hard\libcr_nohost_nf.a(__sys_appexit.o)
 .ARM.attributes
                0x00000402       0x39 c:/nxp/mcuxpressoide_10.1.1_606/ide/tools/bin/../lib/gcc/arm-none-eabi/6.3.1/../../../../arm-none-eabi/lib/thumb/v7e-m/fpv4-sp/hard\libcr_c.a(memset.o)
 .ARM.attributes
                0x0000043b       0x39 c:/nxp/mcuxpressoide_10.1.1_606/ide/tools/bin/../lib/gcc/arm-none-eabi/6.3.1/../../../../arm-none-eabi/lib/thumb/v7e-m/fpv4-sp/hard\libcr_c.a(_deferredlazyseek.o)
 .ARM.attributes
                0x00000474       0x39 c:/nxp/mcuxpressoide_10.1.1_606/ide/tools/bin/../lib/gcc/arm-none-eabi/6.3.1/../../../../arm-none-eabi/lib/thumb/v7e-m/fpv4-sp/hard\libcr_c.a(_fflush.o)
 .ARM.attributes
                0x000004ad       0x39 c:/nxp/mcuxpressoide_10.1.1_606/ide/tools/bin/../lib/gcc/arm-none-eabi/6.3.1/../../../../arm-none-eabi/lib/thumb/v7e-m/fpv4-sp/hard\libcr_c.a(_writebuf.o)
 .ARM.attributes
                0x000004e6       0x39 c:/nxp/mcuxpressoide_10.1.1_606/ide/tools/bin/../lib/gcc/arm-none-eabi/6.3.1/../../../../arm-none-eabi/lib/thumb/v7e-m/fpv4-sp/hard\libcr_c.a(alloc.o)
 .ARM.attributes
                0x0000051f       0x39 c:/nxp/mcuxpressoide_10.1.1_606/ide/tools/bin/../lib/gcc/arm-none-eabi/6.3.1/../../../../arm-none-eabi/lib/thumb/v7e-m/fpv4-sp/hard\libcr_c.a(fputs.o)
 .ARM.attributes
                0x00000558       0x39 c:/nxp/mcuxpressoide_10.1.1_606/ide/tools/bin/../lib/gcc/arm-none-eabi/6.3.1/../../../../arm-none-eabi/lib/thumb/v7e-m/fpv4-sp/hard\libcr_c.a(fseek.o)
 .ARM.attributes
                0x00000591       0x39 c:/nxp/mcuxpressoide_10.1.1_606/ide/tools/bin/../lib/gcc/arm-none-eabi/6.3.1/../../../../arm-none-eabi/lib/thumb/v7e-m/fpv4-sp/hard\libcr_c.a(ftell.o)
 .ARM.attributes
                0x000005ca       0x39 c:/nxp/mcuxpressoide_10.1.1_606/ide/tools/bin/../lib/gcc/arm-none-eabi/6.3.1/../../../../arm-none-eabi/lib/thumb/v7e-m/fpv4-sp/hard\libcr_c.a(initio.o)
 .ARM.attributes
                0x00000603       0x39 c:/nxp/mcuxpressoide_10.1.1_606/ide/tools/bin/../lib/gcc/arm-none-eabi/6.3.1/../../../../arm-none-eabi/lib/thumb/v7e-m/fpv4-sp/hard\libcr_c.a(setvbuf.o)
 .ARM.attributes
                0x0000063c       0x39 c:/nxp/mcuxpressoide_10.1.1_606/ide/tools/bin/../lib/gcc/arm-none-eabi/6.3.1/../../../../arm-none-eabi/lib/thumb/v7e-m/fpv4-sp/hard\libcr_c.a(strlen.o)
 .ARM.attributes
                0x00000675       0x39 c:/nxp/mcuxpressoide_10.1.1_606/ide/tools/bin/../lib/gcc/arm-none-eabi/6.3.1/../../../../arm-none-eabi/lib/thumb/v7e-m/fpv4-sp/hard\libcr_c.a(__init_alloc.o)
 .ARM.attributes
                0x000006ae       0x39 c:/nxp/mcuxpressoide_10.1.1_606/ide/tools/bin/../lib/gcc/arm-none-eabi/6.3.1/../../../../arm-none-eabi/lib/thumb/v7e-m/fpv4-sp/hard\libcr_c.a(_cr_sbrk.o)
 .ARM.attributes
                0x000006e7       0x39 c:/nxp/mcuxpressoide_10.1.1_606/ide/tools/bin/../lib/gcc/arm-none-eabi/6.3.1/../../../../arm-none-eabi/lib/thumb/v7e-m/fpv4-sp/hard\libcr_c.a(_fdopen.o)
 .ARM.attributes
                0x00000720       0x39 c:/nxp/mcuxpressoide_10.1.1_606/ide/tools/bin/../lib/gcc/arm-none-eabi/6.3.1/../../../../arm-none-eabi/lib/thumb/v7e-m/fpv4-sp/hard\libcr_c.a(errno.o)
 .ARM.attributes
                0x00000759       0x39 c:/nxp/mcuxpressoide_10.1.1_606/ide/tools/bin/../lib/gcc/arm-none-eabi/6.3.1/../../../../arm-none-eabi/lib/thumb/v7e-m/fpv4-sp/hard\libcr_c.a(fclose.o)
 .ARM.attributes
                0x00000792       0x39 c:/nxp/mcuxpressoide_10.1.1_606/ide/tools/bin/../lib/gcc/arm-none-eabi/6.3.1/../../../../arm-none-eabi/lib/thumb/v7e-m/fpv4-sp/hard\libcr_c.a(fflush.o)
 .ARM.attributes
                0x000007cb       0x39 c:/nxp/mcuxpressoide_10.1.1_606/ide/tools/bin/../lib/gcc/arm-none-eabi/6.3.1/../../../../arm-none-eabi/lib/thumb/v7e-m/fpv4-sp/hard\libcr_c.a(remove.o)
 .ARM.attributes
                0x00000804       0x39 c:/nxp/mcuxpressoide_10.1.1_606/ide/tools/bin/../lib/gcc/arm-none-eabi/6.3.1/../../../../arm-none-eabi/lib/thumb/v7e-m/fpv4-sp/hard\libcr_c.a(_cr_check_heap.o)
 .ARM.attributes
                0x0000083d       0x39 c:/nxp/mcuxpressoide_10.1.1_606/ide/tools/bin/../lib/gcc/arm-none-eabi/6.3.1/../../../../arm-none-eabi/lib/thumb/v7e-m/fpv4-sp/hard\libcr_c.a(_do_fflush.o)
 .ARM.attributes
                0x00000876       0x25 c:/nxp/mcuxpressoide_10.1.1_606/ide/tools/bin/../lib/gcc/arm-none-eabi/6.3.1/thumb/v7e-m/fpv4-sp/hard\libcr_eabihelpers.a(memcpy.o)
 .ARM.attributes
                0x0000089b       0x39 c:/nxp/mcuxpressoide_10.1.1_606/ide/tools/bin/../lib/gcc/arm-none-eabi/6.3.1/../../../../arm-none-eabi/lib/thumb/v7e-m/fpv4-sp/hard\libcr_nohost_nf.a(__sys_close.o)
 .ARM.attributes
                0x000008d4       0x39 c:/nxp/mcuxpressoide_10.1.1_606/ide/tools/bin/../lib/gcc/arm-none-eabi/6.3.1/../../../../arm-none-eabi/lib/thumb/v7e-m/fpv4-sp/hard\libcr_nohost_nf.a(__sys_flen.o)
 .ARM.attributes
                0x0000090d       0x39 c:/nxp/mcuxpressoide_10.1.1_606/ide/tools/bin/../lib/gcc/arm-none-eabi/6.3.1/../../../../arm-none-eabi/lib/thumb/v7e-m/fpv4-sp/hard\libcr_nohost_nf.a(__sys_istty.o)
 .ARM.attributes
                0x00000946       0x39 c:/nxp/mcuxpressoide_10.1.1_606/ide/tools/bin/../lib/gcc/arm-none-eabi/6.3.1/../../../../arm-none-eabi/lib/thumb/v7e-m/fpv4-sp/hard\libcr_nohost_nf.a(__sys_remove.o)
 .ARM.attributes
                0x0000097f       0x39 c:/nxp/mcuxpressoide_10.1.1_606/ide/tools/bin/../lib/gcc/arm-none-eabi/6.3.1/../../../../arm-none-eabi/lib/thumb/v7e-m/fpv4-sp/hard\libcr_nohost_nf.a(__sys_seek.o)
 .ARM.attributes
                0x000009b8       0x39 c:/nxp/mcuxpressoide_10.1.1_606/ide/tools/bin/../lib/gcc/arm-none-eabi/6.3.1/../../../../arm-none-eabi/lib/thumb/v7e-m/fpv4-sp/hard\libcr_nohost_nf.a(__sys_tmpnam.o)
 .ARM.attributes
                0x000009f1       0x39 c:/nxp/mcuxpressoide_10.1.1_606/ide/tools/bin/../lib/gcc/arm-none-eabi/6.3.1/../../../../arm-none-eabi/lib/thumb/v7e-m/fpv4-sp/hard\libcr_nohost_nf.a(__sys_write.o)

.debug_frame    0x00000000     0x245c
 .debug_frame   0x00000000      0x150 ./utilities/fsl_debug_console.o
 .debug_frame   0x00000150       0xe0 ./utilities/fsl_io.o
 .debug_frame   0x00000230      0x120 ./utilities/fsl_log.o
 .debug_frame   0x00000350       0xb4 ./utilities/fsl_str.o
 .debug_frame   0x00000404      0x904 ./startup/startup_mk64f12.o
 .debug_frame   0x00000d08       0x58 ./source/i2c_interrupt_b2b_transfer_master.o
 .debug_frame   0x00000d60       0x20 ./source/semihost_hardfault.o
 .debug_frame   0x00000d80      0x820 ./drivers/fsl_clock.o
 .debug_frame   0x000015a0      0x694 ./drivers/fsl_i2c.o
 .debug_frame   0x00001c34      0x5ec ./drivers/fsl_uart.o
 .debug_frame   0x00002220       0x34 ./board/board.o
 .debug_frame   0x00002254      0x108 ./board/clock_config.o
 .debug_frame   0x0000235c       0xa8 ./board/pin_mux.o
 .debug_frame   0x00002404       0x58 ./CMSIS/system_MK64F12.o
