20:09:50 **** Incremental Build of configuration Debug for project frdmk64f_freertos_i2crtos_examples_freertos_i2c ****
make -r -j4 all 
Building file: ../source/freertos_i2c.c
Invoking: MCU C Compiler
arm-none-eabi-gcc -std=gnu99 -D__REDLIB__ -DPRINTF_FLOAT_ENABLE=0 -DFRDM_K64F -DFSL_RTOS_FREE_RTOS -DCR_INTEGER_PRINTF -DFREEDOM -DSDK_DEBUGCONSOLE=1 -D__MCUXPRESSO -D__USE_CMSIS -DDEBUG -DSDK_OS_FREE_RTOS -DCPU_MK64FN1M0VLL12 -DCPU_MK64FN1M0VLL12_cm4 -I"C:\i2c\SEBM2_i2c\frdmk64f_freertos_i2crtos_examples_freertos_i2c\board" -I"C:\i2c\SEBM2_i2c\frdmk64f_freertos_i2crtos_examples_freertos_i2c\source" -I"C:\i2c\SEBM2_i2c\frdmk64f_freertos_i2crtos_examples_freertos_i2c" -I"C:\i2c\SEBM2_i2c\frdmk64f_freertos_i2crtos_examples_freertos_i2c\drivers" -I"C:\i2c\SEBM2_i2c\frdmk64f_freertos_i2crtos_examples_freertos_i2c\CMSIS" -I"C:\i2c\SEBM2_i2c\frdmk64f_freertos_i2crtos_examples_freertos_i2c\utilities" -I"C:\i2c\SEBM2_i2c\frdmk64f_freertos_i2crtos_examples_freertos_i2c\startup" -I"C:\i2c\SEBM2_i2c\frdmk64f_freertos_i2crtos_examples_freertos_i2c\drivers\freertos" -I"C:\i2c\SEBM2_i2c\frdmk64f_freertos_i2crtos_examples_freertos_i2c\freertos\include" -I"C:\i2c\SEBM2_i2c\frdmk64f_freertos_i2crtos_examples_freertos_i2c\freertos\portable" -O0 -fno-common -g -Wall -c  -ffunction-sections  -fdata-sections  -ffreestanding  -fno-builtin -mcpu=cortex-m4 -mfpu=fpv4-sp-d16 -mfloat-abi=hard -mthumb -D__REDLIB__ -specs=redlib.specs -MMD -MP -MF"source/freertos_i2c.d" -MT"source/freertos_i2c.o" -MT"source/freertos_i2c.d" -o "source/freertos_i2c.o" "../source/freertos_i2c.c"
Finished building: ../source/freertos_i2c.c
 
Building target: frdmk64f_freertos_i2crtos_examples_freertos_i2c.axf
Invoking: MCU Linker
arm-none-eabi-gcc -nostdlib -Xlinker -print-memory-usage -Xlinker --gc-sections -Xlinker -Map="frdmk64f_freertos_i2crtos_examples_freertos_i2c.map" -mcpu=cortex-m4 -mfpu=fpv4-sp-d16 -mfloat-abi=hard -mthumb -T frdmk64f_freertos_i2crtos_examples_freertos_i2c_Debug.ld -o "frdmk64f_freertos_i2crtos_examples_freertos_i2c.axf"  ./utilities/fsl_assert.o ./utilities/fsl_debug_console.o ./utilities/fsl_io.o ./utilities/fsl_log.o ./utilities/fsl_str.o  ./startup/startup_mk64f12.o  ./source/freertos_i2c.o ./source/semihost_hardfault.o  ./freertos/source/croutine.o ./freertos/source/event_groups.o ./freertos/source/list.o ./freertos/source/queue.o ./freertos/source/tasks.o ./freertos/source/timers.o  ./freertos/portable/fsl_tickless_systick.o ./freertos/portable/heap_4.o ./freertos/portable/port.o  ./drivers/freertos/fsl_i2c_freertos.o  ./drivers/fsl_clock.o ./drivers/fsl_common.o ./drivers/fsl_flash.o ./drivers/fsl_gpio.o ./drivers/fsl_i2c.o ./drivers/fsl_smc.o ./drivers/fsl_uart.o  ./board/board.o ./board/clock_config.o ./board/peripherals.o ./board/pin_mux.o  ./CMSIS/system_MK64F12.o   
Memory region         Used Size  Region Size  %age Used
   PROGRAM_FLASH:       29368 B         1 MB      2.80%
      SRAM_UPPER:       19184 B       192 KB      9.76%
      SRAM_LOWER:          0 GB        64 KB      0.00%
        FLEX_RAM:          0 GB         4 KB      0.00%
Finished building target: frdmk64f_freertos_i2crtos_examples_freertos_i2c.axf
 
make --no-print-directory post-build
Performing post-build steps
arm-none-eabi-size "frdmk64f_freertos_i2crtos_examples_freertos_i2c.axf"; # arm-none-eabi-objcopy -v -O binary "frdmk64f_freertos_i2crtos_examples_freertos_i2c.axf" "frdmk64f_freertos_i2crtos_examples_freertos_i2c.bin" ; # checksum -p MK64FN1M0xxx12 -d "frdmk64f_freertos_i2crtos_examples_freertos_i2c.bin";
   text	   data	    bss	    dec	    hex	filename
  29352	     16	  19168	  48536	   bd98	frdmk64f_freertos_i2crtos_examples_freertos_i2c.axf
 
20:09:55 **** Incremental Build of configuration Debug for project frdmk64f_freertos_i2crtos_examples_freertos_i2c ****
make -r -j4 all 
make: Nothing to be done for `all'.
20:09:57 **** Incremental Build of configuration Debug for project frdmk64f_freertos_i2crtos_examples_freertos_i2c ****
make -r -j4 all 
make: Nothing to be done for `all'.
