21:08:47 **** Incremental Build of configuration Debug for project p1 ****
make -r -j8 all 
Building file: ../source/p1.c
Invoking: MCU C Compiler
arm-none-eabi-gcc -D__REDLIB__ -DPRINTF_FLOAT_ENABLE=0 -D__USE_CMSIS -DCR_INTEGER_PRINTF -DSDK_DEBUGCONSOLE=1 -D__MCUXPRESSO -DDEBUG -DSDK_OS_FREE_RTOS -DFSL_RTOS_FREE_RTOS -DCPU_MK64FN1M0VLL12 -DCPU_MK64FN1M0VLL12_cm4 -I"C:\i2c\p1\board" -I"C:\i2c\p1\source" -I"C:\i2c\p1" -I"C:\i2c\p1\freertos\include" -I"C:\i2c\p1\freertos\portable" -I"C:\i2c\p1\drivers" -I"C:\i2c\p1\CMSIS" -I"C:\i2c\p1\utilities" -I"C:\i2c\p1\startup" -O0 -fno-common -g3 -Wall -c -fmessage-length=0 -mcpu=cortex-m4 -mfpu=fpv4-sp-d16 -mfloat-abi=hard -mthumb -D__REDLIB__ -specs=redlib.specs -MMD -MP -MF"source/p1.d" -MT"source/p1.o" -MT"source/p1.d" -o "source/p1.o" "../source/p1.c"
../source/p1.c: In function 'Read_RTC':
../source/p1.c:138:19: warning: 'buffer' is used uninitialized in this function [-Wuninitialized]
   masterXfer.data = buffer;
   ~~~~~~~~~~~~~~~~^~~~~~~~
Finished building: ../source/p1.c
 
Building target: p1.axf
Invoking: MCU Linker
arm-none-eabi-gcc -nostdlib -Xlinker -print-memory-usage -Xlinker --gc-sections -Xlinker -Map="p1.map" -mcpu=cortex-m4 -mfpu=fpv4-sp-d16 -mfloat-abi=hard -mthumb -T p1_Debug.ld -o "p1.axf"  ./utilities/fsl_debug_console.o ./utilities/fsl_io.o ./utilities/fsl_log.o ./utilities/fsl_str.o  ./startup/startup_mk64f12.o  ./source/p1.o ./source/semihost_hardfault.o  ./freertos/source/croutine.o ./freertos/source/event_groups.o ./freertos/source/list.o ./freertos/source/queue.o ./freertos/source/tasks.o ./freertos/source/timers.o  ./freertos/portable/fsl_tickless_systick.o ./freertos/portable/heap_4.o ./freertos/portable/port.o  ./drivers/fsl_clock.o ./drivers/fsl_common.o ./drivers/fsl_dspi.o ./drivers/fsl_flash.o ./drivers/fsl_gpio.o ./drivers/fsl_i2c.o ./drivers/fsl_smc.o ./drivers/fsl_uart.o  ./board/board.o ./board/clock_config.o ./board/peripherals.o ./board/pin_mux.o  ./CMSIS/system_MK64F12.o   
Memory region         Used Size  Region Size  %age Used
   PROGRAM_FLASH:       67088 B         1 MB      6.40%
      SRAM_UPPER:       19376 B       192 KB      9.86%
      SRAM_LOWER:          0 GB        64 KB      0.00%
        FLEX_RAM:          0 GB         4 KB      0.00%
Finished building target: p1.axf
 
make --no-print-directory post-build
Performing post-build steps
arm-none-eabi-size "p1.axf"; # arm-none-eabi-objcopy -v -O binary "p1.axf" "p1.bin" ; # checksum -p MK64FN1M0xxx12 -d "p1.bin";
   text	   data	    bss	    dec	    hex	filename
  67072	     16	  19360	  86448	  151b0	p1.axf
 

21:08:50 Build Finished (took 3s.80ms)

